11-20 22:10:56.510  1776  1776 D NotificationService: 0|com.github.kr328.clash|2131296553|null|10130: updating permissions
11-20 22:10:56.510  1776  1776 D NotificationService: 0|com.github.kr328.clash|2131296553|null|10130: updating permissions
11-20 22:10:56.510  1776  1776 D NotificationService: 0|com.github.kr328.clash|2131296553|null|10130: updating permissions
11-20 22:10:56.510  1776  1776 D NotificationService: 0|com.github.kr328.clash|2131296553|null|10130: updating permissions
11-20 22:10:57.307  1776  1776 D NotificationService: EnqueueNotificationRunnable.run for: 0|com.github.kr328.clash|2131296553|null|10130
11-20 22:10:57.510  1776  1776 D NotificationService: 0|com.github.kr328.clash|2131296553|null|10130: updating permissions
11-20 22:10:57.510  1776  1776 D NotificationService: 0|com.github.kr328.clash|2131296553|null|10130: updating permissions
11-20 22:10:57.510  1776  1776 D NotificationService: 0|com.github.kr328.clash|2131296553|null|10130: updating permissions
11-20 22:10:57.510  1776  1776 D NotificationService: 0|com.github.kr328.clash|2131296553|null|10130: updating permissions
11-20 22:10:57.510  1776  1776 D NotificationService: 0|com.github.kr328.clash|2131296553|null|10130: updating permissions
11-20 22:10:57.510  1776  1776 D NotificationService: 0|com.github.kr328.clash|2131296553|null|10130: updating permissions
11-20 22:10:57.510  1776  1776 D NotificationService: 0|com.github.kr328.clash|2131296553|null|10130: updating permissions
11-20 22:10:57.510  1776  1776 D NotificationService: 0|com.github.kr328.clash|2131296553|null|10130: updating permissions
11-20 22:10:57.647  1776  5541 I ActivityTaskManager: START u0 {act=android.settings.APPLICATION_DETAILS_SETTINGS dat=package:com.pluscubed.matlog flg=0x10008000 cmp=com.android.settings/.applications.InstalledAppDetails bnds=[460,565][604,709] (has extras)} from uid 10325
11-20 22:10:57.649  1776  5541 W ActivityTaskManager: Can't find TaskDisplayArea to determine support for multi window. Task id=843 attached=false
11-20 22:10:57.650  1776  5541 D CompatibilityChangeReporter: Compat change id reported: 174042980; UID 1000; state: DISABLED
11-20 22:10:57.651  1776  5541 D CompatibilityChangeReporter: Compat change id reported: 168419799; UID 1000; state: DISABLED
11-20 22:10:57.661  1776 14452 W ActivityTaskManager: Tried to set launchTime (0) < mLastActivityLaunchTime (191435)
11-20 22:10:57.908  1776  3220 D IntervalStats: Unable to parse usage stats packages: [144, 145, 146, 148, 150, 160, 167, 171, 178, 181, 183, 191, 202, 203, 226, 259, 265, 267, 269, 271, 273, 274]
11-20 22:10:57.968  1776  3220 D IntervalStats: Unable to parse usage stats packages: [144, 160, 167, 178, 203, 265, 269, 273, 278, 307]
11-20 22:10:58.017  1776  3220 D IntervalStats: Unable to parse usage stats packages: [144, 160, 178, 203, 265, 269, 271, 307, 323, 328, 330]
11-20 22:10:58.053  1776  3220 D IntervalStats: Unable to parse usage stats packages: [144, 178, 203, 271, 307]
11-20 22:10:58.084  1776  3220 D IntervalStats: Unable to parse usage stats packages: [178, 203, 340]
11-20 22:10:58.138  1776  1776 W ActivityManager: Receiver with filter android.content.IntentFilter@2369ac8 already registered for pid 1776, callerPackage is android
11-20 22:10:58.257  1776  3220 D IntervalStats: Unable to parse usage stats packages: [144, 145, 146, 148, 150, 160, 167, 171, 178, 181, 183, 191, 202, 203, 226, 259, 265, 267, 269, 271, 273, 274]
11-20 22:10:58.306  1776  1776 D NotificationService: EnqueueNotificationRunnable.run for: 0|com.github.kr328.clash|2131296553|null|10130
11-20 22:10:58.350  1776  3220 D IntervalStats: Unable to parse usage stats packages: [144, 160, 167, 178, 203, 265, 269, 273, 278, 307]
11-20 22:10:58.405  1776  3220 D IntervalStats: Unable to parse usage stats packages: [144, 160, 178, 203, 265, 269, 271, 307, 323, 328, 330]
11-20 22:10:58.450  1776  3220 D IntervalStats: Unable to parse usage stats packages: [144, 178, 203, 271, 307]
11-20 22:10:58.510  1776  1776 D NotificationService: 0|com.github.kr328.clash|2131296553|null|10130: updating permissions
11-20 22:10:58.510  1776  1776 D NotificationService: 0|com.github.kr328.clash|2131296553|null|10130: updating permissions
11-20 22:10:58.511  1776  1776 D NotificationService: 0|com.github.kr328.clash|2131296553|null|10130: updating permissions
11-20 22:10:58.511  1776  1776 D NotificationService: 0|com.github.kr328.clash|2131296553|null|10130: updating permissions
11-20 22:10:58.511  1776  1776 D NotificationService: 0|com.github.kr328.clash|2131296553|null|10130: updating permissions
11-20 22:10:58.511  1776  1776 D NotificationService: 0|com.github.kr328.clash|2131296553|null|10130: updating permissions
11-20 22:10:58.511  1776  1776 D NotificationService: 0|com.github.kr328.clash|2131296553|null|10130: updating permissions
11-20 22:10:58.511  1776  1776 D NotificationService: 0|com.github.kr328.clash|2131296553|null|10130: updating permissions
11-20 22:10:58.514  1776  3220 D IntervalStats: Unable to parse usage stats packages: [178, 203, 340]
11-20 22:10:58.641  1776  2236 W ProcessStats: Tracking association SourceState{dd8505 system/1000 BTopFgs #8380} whose proc state 2 is better than process ProcessState{3b7595a com.github.kr328.clash:background/10130 pkg=com.github.kr328.clash} proc state 3 (386 skipped)
11-20 22:10:58.782  1776  1776 D NotificationService: EnqueueNotificationRunnable.run for: 0|com.omarea.scene|256|null|10289
11-20 22:10:58.985  1776  1776 D NotificationService: 0|com.omarea.scene|256|null|10289: updating permissions
11-20 22:10:58.985  1776  1776 D NotificationService: 0|com.omarea.scene|256|null|10289: updating permissions
11-20 22:10:58.985  1776  1776 D NotificationService: 0|com.omarea.scene|256|null|10289: updating permissions
11-20 22:10:58.985  1776  1776 D NotificationService: 0|com.omarea.scene|256|null|10289: updating permissions
11-20 22:10:58.985  1776  1776 D NotificationService: 0|com.omarea.scene|256|null|10289: updating permissions
11-20 22:10:58.985  1776  1776 D NotificationService: 0|com.omarea.scene|256|null|10289: updating permissions
11-20 22:10:58.985  1776  1776 D NotificationService: 0|com.omarea.scene|256|null|10289: updating permissions
11-20 22:10:58.985  1776  1776 D NotificationService: 0|com.omarea.scene|256|null|10289: updating permissions
11-20 22:10:59.307  1776  1776 D NotificationService: EnqueueNotificationRunnable.run for: 0|com.github.kr328.clash|2131296553|null|10130
11-20 22:10:59.510  1776  1776 D NotificationService: 0|com.github.kr328.clash|2131296553|null|10130: updating permissions
11-20 22:10:59.510  1776  1776 D NotificationService: 0|com.github.kr328.clash|2131296553|null|10130: updating permissions
11-20 22:10:59.510  1776  1776 D NotificationService: 0|com.github.kr328.clash|2131296553|null|10130: updating permissions
11-20 22:10:59.510  1776  1776 D NotificationService: 0|com.github.kr328.clash|2131296553|null|10130: updating permissions
11-20 22:10:59.510  1776  1776 D NotificationService: 0|com.github.kr328.clash|2131296553|null|10130: updating permissions
11-20 22:10:59.510  1776  1776 D NotificationService: 0|com.github.kr328.clash|2131296553|null|10130: updating permissions
11-20 22:10:59.510  1776  1776 D NotificationService: 0|com.github.kr328.clash|2131296553|null|10130: updating permissions
11-20 22:10:59.510  1776  1776 D NotificationService: 0|com.github.kr328.clash|2131296553|null|10130: updating permissions
11-20 22:10:59.646  1776  3220 I ActivityManager: Force stopping com.pluscubed.matlog appid=10331 user=0: from pid 27665
11-20 22:10:59.647  1776  3220 I ActivityManager: Killing 26552:com.pluscubed.matlog/u0a331 (adj 700): stop com.pluscubed.matlog due to from pid 27665
11-20 22:10:59.652  1776  3220 W ActivityTaskManager: Force removing ActivityRecord{aaf3df7 u0 com.pluscubed.matlog/com.pluscubed.logcat.ui.LogcatActivity t840 f}}: app died, no saved state
11-20 22:10:59.661  1776  2213 W ActivityTaskManager: Can't find TaskDisplayArea to determine support for multi window. Task id=840 attached=false
11-20 22:10:59.661  1776  2213 W ActivityTaskManager: Can't find TaskDisplayArea to determine support for multi window. Task id=840 attached=false
11-20 22:10:59.666  1776  1776 I NotificationService: action=android.intent.action.PACKAGE_RESTARTED removing=false
11-20 22:10:59.694  1776  2236 W UsageStatsService: Unexpected activity event reported! (com.pluscubed.matlog/com.pluscubed.logcat.ui.LogcatActivity event : 23 instanceId : 33677969)
11-20 22:10:59.708  1776 18737 V ActivityManager: Got obituary of 26552:com.pluscubed.matlog
11-20 22:10:59.712  1776  2032 W WindowManager: Cannot find window which accessibility connection is added to
11-20 22:10:59.715  1776  1776 I NotificationService: action=android.intent.action.QUERY_PACKAGE_RESTART removing=false
11-20 22:10:59.716  1776  2212 W ActivityManager: setHasOverlayUi called on unknown pid: 26552
11-20 22:10:59.808  1776  2032 D IntervalStats: Unable to parse usage stats packages: [144, 145, 146, 148, 150, 160, 167, 171, 178, 181, 183, 191, 202, 203, 226, 259, 265, 267, 269, 271, 273, 274]
11-20 22:10:59.868  1776  2032 D IntervalStats: Unable to parse usage stats packages: [144, 160, 167, 178, 203, 265, 269, 273, 278, 307]
11-20 22:10:59.915  1776  2032 D IntervalStats: Unable to parse usage stats packages: [144, 160, 178, 203, 265, 269, 271, 307, 323, 328, 330]
11-20 22:10:59.951  1776  2032 D IntervalStats: Unable to parse usage stats packages: [144, 178, 203, 271, 307]
11-20 22:10:59.983  1776  2032 D IntervalStats: Unable to parse usage stats packages: [178, 203, 340]
11-20 22:11:00.064  1776  1776 I NotificationService: action=android.intent.action.QUERY_PACKAGE_RESTART removing=false
11-20 22:11:00.086  1776  1776 I NotificationService: action=android.intent.action.QUERY_PACKAGE_RESTART removing=false
11-20 22:11:00.161  1776  7609 D IntervalStats: Unable to parse usage stats packages: [144, 145, 146, 148, 150, 160, 167, 171, 178, 181, 183, 191, 202, 203, 226, 259, 265, 267, 269, 271, 273, 274]
11-20 22:11:00.210  1776  2208 W Looper  : Slow dispatch took 105ms android.fg h=android.os.Handler c=android.app.LoadedApk$ReceiverDispatcher$Args$$ExternalSyntheticLambda0@e9a5c7e m=0
11-20 22:11:00.219  1776  7609 D IntervalStats: Unable to parse usage stats packages: [144, 160, 167, 178, 203, 265, 269, 273, 278, 307]
11-20 22:11:00.265  1776  7609 D IntervalStats: Unable to parse usage stats packages: [144, 160, 178, 203, 265, 269, 271, 307, 323, 328, 330]
11-20 22:11:00.300  1776  7609 D IntervalStats: Unable to parse usage stats packages: [144, 178, 203, 271, 307]
11-20 22:11:00.307  1776  1776 D NotificationService: EnqueueNotificationRunnable.run for: 0|com.github.kr328.clash|2131296553|null|10130
11-20 22:11:00.331  1776  7609 D IntervalStats: Unable to parse usage stats packages: [178, 203, 340]
11-20 22:11:00.497  1776  1776 I NotificationService: action=android.intent.action.QUERY_PACKAGE_RESTART removing=false
11-20 22:11:00.509  1776  1776 D NotificationService: 0|com.github.kr328.clash|2131296553|null|10130: updating permissions
11-20 22:11:00.510  1776  1776 D NotificationService: 0|com.github.kr328.clash|2131296553|null|10130: updating permissions
11-20 22:11:00.510  1776  1776 D NotificationService: 0|com.github.kr328.clash|2131296553|null|10130: updating permissions
11-20 22:11:00.510  1776  1776 D NotificationService: 0|com.github.kr328.clash|2131296553|null|10130: updating permissions
11-20 22:11:00.510  1776  1776 D NotificationService: 0|com.github.kr328.clash|2131296553|null|10130: updating permissions
11-20 22:11:00.510  1776  1776 D NotificationService: 0|com.github.kr328.clash|2131296553|null|10130: updating permissions
11-20 22:11:00.510  1776  1776 D NotificationService: 0|com.github.kr328.clash|2131296553|null|10130: updating permissions
11-20 22:11:00.510  1776  1776 D NotificationService: 0|com.github.kr328.clash|2131296553|null|10130: updating permissions
11-20 22:11:01.309  1776  1776 D NotificationService: EnqueueNotificationRunnable.run for: 0|com.github.kr328.clash|2131296553|null|10130
11-20 22:11:01.430  1776  7552 I ActivityTaskManager: START u0 {act=android.intent.action.MAIN cat=[android.intent.category.LAUNCHER] flg=0x10000000 pkg=com.pluscubed.matlog cmp=com.pluscubed.matlog/com.pluscubed.logcat.ui.LogcatActivity} from uid 1000
11-20 22:11:01.431  1776  7552 W ActivityTaskManager: Can't find TaskDisplayArea to determine support for multi window. Task id=844 attached=false
11-20 22:11:01.444  1776  2212 D CompatibilityChangeReporter: Compat change id reported: 135634846; UID 10331; state: DISABLED
11-20 22:11:01.445  1776  2212 D CompatibilityChangeReporter: Compat change id reported: 177438394; UID 10331; state: DISABLED
11-20 22:11:01.445  1776  2212 D CompatibilityChangeReporter: Compat change id reported: 135772972; UID 10331; state: DISABLED
11-20 22:11:01.445  1776  2212 D CompatibilityChangeReporter: Compat change id reported: 135754954; UID 10331; state: DISABLED
11-20 22:11:01.445  1776  2239 D CompatibilityChangeReporter: Compat change id reported: 143937733; UID 10331; state: DISABLED
11-20 22:11:01.459  1776  2239 I ActivityManager: Start proc 28815:com.pluscubed.matlog/u0a331 for pre-top-activity {com.pluscubed.matlog/com.pluscubed.logcat.ui.LogcatActivity}
11-20 22:11:01.512  1776  1776 D NotificationService: 0|com.github.kr328.clash|2131296553|null|10130: updating permissions
11-20 22:11:01.512  1776  1776 D NotificationService: 0|com.github.kr328.clash|2131296553|null|10130: updating permissions
11-20 22:11:01.512  1776  1776 D NotificationService: 0|com.github.kr328.clash|2131296553|null|10130: updating permissions
11-20 22:11:01.512  1776  1776 D NotificationService: 0|com.github.kr328.clash|2131296553|null|10130: updating permissions
11-20 22:11:01.512  1776  1776 D NotificationService: 0|com.github.kr328.clash|2131296553|null|10130: updating permissions
11-20 22:11:01.512  1776  1776 D NotificationService: 0|com.github.kr328.clash|2131296553|null|10130: updating permissions
11-20 22:11:01.512  1776  1776 D NotificationService: 0|com.github.kr328.clash|2131296553|null|10130: updating permissions
11-20 22:11:01.512  1776  1776 D NotificationService: 0|com.github.kr328.clash|2131296553|null|10130: updating permissions
11-20 22:11:01.767  1776 18737 D CompatibilityChangeReporter: Compat change id reported: 149924527; UID 10331; state: ENABLED
11-20 22:11:01.768  1776 18737 D CompatibilityChangeReporter: Compat change id reported: 132649864; UID 10331; state: DISABLED
11-20 22:11:01.816  1776  2213 D CompatibilityChangeReporter: Compat change id reported: 158002302; UID 10331; state: ENABLED
11-20 22:11:01.973  1776  1776 D NotificationService: EnqueueNotificationRunnable.run for: 0|com.omarea.scene|256|null|10289
11-20 22:11:02.145  1776  2032 I NotificationService: enqueueToast pkg=com.topjohnwu.magisk token=android.os.BinderProxy@abe1013 duration=0 displayId=0
11-20 22:11:02.156  1776  2032 D NotificationService: Show pkg=com.topjohnwu.magisk text=MatLog 
11-20 22:11:02.157  1776  7552 I NotificationService: enqueueToast pkg=com.topjohnwu.magisk token=android.os.BinderProxy@c7a794e duration=0 displayId=0
11-20 22:11:02.174  1776  1776 D NotificationService: 0|com.omarea.scene|256|null|10289: updating permissions
11-20 22:11:02.174  1776  1776 D NotificationService: 0|com.omarea.scene|256|null|10289: updating permissions
11-20 22:11:02.174  1776  1776 D NotificationService: 0|com.omarea.scene|256|null|10289: updating permissions
11-20 22:11:02.174  1776  1776 D NotificationService: 0|com.omarea.scene|256|null|10289: updating permissions
11-20 22:11:02.174  1776  1776 D NotificationService: 0|com.omarea.scene|256|null|10289: updating permissions
11-20 22:11:02.174  1776  1776 D NotificationService: 0|com.omarea.scene|256|null|10289: updating permissions
11-20 22:11:02.174  1776  1776 D NotificationService: 0|com.omarea.scene|256|null|10289: updating permissions
11-20 22:11:02.174  1776  1776 D NotificationService: 0|com.omarea.scene|256|null|10289: updating permissions
11-20 22:11:02.302  1776  1776 D NotificationService: EnqueueNotificationRunnable.run for: 0|com.omarea.scene|256|null|10289
11-20 22:11:02.307  1776  1776 D NotificationService: EnqueueNotificationRunnable.run for: 0|com.github.kr328.clash|2131296553|null|10130
11-20 22:11:02.447  1776  1776 D CompatibilityChangeReporter: Compat change id reported: 175319604; UID 1000; state: ENABLED
11-20 22:11:02.447  1776  1776 D CompatibilityChangeReporter: Compat change id reported: 175319604; UID 1000; state: DISABLED
11-20 22:11:02.450  1776  1776 D NotificationService: 0|com.tencent.mobileqq|514|null|10369: updating permissions
11-20 22:11:02.462  1776  1776 D NotificationService: EnqueueNotificationRunnable.run for: 0|com.tencent.mobileqq|514|null|10369
11-20 22:11:02.463  1776 14452 D CompatibilityChangeReporter: Compat change id reported: 157233955; UID 10369; state: DISABLED
11-20 22:11:02.504  1776  1776 D NotificationService: 0|com.omarea.scene|256|null|10289: updating permissions
11-20 22:11:02.504  1776  1776 D NotificationService: 0|com.omarea.scene|256|null|10289: updating permissions
11-20 22:11:02.504  1776  1776 D NotificationService: 0|com.omarea.scene|256|null|10289: updating permissions
11-20 22:11:02.504  1776  1776 D NotificationService: 0|com.omarea.scene|256|null|10289: updating permissions
11-20 22:11:02.504  1776  1776 D NotificationService: 0|com.omarea.scene|256|null|10289: updating permissions
11-20 22:11:02.504  1776  1776 D NotificationService: 0|com.omarea.scene|256|null|10289: updating permissions
11-20 22:11:02.504  1776  1776 D NotificationService: 0|com.omarea.scene|256|null|10289: updating permissions
11-20 22:11:02.504  1776  1776 D NotificationService: 0|com.omarea.scene|256|null|10289: updating permissions
11-20 22:11:02.510  1776  1776 D NotificationService: 0|com.github.kr328.clash|2131296553|null|10130: updating permissions
11-20 22:11:02.510  1776  1776 D NotificationService: 0|com.github.kr328.clash|2131296553|null|10130: updating permissions
11-20 22:11:02.510  1776  1776 D NotificationService: 0|com.github.kr328.clash|2131296553|null|10130: updating permissions
11-20 22:11:02.510  1776  1776 D NotificationService: 0|com.github.kr328.clash|2131296553|null|10130: updating permissions
11-20 22:11:02.510  1776  1776 D NotificationService: 0|com.github.kr328.clash|2131296553|null|10130: updating permissions
11-20 22:11:02.510  1776  1776 D NotificationService: 0|com.github.kr328.clash|2131296553|null|10130: updating permissions
11-20 22:11:02.510  1776  1776 D NotificationService: 0|com.github.kr328.clash|2131296553|null|10130: updating permissions
11-20 22:11:02.510  1776  1776 D NotificationService: 0|com.github.kr328.clash|2131296553|null|10130: updating permissions
11-20 22:11:02.664  1776  1776 D NotificationService: 0|com.tencent.mobileqq|514|null|10369: updating permissions
11-20 22:11:02.664  1776  1776 D NotificationService: 0|com.tencent.mobileqq|514|null|10369: updating permissions
11-20 22:11:02.664  1776  1776 D NotificationService: 0|com.tencent.mobileqq|514|null|10369: updating permissions
11-20 22:11:02.664  1776  1776 D NotificationService: 0|com.tencent.mobileqq|514|null|10369: updating permissions
11-20 22:11:02.664  1776  1776 D NotificationService: 0|com.tencent.mobileqq|514|null|10369: updating permissions
11-20 22:11:02.664  1776  1776 D NotificationService: 0|com.tencent.mobileqq|514|null|10369: updating permissions
11-20 22:11:02.664  1776  1776 D NotificationService: 0|com.tencent.mobileqq|514|null|10369: updating permissions
11-20 22:11:02.664  1776  1776 D NotificationService: 0|com.tencent.mobileqq|514|null|10369: updating permissions
11-20 22:11:02.665  1776  1776 I NotificationHistory: History disabled for user 0
11-20 22:11:02.665  1776  1776 W NotificationHistory: Attempted to add notif for locked/gone/disabled user 0
11-20 22:11:02.901  1776  1776 W ActivityManager: Receiver with filter android.content.IntentFilter@d8318e5 already registered for pid 1776, callerPackage is android
11-20 22:11:02.902  1776  1776 D CompatibilityChangeReporter: Compat change id reported: 171306433; UID 1000; state: ENABLED
11-20 22:11:03.307  1776  1776 D NotificationService: EnqueueNotificationRunnable.run for: 0|com.github.kr328.clash|2131296553|null|10130
11-20 22:11:03.508  1776  1776 D NotificationService: 0|com.github.kr328.clash|2131296553|null|10130: updating permissions
11-20 22:11:03.508  1776  1776 D NotificationService: 0|com.github.kr328.clash|2131296553|null|10130: updating permissions
11-20 22:11:03.508  1776  1776 D NotificationService: 0|com.github.kr328.clash|2131296553|null|10130: updating permissions
11-20 22:11:03.508  1776  1776 D NotificationService: 0|com.github.kr328.clash|2131296553|null|10130: updating permissions
11-20 22:11:03.509  1776  1776 D NotificationService: 0|com.github.kr328.clash|2131296553|null|10130: updating permissions
11-20 22:11:03.509  1776  1776 D NotificationService: 0|com.github.kr328.clash|2131296553|null|10130: updating permissions
11-20 22:11:03.509  1776  1776 D NotificationService: 0|com.github.kr328.clash|2131296553|null|10130: updating permissions
11-20 22:11:03.509  1776  1776 D NotificationService: 0|com.github.kr328.clash|2131296553|null|10130: updating permissions
11-20 22:11:03.596  1776  1776 W ActivityManager: Receiver with filter android.content.IntentFilter@8858fba already registered for pid 1776, callerPackage is android
11-20 22:11:04.310  1776  1776 D NotificationService: EnqueueNotificationRunnable.run for: 0|com.github.kr328.clash|2131296553|null|10130
11-20 22:11:04.489  1776  1776 D NotificationService: Timeout pkg=com.topjohnwu.magisk token=android.os.BinderProxy@abe1013
11-20 22:11:04.492  1776  1776 D NotificationService: Show pkg=com.topjohnwu.magisk text=MatLog 
11-20 22:11:04.513  1776  1776 D NotificationService: 0|com.github.kr328.clash|2131296553|null|10130: updating permissions
11-20 22:11:04.513  1776  1776 D NotificationService: 0|com.github.kr328.clash|2131296553|null|10130: updating permissions
11-20 22:11:04.513  1776  1776 D NotificationService: 0|com.github.kr328.clash|2131296553|null|10130: updating permissions
11-20 22:11:04.513  1776  1776 D NotificationService: 0|com.github.kr328.clash|2131296553|null|10130: updating permissions
11-20 22:11:04.514  1776  1776 D NotificationService: 0|com.github.kr328.clash|2131296553|null|10130: updating permissions
11-20 22:11:04.514  1776  1776 D NotificationService: 0|com.github.kr328.clash|2131296553|null|10130: updating permissions
11-20 22:11:04.514  1776  1776 D NotificationService: 0|com.github.kr328.clash|2131296553|null|10130: updating permissions
11-20 22:11:04.514  1776  1776 D NotificationService: 0|com.github.kr328.clash|2131296553|null|10130: updating permissions
11-20 22:11:04.832  1776  7552 W NotificationService: Toast already killed. pkg=com.topjohnwu.magisk token=android.os.BinderProxy@abe1013
11-20 22:11:05.176  1776  1776 W ActivityManager: Receiver with filter android.content.IntentFilter@cda0ca4 already registered for pid 1776, callerPackage is android
11-20 22:11:05.309  1776  1776 D NotificationService: EnqueueNotificationRunnable.run for: 0|com.github.kr328.clash|2131296553|null|10130
11-20 22:11:05.336  1776  7552 D BiometricService: canAuthenticate: User=0, Caller=0, Authenticators=255
11-20 22:11:05.336  1776 14452 D BiometricService: canAuthenticate: User=0, Caller=0, Authenticators=255
11-20 22:11:05.337  1776 14452 D BiometricService/PreAuthInfo: Package: com.google.android.gms Sensor ID: 0 Modality: 2 Status: 1
11-20 22:11:05.337  1776 14452 D BiometricService/PreAuthInfo: getCanAuthenticateInternal Modality: 2 AuthenticatorStatus: 1
11-20 22:11:05.337  1776 14452 D AuthService: canAuthenticate, userId: 0, callingUserId: 0, authenticators: 255, result: 0
11-20 22:11:05.337  1776  7552 D BiometricService/PreAuthInfo: Package: com.google.android.gms Sensor ID: 0 Modality: 2 Status: 1
11-20 22:11:05.337  1776  7552 D BiometricService/PreAuthInfo: getCanAuthenticateInternal Modality: 2 AuthenticatorStatus: 1
11-20 22:11:05.337  1776  7552 D AuthService: canAuthenticate, userId: 0, callingUserId: 0, authenticators: 255, result: 0
11-20 22:11:05.472  1776  7552 W AppOps  : Noting op not finished: uid 10084 pkg com.google.android.gms code 113 startTime of in progress event=1637417461696
11-20 22:11:05.479  1776 14452 W AppOps  : Noting op not finished: uid 10093 pkg com.google.android.gms.location.history code 79 startTime of in progress event=1637417287883
11-20 22:11:05.482  1776 14452 W AppOps  : Noting op not finished: uid 10084 pkg com.google.android.gms code 113 startTime of in progress event=1637417461696
11-20 22:11:05.486  1776  2032 W AppOps  : Noting op not finished: uid 10084 pkg com.google.android.gms code 113 startTime of in progress event=1637417461696
11-20 22:11:05.489  1776  7552 W AppOps  : Noting op not finished: uid 10084 pkg com.google.android.gms code 113 startTime of in progress event=1637417461696
11-20 22:11:05.511  1776  1776 D NotificationService: 0|com.github.kr328.clash|2131296553|null|10130: updating permissions
11-20 22:11:05.511  1776  1776 D NotificationService: 0|com.github.kr328.clash|2131296553|null|10130: updating permissions
11-20 22:11:05.511  1776  1776 D NotificationService: 0|com.github.kr328.clash|2131296553|null|10130: updating permissions
11-20 22:11:05.511  1776  1776 D NotificationService: 0|com.github.kr328.clash|2131296553|null|10130: updating permissions
11-20 22:11:05.511  1776  1776 D NotificationService: 0|com.github.kr328.clash|2131296553|null|10130: updating permissions
11-20 22:11:05.511  1776  1776 D NotificationService: 0|com.github.kr328.clash|2131296553|null|10130: updating permissions
11-20 22:11:05.511  1776  1776 D NotificationService: 0|com.github.kr328.clash|2131296553|null|10130: updating permissions
11-20 22:11:05.511  1776  1776 D NotificationService: 0|com.github.kr328.clash|2131296553|null|10130: updating permissions
11-20 22:11:06.313  1776  1776 D NotificationService: EnqueueNotificationRunnable.run for: 0|com.github.kr328.clash|2131296553|null|10130
11-20 22:11:06.374  1776  1776 D NotificationService: EnqueueNotificationRunnable.run for: 0|com.omarea.scene|256|null|10289
11-20 22:11:06.514  1776  1776 D NotificationService: 0|com.github.kr328.clash|2131296553|null|10130: updating permissions
11-20 22:11:06.514  1776  1776 D NotificationService: 0|com.github.kr328.clash|2131296553|null|10130: updating permissions
11-20 22:11:06.514  1776  1776 D NotificationService: 0|com.github.kr328.clash|2131296553|null|10130: updating permissions
11-20 22:11:06.514  1776  1776 D NotificationService: 0|com.github.kr328.clash|2131296553|null|10130: updating permissions
11-20 22:11:06.515  1776  1776 D NotificationService: 0|com.github.kr328.clash|2131296553|null|10130: updating permissions
11-20 22:11:06.515  1776  1776 D NotificationService: 0|com.github.kr328.clash|2131296553|null|10130: updating permissions
11-20 22:11:06.515  1776  1776 D NotificationService: 0|com.github.kr328.clash|2131296553|null|10130: updating permissions
11-20 22:11:06.515  1776  1776 D NotificationService: 0|com.github.kr328.clash|2131296553|null|10130: updating permissions
11-20 22:11:06.577  1776  1776 D NotificationService: 0|com.omarea.scene|256|null|10289: updating permissions
11-20 22:11:06.577  1776  1776 D NotificationService: 0|com.omarea.scene|256|null|10289: updating permissions
11-20 22:11:06.577  1776  1776 D NotificationService: 0|com.omarea.scene|256|null|10289: updating permissions
11-20 22:11:06.577  1776  1776 D NotificationService: 0|com.omarea.scene|256|null|10289: updating permissions
11-20 22:11:06.577  1776  1776 D NotificationService: 0|com.omarea.scene|256|null|10289: updating permissions
11-20 22:11:06.577  1776  1776 D NotificationService: 0|com.omarea.scene|256|null|10289: updating permissions
11-20 22:11:06.577  1776  1776 D NotificationService: 0|com.omarea.scene|256|null|10289: updating permissions
11-20 22:11:06.578  1776  1776 D NotificationService: 0|com.omarea.scene|256|null|10289: updating permissions
11-20 22:11:07.076  1776  1776 D NotificationService: Timeout pkg=com.topjohnwu.magisk token=android.os.BinderProxy@c7a794e
11-20 22:11:07.310  1776  1776 D NotificationService: EnqueueNotificationRunnable.run for: 0|com.github.kr328.clash|2131296553|null|10130
11-20 22:11:07.398  1776  7552 W NotificationService: Toast already killed. pkg=com.topjohnwu.magisk token=android.os.BinderProxy@c7a794e
11-20 22:11:07.512  1776  1776 D NotificationService: 0|com.github.kr328.clash|2131296553|null|10130: updating permissions
11-20 22:11:07.512  1776  1776 D NotificationService: 0|com.github.kr328.clash|2131296553|null|10130: updating permissions
11-20 22:11:07.512  1776  1776 D NotificationService: 0|com.github.kr328.clash|2131296553|null|10130: updating permissions
11-20 22:11:07.512  1776  1776 D NotificationService: 0|com.github.kr328.clash|2131296553|null|10130: updating permissions
11-20 22:11:07.512  1776  1776 D NotificationService: 0|com.github.kr328.clash|2131296553|null|10130: updating permissions
11-20 22:11:07.513  1776  1776 D NotificationService: 0|com.github.kr328.clash|2131296553|null|10130: updating permissions
11-20 22:11:07.513  1776  1776 D NotificationService: 0|com.github.kr328.clash|2131296553|null|10130: updating permissions
11-20 22:11:07.513  1776  1776 D NotificationService: 0|com.github.kr328.clash|2131296553|null|10130: updating permissions
11-20 22:11:07.780  1776  1776 D NotificationService: 0|com.tencent.mobileqq|514|null|10369: updating permissions
11-20 22:11:07.789  1776  1776 D NotificationService: EnqueueNotificationRunnable.run for: 0|com.tencent.mobileqq|514|null|10369
11-20 22:11:07.993  1776  1776 D NotificationService: 0|com.tencent.mobileqq|514|null|10369: updating permissions
11-20 22:11:07.993  1776  1776 D NotificationService: 0|com.tencent.mobileqq|514|null|10369: updating permissions
11-20 22:11:07.993  1776  1776 D NotificationService: 0|com.tencent.mobileqq|514|null|10369: updating permissions
11-20 22:11:07.993  1776  1776 D NotificationService: 0|com.tencent.mobileqq|514|null|10369: updating permissions
11-20 22:11:07.993  1776  1776 D NotificationService: 0|com.tencent.mobileqq|514|null|10369: updating permissions
11-20 22:11:07.993  1776  1776 D NotificationService: 0|com.tencent.mobileqq|514|null|10369: updating permissions
11-20 22:11:07.993  1776  1776 D NotificationService: 0|com.tencent.mobileqq|514|null|10369: updating permissions
11-20 22:11:07.993  1776  1776 D NotificationService: 0|com.tencent.mobileqq|514|null|10369: updating permissions
11-20 22:11:07.994  1776  1776 I NotificationHistory: History disabled for user 0
11-20 22:11:07.994  1776  1776 W NotificationHistory: Attempted to add notif for locked/gone/disabled user 0
11-20 22:11:08.310  1776  1776 D NotificationService: EnqueueNotificationRunnable.run for: 0|com.github.kr328.clash|2131296553|null|10130
11-20 22:11:08.315  1776  1776 D NotificationService: EnqueueNotificationRunnable.run for: 0|com.omarea.scene|256|null|10289
11-20 22:11:08.512  1776  1776 D NotificationService: 0|com.github.kr328.clash|2131296553|null|10130: updating permissions
11-20 22:11:08.512  1776  1776 D NotificationService: 0|com.github.kr328.clash|2131296553|null|10130: updating permissions
11-20 22:11:08.513  1776  1776 D NotificationService: 0|com.github.kr328.clash|2131296553|null|10130: updating permissions
11-20 22:11:08.513  1776  1776 D NotificationService: 0|com.github.kr328.clash|2131296553|null|10130: updating permissions
11-20 22:11:08.513  1776  1776 D NotificationService: 0|com.github.kr328.clash|2131296553|null|10130: updating permissions
11-20 22:11:08.513  1776  1776 D NotificationService: 0|com.github.kr328.clash|2131296553|null|10130: updating permissions
11-20 22:11:08.513  1776  1776 D NotificationService: 0|com.github.kr328.clash|2131296553|null|10130: updating permissions
11-20 22:11:08.513  1776  1776 D NotificationService: 0|com.github.kr328.clash|2131296553|null|10130: updating permissions
11-20 22:11:08.516  1776  1776 D NotificationService: 0|com.omarea.scene|256|null|10289: updating permissions
11-20 22:11:08.516  1776  1776 D NotificationService: 0|com.omarea.scene|256|null|10289: updating permissions
11-20 22:11:08.516  1776  1776 D NotificationService: 0|com.omarea.scene|256|null|10289: updating permissions
11-20 22:11:08.517  1776  1776 D NotificationService: 0|com.omarea.scene|256|null|10289: updating permissions
11-20 22:11:08.517  1776  1776 D NotificationService: 0|com.omarea.scene|256|null|10289: updating permissions
11-20 22:11:08.517  1776  1776 D NotificationService: 0|com.omarea.scene|256|null|10289: updating permissions
11-20 22:11:08.517  1776  1776 D NotificationService: 0|com.omarea.scene|256|null|10289: updating permissions
11-20 22:11:08.517  1776  1776 D NotificationService: 0|com.omarea.scene|256|null|10289: updating permissions
11-20 22:11:09.128  1776  7609 W ProcessStats: Tracking association SourceState{dd8505 system/1000 BTopFgs #8672} whose proc state 2 is better than process ProcessState{3b7595a com.github.kr328.clash:background/10130 pkg=com.github.kr328.clash} proc state 3 (841 skipped)
11-20 22:11:09.311  1776  1776 D NotificationService: EnqueueNotificationRunnable.run for: 0|com.github.kr328.clash|2131296553|null|10130
11-20 22:11:09.514  1776  1776 D NotificationService: 0|com.github.kr328.clash|2131296553|null|10130: updating permissions
11-20 22:11:09.514  1776  1776 D NotificationService: 0|com.github.kr328.clash|2131296553|null|10130: updating permissions
11-20 22:11:09.514  1776  1776 D NotificationService: 0|com.github.kr328.clash|2131296553|null|10130: updating permissions
11-20 22:11:09.514  1776  1776 D NotificationService: 0|com.github.kr328.clash|2131296553|null|10130: updating permissions
11-20 22:11:09.514  1776  1776 D NotificationService: 0|com.github.kr328.clash|2131296553|null|10130: updating permissions
11-20 22:11:09.514  1776  1776 D NotificationService: 0|com.github.kr328.clash|2131296553|null|10130: updating permissions
11-20 22:11:09.514  1776  1776 D NotificationService: 0|com.github.kr328.clash|2131296553|null|10130: updating permissions
11-20 22:11:09.514  1776  1776 D NotificationService: 0|com.github.kr328.clash|2131296553|null|10130: updating permissions
11-20 22:11:10.311  1776  1776 D NotificationService: EnqueueNotificationRunnable.run for: 0|com.github.kr328.clash|2131296553|null|10130
11-20 22:11:10.514  1776  1776 D NotificationService: 0|com.github.kr328.clash|2131296553|null|10130: updating permissions
11-20 22:11:10.514  1776  1776 D NotificationService: 0|com.github.kr328.clash|2131296553|null|10130: updating permissions
11-20 22:11:10.514  1776  1776 D NotificationService: 0|com.github.kr328.clash|2131296553|null|10130: updating permissions
11-20 22:11:10.515  1776  1776 D NotificationService: 0|com.github.kr328.clash|2131296553|null|10130: updating permissions
11-20 22:11:10.515  1776  1776 D NotificationService: 0|com.github.kr328.clash|2131296553|null|10130: updating permissions
11-20 22:11:10.515  1776  1776 D NotificationService: 0|com.github.kr328.clash|2131296553|null|10130: updating permissions
11-20 22:11:10.515  1776  1776 D NotificationService: 0|com.github.kr328.clash|2131296553|null|10130: updating permissions
11-20 22:11:10.515  1776  1776 D NotificationService: 0|com.github.kr328.clash|2131296553|null|10130: updating permissions
11-20 22:11:10.633  1776 18737 I ActivityTaskManager: START u0 {act=android.intent.action.DELETE dat=package:com.pluscubed.matlog flg=0x10800000 cmp=com.yxer.packageinstalles/.UninstallerActivity (has extras)} from uid 10325
11-20 22:11:10.640  1776 18737 W ActivityTaskManager: Can't find TaskDisplayArea to determine support for multi window. Task id=845 attached=false
11-20 22:11:10.650  1776 18737 D CompatibilityChangeReporter: Compat change id reported: 174042980; UID 10287; state: DISABLED
11-20 22:11:10.651  1776 18737 D CompatibilityChangeReporter: Compat change id reported: 184838306; UID 10287; state: DISABLED
11-20 22:11:10.652  1776 18737 D CompatibilityChangeReporter: Compat change id reported: 185004937; UID 10287; state: DISABLED
11-20 22:11:10.653  1776 18737 D CompatibilityChangeReporter: Compat change id reported: 181136395; UID 10287; state: DISABLED
11-20 22:11:10.653  1776 18737 D CompatibilityChangeReporter: Compat change id reported: 174042936; UID 10287; state: DISABLED
11-20 22:11:10.689  1776  1776 W ActivityManager: Receiver with filter android.content.IntentFilter@9193992 already registered for pid 1776, callerPackage is android
11-20 22:11:10.798  1776  2213 D CompatibilityChangeReporter: Compat change id reported: 158002302; UID 10287; state: ENABLED
11-20 22:11:10.993  1776  1776 D NotificationService: EnqueueNotificationRunnable.run for: 0|com.omarea.scene|256|null|10289
11-20 22:11:11.195  1776  1776 D NotificationService: 0|com.omarea.scene|256|null|10289: updating permissions
11-20 22:11:11.195  1776  1776 D NotificationService: 0|com.omarea.scene|256|null|10289: updating permissions
11-20 22:11:11.196  1776  1776 D NotificationService: 0|com.omarea.scene|256|null|10289: updating permissions
11-20 22:11:11.196  1776  1776 D NotificationService: 0|com.omarea.scene|256|null|10289: updating permissions
11-20 22:11:11.196  1776  1776 D NotificationService: 0|com.omarea.scene|256|null|10289: updating permissions
11-20 22:11:11.196  1776  1776 D NotificationService: 0|com.omarea.scene|256|null|10289: updating permissions
11-20 22:11:11.196  1776  1776 D NotificationService: 0|com.omarea.scene|256|null|10289: updating permissions
11-20 22:11:11.196  1776  1776 D NotificationService: 0|com.omarea.scene|256|null|10289: updating permissions
11-20 22:11:11.312  1776  1776 D NotificationService: EnqueueNotificationRunnable.run for: 0|com.github.kr328.clash|2131296553|null|10130
11-20 22:11:11.324  1776  1776 W ActivityManager: Receiver with filter android.content.IntentFilter@ad3fcd8 already registered for pid 1776, callerPackage is android
11-20 22:11:11.473  1776  7609 I NotificationService: enqueueToast pkg=com.yxer.packageinstalles token=android.os.BinderProxy@20c8c97 duration=1 displayId=0
11-20 22:11:11.476  1776  7609 D NotificationService: Show pkg=com.yxer.packageinstalles text=...
11-20 22:11:11.514  1776  1776 D NotificationService: 0|com.github.kr328.clash|2131296553|null|10130: updating permissions
11-20 22:11:11.514  1776  1776 D NotificationService: 0|com.github.kr328.clash|2131296553|null|10130: updating permissions
11-20 22:11:11.514  1776  1776 D NotificationService: 0|com.github.kr328.clash|2131296553|null|10130: updating permissions
11-20 22:11:11.514  1776  1776 D NotificationService: 0|com.github.kr328.clash|2131296553|null|10130: updating permissions
11-20 22:11:11.514  1776  1776 D NotificationService: 0|com.github.kr328.clash|2131296553|null|10130: updating permissions
11-20 22:11:11.515  1776  1776 D NotificationService: 0|com.github.kr328.clash|2131296553|null|10130: updating permissions
11-20 22:11:11.515  1776  1776 D NotificationService: 0|com.github.kr328.clash|2131296553|null|10130: updating permissions
11-20 22:11:11.515  1776  1776 D NotificationService: 0|com.github.kr328.clash|2131296553|null|10130: updating permissions
11-20 22:11:11.517  1776  2238 I ActivityManager: Force stopping com.pluscubed.matlog appid=10331 user=0: deletePackageX
11-20 22:11:11.518  1776  2238 I ActivityManager: Killing 28815:com.pluscubed.matlog/u0a331 (adj 700): stop com.pluscubed.matlog due to deletePackageX
11-20 22:11:11.520  1776  2238 W ActivityTaskManager: Force removing ActivityRecord{854e12e u0 com.pluscubed.matlog/com.pluscubed.logcat.ui.LogcatActivity t844 f}}: app died, no saved state
11-20 22:11:11.545  1776  2236 W UsageStatsService: Unexpected activity event reported! (com.pluscubed.matlog/com.pluscubed.logcat.ui.LogcatActivity event : 23 instanceId : 250066857)
11-20 22:11:11.591  1776  5647 I WindowManager: WIN DEATH: Window{f6e8f6d u0 com.pluscubed.matlog/com.pluscubed.logcat.ui.LogcatActivity}
11-20 22:11:11.635  1776  5736 V ActivityManager: Got obituary of 28815:com.pluscubed.matlog
11-20 22:11:11.644  1776  7604 W WindowManager: Cannot find window which accessibility connection is added to
11-20 22:11:11.654  1776  2212 W ActivityManager: setHasOverlayUi called on unknown pid: 28815
11-20 22:11:11.703  1776  1776 D NotificationService: EnqueueNotificationRunnable.run for: 0|com.omarea.scene|256|null|10289
11-20 22:11:11.903  1776  2213 W ActivityTaskManager: Can't find TaskDisplayArea to determine support for multi window. Task id=844 attached=false
11-20 22:11:11.903  1776  2213 W ActivityTaskManager: Can't find TaskDisplayArea to determine support for multi window. Task id=844 attached=false
11-20 22:11:11.906  1776  1776 D NotificationService: 0|com.omarea.scene|256|null|10289: updating permissions
11-20 22:11:11.906  1776  1776 D NotificationService: 0|com.omarea.scene|256|null|10289: updating permissions
11-20 22:11:11.906  1776  1776 D NotificationService: 0|com.omarea.scene|256|null|10289: updating permissions
11-20 22:11:11.907  1776  1776 D NotificationService: 0|com.omarea.scene|256|null|10289: updating permissions
11-20 22:11:11.907  1776  1776 D NotificationService: 0|com.omarea.scene|256|null|10289: updating permissions
11-20 22:11:11.907  1776  1776 D NotificationService: 0|com.omarea.scene|256|null|10289: updating permissions
11-20 22:11:11.907  1776  1776 D NotificationService: 0|com.omarea.scene|256|null|10289: updating permissions
11-20 22:11:11.907  1776  1776 D NotificationService: 0|com.omarea.scene|256|null|10289: updating permissions
11-20 22:11:11.908  1776  2208 W Looper  : Slow delivery took 267ms android.fg h=android.os.Handler c=<recycled PooledLambda@2594303> m=0
11-20 22:11:11.947  1776  2213 W ActivityTaskManager: Can't find TaskDisplayArea to determine support for multi window. Task id=845 attached=false
11-20 22:11:11.947  1776  2213 W ActivityTaskManager: Can't find TaskDisplayArea to determine support for multi window. Task id=845 attached=false
11-20 22:11:11.958  1776  2389 I ActivityManager: Force stopping com.pluscubed.matlog appid=10331 user=0: pkg removed
11-20 22:11:11.991  1776  2389 I ActivityManager: Force stopping com.pluscubed.matlog appid=10331 user=0: pkg removed
11-20 22:11:12.049  1776  5736 I NotificationService: enqueueToast pkg=com.yxer.packageinstalles token=android.os.BinderProxy@40af82d duration=0 displayId=0
11-20 22:11:12.119  1776  2208 W Looper  : Slow dispatch took 157ms android.fg h=android.os.Handler c=<recycled PooledLambda@8cdcb4f> m=0
11-20 22:11:12.138  1776  3563 V StorageManagerService: Package com.pluscubed.matlog does not have legacy storage
11-20 22:11:12.154  1776  3302 I RollbackManager: broadcast=ACTION_PACKAGE_FULLY_REMOVED pkg=com.pluscubed.matlog
11-20 22:11:12.159  1776  2238 W BroadcastQueue: Background execution not allowed: receiving Intent { act=android.intent.action.PACKAGE_REMOVED dat=package:com.pluscubed.matlog flg=0x4000010 (has extras) } to com.huawei.appmarket/.service.installresult.control.InstallerReceiver
11-20 22:11:12.163  1776  1776 D CompatibilityChangeReporter: Compat change id reported: 135634846; UID 1000; state: DISABLED
11-20 22:11:12.163  1776  1776 D CompatibilityChangeReporter: Compat change id reported: 177438394; UID 1000; state: DISABLED
11-20 22:11:12.163  1776  1776 D CompatibilityChangeReporter: Compat change id reported: 135772972; UID 1000; state: DISABLED
11-20 22:11:12.163  1776  1776 D CompatibilityChangeReporter: Compat change id reported: 135754954; UID 1000; state: ENABLED
11-20 22:11:12.163  1776  1776 I NotificationService: action=android.intent.action.PACKAGE_REMOVED removing=true
11-20 22:11:12.164  1776  1776 I GameManagerService: Disabling downscale for com.pluscubed.matlog
11-20 22:11:12.176  1776  2239 I ActivityManager: Start proc 29174:com.android.keychain/1000 for service {com.android.keychain/com.android.keychain.KeyChainService}
11-20 22:11:12.190  1776  1776 I Telecom : CarModeTracker: Package com.pluscubed.matlog is not tracked.: SSH.oR@ATA
11-20 22:11:12.192  1776  1776 I Telecom : InCallController: updateCarModeForConnections: car mode apps: : SSH.oR@ATA
11-20 22:11:12.194  1776  1776 I ConditionProviders: Disallowing condition provider com.pluscubed.matlog (userSet: true)
11-20 22:11:12.195  1776  1776 V ConditionProviders: enabling condition provider for 0: ComponentInfo{com.oasisfeng.nevo/com.oasisfeng.nevo.engine.condition.NevoConditionProvider}
11-20 22:11:12.195  1776  1776 V ConditionProviders: Not registering ComponentInfo{com.oasisfeng.nevo/com.oasisfeng.nevo.engine.condition.NevoConditionProvider} is already bound
11-20 22:11:12.201  1776  2238 W BroadcastQueue: Background execution not allowed: receiving Intent { act=android.intent.action.PACKAGE_REMOVED dat=package:com.pluscubed.matlog flg=0x4000010 (has extras) } to com.mixplorer/.BroadcastReceiver
11-20 22:11:12.305  1776  2208 W Looper  : Slow dispatch took 129ms android.fg h=android.os.Handler c=<recycled PooledLambda@6e40964> m=0
11-20 22:11:12.323  1776  2213 W ActivityTaskManager: Can't find TaskDisplayArea to determine support for multi window. Task id=843 attached=false
11-20 22:11:12.323  1776  2213 W ActivityTaskManager: Can't find TaskDisplayArea to determine support for multi window. Task id=843 attached=false
11-20 22:11:12.336  1776  2238 W BroadcastQueue: Background execution not allowed: receiving Intent { act=android.intent.action.PACKAGE_REMOVED dat=package:com.pluscubed.matlog flg=0x4000010 (has extras) } to com.android.vending/com.google.android.finsky.packagemanager.impl.PackageMonitorReceiverImpl$RegisteredReceiver
11-20 22:11:12.339  1776  2238 W BroadcastQueue: Background execution not allowed: receiving Intent { act=android.intent.action.PACKAGE_REMOVED dat=package:com.pluscubed.matlog flg=0x4000010 (has extras) } to com.android.vending/com.google.android.finsky.instantapps.appmanagement.InstantAppRemoveMonitor
11-20 22:11:12.339  1776  2238 W BroadcastQueue: Background execution not allowed: receiving Intent { act=android.intent.action.PACKAGE_REMOVED dat=package:com.pluscubed.matlog flg=0x4000010 (has extras) } to com.google.android.gms/.games.chimera.GamesSystemBroadcastReceiverProxy
11-20 22:11:12.339  1776  2238 W BroadcastQueue: Background execution not allowed: receiving Intent { act=android.intent.action.PACKAGE_REMOVED dat=package:com.pluscubed.matlog flg=0x4000010 (has extras) } to com.google.android.gms/.chimera.GmsIntentOperationService$PersistentTrustedReceiver
11-20 22:11:12.339  1776  2238 W BroadcastQueue: Background execution not allowed: receiving Intent { act=android.intent.action.PACKAGE_REMOVED dat=package:com.pluscubed.matlog flg=0x4000010 (has extras) } to com.google.android.googlequicksearchbox/com.google.android.apps.gsa.googlequicksearchbox.GelStubAppWatcher
11-20 22:11:12.339  1776  2238 W BroadcastQueue: Background execution not allowed: receiving Intent { act=android.intent.action.PACKAGE_REMOVED dat=package:com.pluscubed.matlog flg=0x4000010 (has extras) } to com.forfan.bigbang/.component.WakeUpBroadcastReceiver
11-20 22:11:12.339  1776  2238 W BroadcastQueue: Background execution not allowed: receiving Intent { act=android.intent.action.PACKAGE_REMOVED dat=package:com.pluscubed.matlog flg=0x4000010 (has extras) } to com.huawei.hwid/com.huawei.hms.fwksdk.broadcast.PackageRemovedReceiver
11-20 22:11:12.339  1776  2238 W BroadcastQueue: Background execution not allowed: receiving Intent { act=android.intent.action.PACKAGE_REMOVED dat=package:com.pluscubed.matlog flg=0x4000010 (has extras) } to com.neuedu.wisestu/cn.jpush.android.service.PushReceiver
11-20 22:11:12.340  1776  2238 W BroadcastQueue: Background execution not allowed: receiving Intent { act=android.intent.action.PACKAGE_REMOVED dat=package:com.pluscubed.matlog flg=0x4000010 (has extras) } to com.taptap/com.taobao.accs.EventReceiver
11-20 22:11:12.340  1776  2238 W BroadcastQueue: Background execution not allowed: receiving Intent { act=android.intent.action.PACKAGE_REMOVED dat=package:com.pluscubed.matlog flg=0x4000010 (has extras) } to com.taptap/com.taobao.agoo.AgooCommondReceiver
11-20 22:11:12.340  1776  2238 W BroadcastQueue: Background execution not allowed: receiving Intent { act=android.intent.action.PACKAGE_REMOVED dat=package:com.pluscubed.matlog flg=0x4000010 (has extras) } to com.yxer.packageinstalles/.Install.SessionApks.PackageManagerReceiver
11-20 22:11:12.340  1776  2238 W BroadcastQueue: Background execution not allowed: receiving Intent { act=android.intent.action.PACKAGE_REMOVED dat=package:com.pluscubed.matlog flg=0x4000010 (has extras) } to info.muge.appshare/com.taobao.accs.EventReceiver
11-20 22:11:12.340  1776  2238 W BroadcastQueue: Background execution not allowed: receiving Intent { act=android.intent.action.PACKAGE_REMOVED dat=package:com.pluscubed.matlog flg=0x4000010 (has extras) } to info.muge.appshare/com.taobao.agoo.AgooCommondReceiver
11-20 22:11:12.345  1776  7569 I ActivityTaskManager: START u0 {act=moe.shizuku.redirectstorage.action.PACKAGE_REMOVED flg=0x10080000 pkg=moe.shizuku.redirectstorage cmp=moe.shizuku.redirectstorage/.ReceiverActivity (has extras)} from uid 0
11-20 22:11:12.355  1776  1776 W ActivityManager: Receiver with filter android.content.IntentFilter@de0fdef already registered for pid 1776, callerPackage is android
11-20 22:11:12.356  1776  1776 D NotificationService: EnqueueNotificationRunnable.run for: 0|com.github.kr328.clash|2131296553|null|10130
11-20 22:11:12.362  1776  7569 W ActivityTaskManager: Can't find TaskDisplayArea to determine support for multi window. Task id=846 attached=false
11-20 22:11:12.365  1776  7569 D CompatibilityChangeReporter: Compat change id reported: 174042980; UID 10150; state: DISABLED
