11-20 22:10:02.407  1776  2239 D CompatibilityChangeReporter: Compat change id reported: 143937733; UID 10272; state: ENABLED
11-20 22:10:02.526  1776  2238 W BroadcastQueue: Background execution not allowed: receiving Intent { act=android.intent.action.PACKAGE_ADDED dat=package:com.pluscubed.matlog flg=0x4000010 (has extras) } to com.mixplorer/.BroadcastReceiver
11-20 22:10:02.526  1776  2238 W BroadcastQueue: Background execution not allowed: receiving Intent { act=android.intent.action.PACKAGE_ADDED dat=package:com.pluscubed.matlog flg=0x4000010 (has extras) } to com.google.android.packageinstaller/com.android.packageinstaller.PackageInstalledReceiver
11-20 22:10:02.527  1776  1776 I Telecom : DefaultDialerCache: Refreshing default dialer for user 0: now com.google.android.dialer: DDC.oR@ASE
11-20 22:10:02.528  1776  7595 I ActivityTaskManager: START u0 {act=moe.shizuku.redirectstorage.action.PACKAGE_ADDED flg=0x10080000 pkg=moe.shizuku.redirectstorage cmp=moe.shizuku.redirectstorage/.ReceiverActivity (has extras)} from uid 0
11-20 22:10:02.533  1776  7595 W ActivityTaskManager: Can't find TaskDisplayArea to determine support for multi window. Task id=839 attached=false
11-20 22:10:02.533  1776  2208 W Looper  : Slow dispatch took 178ms android.fg h=android.os.Handler c=android.app.LoadedApk$ReceiverDispatcher$Args$$ExternalSyntheticLambda0@d543323 m=0
11-20 22:10:02.542  1776  1776 V BackupManagerConstants: getFullBackupIntervalMilliseconds(...) returns 86400000
11-20 22:10:02.543  1776  1776 V BackupManagerConstants: getFullBackupRequiredNetworkType(...) returns 2
11-20 22:10:02.543  1776  1776 V BackupManagerConstants: getFullBackupRequireCharging(...) returns true
11-20 22:10:02.543  1776  7595 D CompatibilityChangeReporter: Compat change id reported: 174042980; UID 10150; state: DISABLED
11-20 22:10:02.544  1776  7595 D CompatibilityChangeReporter: Compat change id reported: 184838306; UID 10150; state: DISABLED
11-20 22:10:02.548  1776  7595 D CompatibilityChangeReporter: Compat change id reported: 185004937; UID 10150; state: DISABLED
11-20 22:10:02.549  1776  7595 D CompatibilityChangeReporter: Compat change id reported: 181136395; UID 10150; state: DISABLED
11-20 22:10:02.552  1776  7595 D CompatibilityChangeReporter: Compat change id reported: 174042936; UID 10150; state: DISABLED
11-20 22:10:02.553  1776  7595 D CompatibilityChangeReporter: Compat change id reported: 168419799; UID 10150; state: DISABLED
11-20 22:10:02.563  1776  1776 D NotificationService: 0|com.github.kr328.clash|2131296553|null|10130: updating permissions
11-20 22:10:02.563  1776  1776 D NotificationService: 0|com.github.kr328.clash|2131296553|null|10130: updating permissions
11-20 22:10:02.563  1776  1776 D NotificationService: 0|com.github.kr328.clash|2131296553|null|10130: updating permissions
11-20 22:10:02.563  1776  1776 D NotificationService: 0|com.github.kr328.clash|2131296553|null|10130: updating permissions
11-20 22:10:02.575  1776  1776 D NotificationService: 0|com.github.kr328.clash|2131296553|null|10130: updating permissions
11-20 22:10:02.575  1776  1776 D NotificationService: 0|com.github.kr328.clash|2131296553|null|10130: updating permissions
11-20 22:10:02.575  1776  2239 W ActivityManager: Slow operation: 175ms so far, now at startProcess: done updating battery stats
11-20 22:10:02.576  1776  2239 W ActivityManager: Slow operation: 175ms so far, now at startProcess: building log message
11-20 22:10:02.576  1776  2239 I ActivityManager: Start proc 25457:com.huawei.hwid.container3/u0a272 for content provider {com.huawei.hwid/com.huawei.hms.runtimekit.kitcontainerservice.KitProcessAgent3Provider}
11-20 22:10:02.576  1776  2239 W ActivityManager: Slow operation: 175ms so far, now at startProcess: starting to update pids map
11-20 22:10:02.576  1776  2239 W ActivityManager: Slow operation: 175ms so far, now at startProcess: done updating pids map
11-20 22:10:02.587  1776  2238 W BroadcastQueue: Background execution not allowed: receiving Intent { act=android.intent.action.PACKAGE_ADDED dat=package:com.pluscubed.matlog flg=0x4000010 (has extras) } to com.android.vending/com.google.android.finsky.packagemanager.impl.PackageMonitorReceiverImpl$RegisteredReceiver
11-20 22:10:02.590  1776  2212 D CompatibilityChangeReporter: Compat change id reported: 135634846; UID 10150; state: DISABLED
11-20 22:10:02.590  1776  2212 D CompatibilityChangeReporter: Compat change id reported: 177438394; UID 10150; state: DISABLED
11-20 22:10:02.590  1776  2212 D CompatibilityChangeReporter: Compat change id reported: 135772972; UID 10150; state: DISABLED
11-20 22:10:02.590  1776  2212 D CompatibilityChangeReporter: Compat change id reported: 135754954; UID 10150; state: ENABLED
11-20 22:10:02.590  1776  1776 D NotificationService: 0|com.github.kr328.clash|2131296553|null|10130: updating permissions
11-20 22:10:02.590  1776  1776 D NotificationService: 0|com.github.kr328.clash|2131296553|null|10130: updating permissions
11-20 22:10:02.608  1776  1776 D NotificationService: 0|com.omarea.scene|256|null|10289: updating permissions
11-20 22:10:02.608  1776  1776 D NotificationService: 0|com.omarea.scene|256|null|10289: updating permissions
11-20 22:10:02.608  1776  1776 D NotificationService: 0|com.omarea.scene|256|null|10289: updating permissions
11-20 22:10:02.608  1776  1776 D NotificationService: 0|com.omarea.scene|256|null|10289: updating permissions
11-20 22:10:02.608  1776  1776 D NotificationService: 0|com.omarea.scene|256|null|10289: updating permissions
11-20 22:10:02.608  1776  1776 D NotificationService: 0|com.omarea.scene|256|null|10289: updating permissions
11-20 22:10:02.608  1776  1776 D NotificationService: 0|com.omarea.scene|256|null|10289: updating permissions
11-20 22:10:02.608  1776  1776 D NotificationService: 0|com.omarea.scene|256|null|10289: updating permissions
11-20 22:10:02.636  1776  2238 W BroadcastQueue: Background execution not allowed: receiving Intent { act=android.intent.action.PACKAGE_ADDED dat=package:com.pluscubed.matlog flg=0x4000010 (has extras) } to com.google.android.gms/.games.chimera.GamesSystemBroadcastReceiverProxy
11-20 22:10:02.636  1776  2239 W ActivityManager: Slow operation: 80ms so far, now at startProcess: done updating battery stats
11-20 22:10:02.636  1776  2239 W ActivityManager: Slow operation: 80ms so far, now at startProcess: building log message
11-20 22:10:02.636  1776  2239 I ActivityManager: Start proc 25501:com.huawei.hwid.container1/u0a272 for content provider {com.huawei.hwid/com.huawei.hms.runtimekit.kitcontainerservice.KitProcessAgent1Provider}
11-20 22:10:02.636  1776  2239 W ActivityManager: Slow operation: 80ms so far, now at startProcess: starting to update pids map
11-20 22:10:02.636  1776  2239 W ActivityManager: Slow operation: 81ms so far, now at startProcess: done updating pids map
11-20 22:10:02.636  1776  2239 D CompatibilityChangeReporter: Compat change id reported: 143937733; UID 10150; state: ENABLED
11-20 22:10:02.657  1776  2239 W ActivityManager: Slow operation: 68ms so far, now at startProcess: returned from zygote!
11-20 22:10:02.703  1776  2208 W Looper  : Slow dispatch took 169ms android.fg h=android.os.Handler c=com.android.internal.infra.ServiceConnector$Impl$$ExternalSyntheticLambda2@8543754 m=0
11-20 22:10:02.716  1776 18737 D CompatibilityChangeReporter: Compat change id reported: 168419799; UID 10369; state: DISABLED
11-20 22:10:02.728  1776  2239 W ActivityManager: Slow operation: 135ms so far, now at startProcess: done updating battery stats
11-20 22:10:02.728  1776  2239 W ActivityManager: Slow operation: 139ms so far, now at startProcess: building log message
11-20 22:10:02.728  1776  2239 I ActivityManager: Start proc 25522:moe.shizuku.redirectstorage/u0a150 for pre-top-activity {moe.shizuku.redirectstorage/moe.shizuku.redirectstorage.ReceiverActivity}
11-20 22:10:02.728  1776  2239 W ActivityManager: Slow operation: 139ms so far, now at startProcess: starting to update pids map
11-20 22:10:02.728  1776  2239 W ActivityManager: Slow operation: 139ms so far, now at startProcess: done updating pids map
11-20 22:10:02.737  1776  2211 D NotificationService: handleSavePolicyFile
11-20 22:10:02.752  1776  2382 E VerityUtils: Failed to measure fs-verity, errno 1: /data/app/~~9XgFU1GUSu3Msd2glIEn5A==/com.pluscubed.matlog-lmvoTyN91Fb8mSvVEv1Q2A==/base.apk
11-20 22:10:02.766  1776  2238 W BroadcastQueue: Background execution not allowed: receiving Intent { act=android.intent.action.PACKAGE_ADDED dat=package:com.pluscubed.matlog flg=0x4000010 (has extras) } to com.google.android.gms/.gass.chimera.PackageChangeBroadcastReceiver
11-20 22:10:02.766  1776  2238 W BroadcastQueue: Background execution not allowed: receiving Intent { act=android.intent.action.PACKAGE_ADDED dat=package:com.pluscubed.matlog flg=0x4000010 (has extras) } to com.google.android.gms/.chimera.GmsIntentOperationService$PersistentTrustedReceiver
11-20 22:10:02.766  1776  2238 W BroadcastQueue: Background execution not allowed: receiving Intent { act=android.intent.action.PACKAGE_ADDED dat=package:com.pluscubed.matlog flg=0x4000010 (has extras) } to com.google.android.googlequicksearchbox/com.google.android.apps.gsa.googlequicksearchbox.GelStubAppWatcher
11-20 22:10:02.766  1776  2238 W BroadcastQueue: Background execution not allowed: receiving Intent { act=android.intent.action.PACKAGE_ADDED dat=package:com.pluscubed.matlog flg=0x4000010 (has extras) } to com.forfan.bigbang/.component.WakeUpBroadcastReceiver
11-20 22:10:02.766  1776  2238 W BroadcastQueue: Background execution not allowed: receiving Intent { act=android.intent.action.PACKAGE_ADDED dat=package:com.pluscubed.matlog flg=0x4000010 (has extras) } to com.neuedu.wisestu/cn.jpush.android.service.PushReceiver
11-20 22:10:02.766  1776  2238 W BroadcastQueue: Background execution not allowed: receiving Intent { act=android.intent.action.PACKAGE_ADDED dat=package:com.pluscubed.matlog flg=0x4000010 (has extras) } to com.oasisfeng.nevo/.setup.PackageAware
11-20 22:10:02.766  1776  2238 W BroadcastQueue: Background execution not allowed: receiving Intent { act=android.intent.action.PACKAGE_ADDED dat=package:com.pluscubed.matlog flg=0x4000010 (has extras) } to com.yxer.packageinstalles/.Install.SessionApks.PackageManagerReceiver
11-20 22:10:02.768  1776  2238 D CompatibilityChangeReporter: Compat change id reported: 135634846; UID 10179; state: DISABLED
11-20 22:10:02.768  1776  2238 D CompatibilityChangeReporter: Compat change id reported: 177438394; UID 10179; state: DISABLED
11-20 22:10:02.768  1776  2238 D CompatibilityChangeReporter: Compat change id reported: 135772972; UID 10179; state: DISABLED
11-20 22:10:02.768  1776  2238 D CompatibilityChangeReporter: Compat change id reported: 135754954; UID 10179; state: DISABLED
11-20 22:10:02.771  1776  2239 D CompatibilityChangeReporter: Compat change id reported: 143937733; UID 10179; state: DISABLED
11-20 22:10:02.817  1776  2239 I ActivityManager: Start proc 25545:com.oasisfeng.nevo:ui/u0a179 for broadcast {com.oasisfeng.nevo/com.oasisfeng.nevo.setup.PackageAware}
11-20 22:10:02.829  1776  2239 W ActivityManager: Slow operation: 63ms so far, now at startProcess: done updating pids map
11-20 22:10:02.842  1776  2208 W Looper  : Slow delivery took 333ms android.fg h=android.os.Handler c=com.android.server.om.OverlayManagerService$$ExternalSyntheticLambda2@8d2e82f m=0
11-20 22:10:02.842  1776  2208 W Looper  : Slow dispatch took 139ms android.fg h=android.os.Handler c=com.android.server.om.OverlayManagerService$$ExternalSyntheticLambda2@8d2e82f m=0
11-20 22:10:02.904  1776  1776 I NotificationService: action=android.intent.action.PACKAGE_CHANGED removing=false
11-20 22:10:02.919  1776  1776 I Telecom : DefaultDialerCache: Refreshing default dialer for user 0: now com.google.android.dialer: DDC.oR@ASQ
11-20 22:10:03.032  1776  5647 W ActivityManager: Slow operation: 51ms so far, now at attachApplicationLocked: after updateOomAdjLocked
11-20 22:10:03.033  1776  7552 I ActivityManager: Killing 24098:com.huawei.hwid/u0a272 (adj 925): empty #33
11-20 22:10:03.135  1776  7679 W ContentProviderHelper: Slow operation: 94ms so far, now at getContentProviderImpl: before updateLruProcess
11-20 22:10:03.135  1776  7679 W ContentProviderHelper: Slow operation: 94ms so far, now at getContentProviderImpl: after updateLruProcess
11-20 22:10:03.135  1776  7679 W ContentProviderHelper: Slow operation: 94ms so far, now at getContentProviderImpl: before updateOomAdj
11-20 22:10:03.136  1776  7679 W ContentProviderHelper: Slow operation: 94ms so far, now at getContentProviderImpl: after updateOomAdj
11-20 22:10:03.136  1776  7679 W ContentProviderHelper: Slow operation: 94ms so far, now at getContentProviderImpl: done!
11-20 22:10:03.137  1776  2208 D CompanionDeviceManagerService: onPackageModified(packageName = com.pluscubed.matlog)
11-20 22:10:03.147  1776  1776 W Looper  : Slow dispatch took 105ms main h=com.android.server.notification.NotificationManagerService$WorkerHandler c=com.android.server.notification.NotificationManagerService$CancelNotificationRunnable@b78aed m=0
11-20 22:10:03.151  1776  2212 W ActivityTaskManager: Activity top resumed state loss timeout for ActivityRecord{f0959ed u0 com.android.vending/com.google.android.finsky.pageframework.overlayactivity.PageControllerOverlayActivity t838}
11-20 22:10:03.152  1776  2212 W ActivityTaskManager: Activity pause timeout for ActivityRecord{f0959ed u0 com.android.vending/com.google.android.finsky.pageframework.overlayactivity.PageControllerOverlayActivity t838}
11-20 22:10:03.170  1776  6941 E PackageDexUsage: Unsupported context?
11-20 22:10:03.175  1776  3491 E PackageDexUsage: Unsupported context?
11-20 22:10:03.184  1776  2208 W Looper  : Drained
11-20 22:10:03.198  1776  7571 D CompatibilityChangeReporter: Compat change id reported: 168419799; UID 10179; state: DISABLED
11-20 22:10:03.214  1776  1776 W ActivityManager: Receiver with filter android.content.IntentFilter@24ede3f already registered for pid 1776, callerPackage is android
11-20 22:10:03.258  1776  1776 D CompatibilityChangeReporter: Compat change id reported: 175319604; UID 10179; state: DISABLED
11-20 22:10:03.262  1776  6908 D CompatibilityChangeReporter: Compat change id reported: 135634846; UID 10272; state: DISABLED
11-20 22:10:03.262  1776  6908 D CompatibilityChangeReporter: Compat change id reported: 177438394; UID 10272; state: DISABLED
11-20 22:10:03.262  1776  6908 D CompatibilityChangeReporter: Compat change id reported: 135772972; UID 10272; state: DISABLED
11-20 22:10:03.262  1776  6908 D CompatibilityChangeReporter: Compat change id reported: 135754954; UID 10272; state: ENABLED
11-20 22:10:03.262  1776  2239 D CompatibilityChangeReporter: Compat change id reported: 143937733; UID 10272; state: ENABLED
11-20 22:10:03.276  1776  2239 I ActivityManager: Start proc 25652:com.huawei.hwid.container2/u0a272 for content provider {com.huawei.hwid/com.huawei.hms.runtimekit.kitcontainerservice.KitProcessAgent2Provider}
11-20 22:10:03.281  1776  7552 W ActivityManager: Foreground service started from background can not have location/camera/microphone access: service com.github.kr328.clash/.service.TunService
11-20 22:10:03.287  1776  7607 E PackageDexUsage: Unsupported context?
11-20 22:10:03.323  1776  5642 E PackageDexUsage: Unsupported context?
11-20 22:10:03.410  1776  1776 W Looper  : Slow dispatch took 152ms main h=com.android.server.notification.NotificationManagerService$WorkerHandler c=com.android.server.notification.NotificationManagerService$NotificationListeners$$ExternalSyntheticLambda5@d5451ce m=0
11-20 22:10:03.416  1776  1776 D NotificationService: 0|com.github.kr328.clash|2131296555|null|10130: updating permissions
11-20 22:10:03.416  1776  1776 D NotificationService: 0|com.github.kr328.clash|2131296555|null|10130: destroying owner
11-20 22:10:03.423  1776  1776 D NotificationService: EnqueueNotificationRunnable.run for: 0|com.github.kr328.clash|2131296553|null|10130
11-20 22:10:03.493  1776  1776 D NotificationService: 0|com.android.vending|-56862258|null|10082: updating permissions
11-20 22:10:03.493  1776  1776 D NotificationService: 0|com.android.vending|-56862258|null|10082: destroying owner
11-20 22:10:03.617  1776  2236 W PackageManager: Failed registering loading progress callback. Package is fully loaded.
11-20 22:10:03.624  1776  1776 D NotificationService: 0|com.github.kr328.clash|2131296553|null|10130: updating permissions
11-20 22:10:03.624  1776  1776 D NotificationService: 0|com.github.kr328.clash|2131296553|null|10130: updating permissions
11-20 22:10:03.625  1776  1776 D NotificationService: 0|com.github.kr328.clash|2131296553|null|10130: updating permissions
11-20 22:10:03.625  1776  1776 D NotificationService: 0|com.github.kr328.clash|2131296553|null|10130: updating permissions
11-20 22:10:03.625  1776  1776 D NotificationService: 0|com.github.kr328.clash|2131296553|null|10130: updating permissions
11-20 22:10:03.625  1776  1776 D NotificationService: 0|com.github.kr328.clash|2131296553|null|10130: updating permissions
11-20 22:10:03.625  1776  1776 D NotificationService: 0|com.github.kr328.clash|2131296553|null|10130: updating permissions
11-20 22:10:03.625  1776  1776 D NotificationService: 0|com.github.kr328.clash|2131296553|null|10130: updating permissions
11-20 22:10:03.640  1776  3489 D CompatibilityChangeReporter: Compat change id reported: 135634846; UID 10235; state: DISABLED
11-20 22:10:03.640  1776  3489 D CompatibilityChangeReporter: Compat change id reported: 177438394; UID 10235; state: DISABLED
11-20 22:10:03.640  1776  3489 D CompatibilityChangeReporter: Compat change id reported: 135772972; UID 10235; state: DISABLED
11-20 22:10:03.641  1776  3489 D CompatibilityChangeReporter: Compat change id reported: 135754954; UID 10235; state: ENABLED
11-20 22:10:03.641  1776  2239 D CompatibilityChangeReporter: Compat change id reported: 143937733; UID 10235; state: ENABLED
11-20 22:10:03.668  1776  7595 E PackageDexUsage: Unsupported context?
11-20 22:10:03.670  1776  2239 I ActivityManager: Start proc 25727:rikka.appops/u0a235 for content provider {rikka.appops/rikka.appops.provider.AppOpsPreferenceProvider}
11-20 22:10:03.717  1776  7607 E PackageDexUsage: Unsupported context?
11-20 22:10:03.969  1776 18255 D CompatibilityChangeReporter: Compat change id reported: 168419799; UID 10150; state: DISABLED
11-20 22:10:04.028  1776  1776 D NotificationService: EnqueueNotificationRunnable.run for: 0|moe.shizuku.redirectstorage|378491831|package_added|10150
11-20 22:10:04.236  1776  1776 D NotificationService: 0|moe.shizuku.redirectstorage|378491831|package_added|10150: updating permissions
11-20 22:10:04.236  1776  1776 D NotificationService: 0|moe.shizuku.redirectstorage|378491831|package_added|10150: updating permissions
11-20 22:10:04.236  1776  1776 D NotificationService: 0|moe.shizuku.redirectstorage|378491831|package_added|10150: updating permissions
11-20 22:10:04.236  1776  1776 D NotificationService: 0|moe.shizuku.redirectstorage|378491831|package_added|10150: updating permissions
11-20 22:10:04.236  1776  1776 D NotificationService: 0|moe.shizuku.redirectstorage|378491831|package_added|10150: updating permissions
11-20 22:10:04.236  1776  1776 D NotificationService: 0|moe.shizuku.redirectstorage|378491831|package_added|10150: updating permissions
11-20 22:10:04.236  1776  1776 D NotificationService: 0|moe.shizuku.redirectstorage|378491831|package_added|10150: updating permissions
11-20 22:10:04.236  1776  1776 D NotificationService: 0|moe.shizuku.redirectstorage|378491831|package_added|10150: updating permissions
11-20 22:10:04.237  1776  1776 I NotificationHistory: History disabled for user 0
11-20 22:10:04.237  1776  1776 W NotificationHistory: Attempted to add notif for locked/gone/disabled user 0
11-20 22:10:04.280  1776  7679 W ActivityManager: Foreground service started from background can not have location/camera/microphone access: service com.github.kr328.clash/.service.TunService
11-20 22:10:04.282  1776  1776 D NotificationService: EnqueueNotificationRunnable.run for: 0|com.github.kr328.clash|2131296553|null|10130
11-20 22:10:04.290  1776 14452 D NotificationService: Marking notification as seen 0|moe.shizuku.redirectstorage|378491831|package_added|10150
11-20 22:10:04.626  1776  1776 D NotificationService: EnqueueNotificationRunnable.run for: 0|rikka.appops|378491831|null|10235
11-20 22:10:04.627  1776  1776 W Looper  : Slow dispatch took 186ms main h=com.android.server.notification.NotificationManagerService$WorkerHandler c=com.android.server.notification.NotificationManagerService$EnqueueNotificationRunnable@5d9e080 m=0
11-20 22:10:04.628  1776  1776 D NotificationService: 0|com.github.kr328.clash|2131296553|null|10130: updating permissions
11-20 22:10:04.628  1776  1776 D NotificationService: 0|com.github.kr328.clash|2131296553|null|10130: updating permissions
11-20 22:10:04.628  1776  1776 D NotificationService: 0|com.github.kr328.clash|2131296553|null|10130: updating permissions
11-20 22:10:04.628  1776  1776 D NotificationService: 0|com.github.kr328.clash|2131296553|null|10130: updating permissions
11-20 22:10:04.628  1776  1776 D NotificationService: 0|com.github.kr328.clash|2131296553|null|10130: updating permissions
11-20 22:10:04.628  1776  1776 D NotificationService: 0|com.github.kr328.clash|2131296553|null|10130: updating permissions
11-20 22:10:04.628  1776  1776 D NotificationService: 0|com.github.kr328.clash|2131296553|null|10130: updating permissions
11-20 22:10:04.628  1776  1776 D NotificationService: 0|com.github.kr328.clash|2131296553|null|10130: updating permissions
11-20 22:10:04.629  1776 18737 I ActivityManager: Background started FGS: Allowed [callingPackage: rikka.appops; callingUid: 10235; uidState: FGS ; intent: Intent { cmp=rikka.appops/.monitor.RecoveryService }; code:PROC_STATE_FGS; tempAllowListReason:<null>; targetSdkVersion:30; callerTargetSdkVersion:30; startForegroundCount:0; bindFromPackage:null]
11-20 22:10:04.634  1776  2212 W ActivityTaskManager: Activity top resumed state loss timeout for ActivityRecord{b1e6b6c u0 moe.shizuku.redirectstorage/.ReceiverActivity t839 f}}
11-20 22:10:04.634  1776  2212 W ActivityTaskManager: Activity pause timeout for ActivityRecord{b1e6b6c u0 moe.shizuku.redirectstorage/.ReceiverActivity t839 f}}
11-20 22:10:04.655  1776  1776 D NotificationService: EnqueueNotificationRunnable.run for: 0|rikka.appops|378491831|null|10235
11-20 22:10:04.662  1776  5751 W ActivityManager: Foreground service started from background can not have location/camera/microphone access: service rikka.appops/.monitor.RecoveryService
11-20 22:10:04.669  1776  5642 I ActivityManager: Killing 24419:com.google.android.webview:webview_service/u0a88 (adj 975): empty #33
11-20 22:10:04.672  1776  5642 I ActivityManager: Killing 11867:android.process.media/u0a31 (adj 975): empty #34
11-20 22:10:04.674  1776  1776 D NotificationService: EnqueueNotificationRunnable.run for: 0|rikka.appops|3|null|10235
11-20 22:10:04.677  1776  1776 D NotificationService: EnqueueNotificationRunnable.run for: 0|rikka.appops|3|null|10235
11-20 22:10:04.799  1776  5642 D NotificationAssistants: notifyAssistantVisibilityChangedLocked: 0|moe.shizuku.redirectstorage|378491831|package_added|10150
11-20 22:10:04.828  1776  1776 D NotificationService: 0|rikka.appops|378491831|null|10235: updating permissions
11-20 22:10:04.828  1776  1776 D NotificationService: 0|rikka.appops|378491831|null|10235: updating permissions
11-20 22:10:04.828  1776  1776 D NotificationService: 0|rikka.appops|378491831|null|10235: updating permissions
11-20 22:10:04.828  1776  1776 D NotificationService: 0|rikka.appops|378491831|null|10235: updating permissions
11-20 22:10:04.828  1776  1776 D NotificationService: 0|rikka.appops|378491831|null|10235: updating permissions
11-20 22:10:04.828  1776  1776 D NotificationService: 0|rikka.appops|378491831|null|10235: updating permissions
11-20 22:10:04.828  1776  1776 D NotificationService: 0|rikka.appops|378491831|null|10235: updating permissions
11-20 22:10:04.828  1776  1776 D NotificationService: 0|rikka.appops|378491831|null|10235: updating permissions
11-20 22:10:04.831  1776  1776 I NotificationHistory: History disabled for user 0
11-20 22:10:04.831  1776  1776 W NotificationHistory: Attempted to add notif for locked/gone/disabled user 0
11-20 22:10:04.858  1776  1776 D NotificationService: 0|rikka.appops|378491831|null|10235: updating permissions
11-20 22:10:04.858  1776  1776 D NotificationService: 0|rikka.appops|378491831|null|10235: updating permissions
11-20 22:10:04.858  1776  1776 D NotificationService: 0|rikka.appops|378491831|null|10235: updating permissions
11-20 22:10:04.858  1776  1776 D NotificationService: 0|rikka.appops|378491831|null|10235: updating permissions
11-20 22:10:04.858  1776  1776 D NotificationService: 0|rikka.appops|378491831|null|10235: updating permissions
11-20 22:10:04.858  1776  1776 D NotificationService: 0|rikka.appops|378491831|null|10235: updating permissions
11-20 22:10:04.858  1776  1776 D NotificationService: 0|rikka.appops|378491831|null|10235: updating permissions
11-20 22:10:04.858  1776  1776 D NotificationService: 0|rikka.appops|378491831|null|10235: updating permissions
11-20 22:10:04.859  1776  1776 I NotificationHistory: History disabled for user 0
11-20 22:10:04.859  1776  1776 W NotificationHistory: Attempted to add notif for locked/gone/disabled user 0
11-20 22:10:04.863  1776 18255 W AppOps  : setUidMode() called with a mode inconsistent with runtime permission state, this is discouraged and you should revoke the runtime permission instead: uid=10207, switchCode=51, mode=1, permission=android.permission.READ_PHONE_STATE
11-20 22:10:04.866  1776  5541 W AppOps  : setUidMode() called with a mode inconsistent with runtime permission state, this is discouraged and you should revoke the runtime permission instead: uid=10161, switchCode=51, mode=1, permission=android.permission.READ_PHONE_STATE
11-20 22:10:04.866  1776 14452 W AppOps  : setUidMode() called with a mode inconsistent with runtime permission state, this is discouraged and you should revoke the runtime permission instead: uid=10142, switchCode=51, mode=1, permission=android.permission.READ_PHONE_STATE
11-20 22:10:04.873  1776  7595 W AppOps  : setUidMode() called with a mode inconsistent with runtime permission state, this is discouraged and you should revoke the runtime permission instead: uid=10251, switchCode=51, mode=1, permission=android.permission.READ_PHONE_STATE
11-20 22:10:04.875  1776  7561 W AppOps  : setUidMode() called with a mode inconsistent with runtime permission state, this is discouraged and you should revoke the runtime permission instead: uid=10166, switchCode=51, mode=1, permission=android.permission.READ_PHONE_STATE
11-20 22:10:04.876  1776  1776 D NotificationService: 0|rikka.appops|3|null|10235: updating permissions
11-20 22:10:04.876  1776  7604 W AppOps  : setUidMode() called with a mode inconsistent with runtime permission state, this is discouraged and you should revoke the runtime permission instead: uid=10253, switchCode=51, mode=1, permission=android.permission.READ_PHONE_STATE
11-20 22:10:04.876  1776  1776 D NotificationService: 0|rikka.appops|3|null|10235: updating permissions
11-20 22:10:04.876  1776  1776 D NotificationService: 0|rikka.appops|3|null|10235: updating permissions
11-20 22:10:04.876  1776  1776 D NotificationService: 0|rikka.appops|3|null|10235: updating permissions
11-20 22:10:04.876  1776  1776 D NotificationService: 0|rikka.appops|3|null|10235: updating permissions
11-20 22:10:04.876  1776  1776 D NotificationService: 0|rikka.appops|3|null|10235: updating permissions
11-20 22:10:04.876  1776  1776 D NotificationService: 0|rikka.appops|3|null|10235: updating permissions
11-20 22:10:04.876  1776  7604 W AppOps  : setUidMode() called with a mode inconsistent with runtime permission state, this is discouraged and you should revoke the runtime permission instead: uid=10277, switchCode=51, mode=1, permission=android.permission.READ_PHONE_STATE
11-20 22:10:04.876  1776  1776 D NotificationService: 0|rikka.appops|3|null|10235: updating permissions
11-20 22:10:04.877  1776  1776 I NotificationHistory: History disabled for user 0
11-20 22:10:04.877  1776  1776 W NotificationHistory: Attempted to add notif for locked/gone/disabled user 0
11-20 22:10:04.901  1776  2032 W AppOps  : setUidMode() called with a mode inconsistent with runtime permission state, this is discouraged and you should revoke the runtime permission instead: uid=10322, switchCode=4, mode=1, permission=android.permission.READ_CONTACTS
11-20 22:10:04.904  1776  5500 W AppOps  : setUidMode() called with a mode inconsistent with runtime permission state, this is discouraged and you should revoke the runtime permission instead: uid=10270, switchCode=51, mode=1, permission=android.permission.READ_PHONE_STATE
11-20 22:10:04.932  1776  7552 W AppOps  : setUidMode() called with a mode inconsistent with runtime permission state, this is discouraged and you should revoke the runtime permission instead: uid=10288, switchCode=51, mode=1, permission=android.permission.READ_PHONE_STATE
11-20 22:10:04.946  1776  5642 W AppOps  : setUidMode() called with a mode inconsistent with runtime permission state, this is discouraged and you should revoke the runtime permission instead: uid=10343, switchCode=51, mode=1, permission=android.permission.READ_PHONE_STATE
11-20 22:10:04.951  1776  5642 W AppOps  : setUidMode() called with a mode inconsistent with runtime permission state, this is discouraged and you should revoke the runtime permission instead: uid=10197, switchCode=51, mode=1, permission=android.permission.READ_PHONE_STATE
11-20 22:10:04.951  1776  7552 W AppOps  : setUidMode() called with a mode inconsistent with runtime permission state, this is discouraged and you should revoke the runtime permission instead: uid=10304, switchCode=51, mode=1, permission=android.permission.READ_PHONE_STATE
11-20 22:10:04.965  1776 18255 W AppOps  : setUidMode() called with a mode inconsistent with runtime permission state, this is discouraged and you should revoke the runtime permission instead: uid=10162, switchCode=51, mode=1, permission=android.permission.READ_PHONE_STATE
11-20 22:10:04.973  1776  2211 D NotificationService: handleSavePolicyFile
11-20 22:10:04.985  1776  3731 W AppOps  : setUidMode() called with a mode inconsistent with runtime permission state, this is discouraged and you should revoke the runtime permission instead: uid=10217, switchCode=51, mode=1, permission=android.permission.READ_PHONE_STATE
11-20 22:10:04.987  1776  5736 W AppOps  : setUidMode() called with a mode inconsistent with runtime permission state, this is discouraged and you should revoke the runtime permission instead: uid=10276, switchCode=51, mode=1, permission=android.permission.READ_PHONE_STATE
11-20 22:10:04.995  1776  5500 W AppOps  : setUidMode() called with a mode inconsistent with runtime permission state, this is discouraged and you should revoke the runtime permission instead: uid=10329, switchCode=51, mode=1, permission=android.permission.READ_PHONE_STATE
11-20 22:10:05.018  1776  6803 W ActivityManager: Slow operation: 204ms so far, now at startProcess: done creating new process record
11-20 22:10:05.018  1776  6803 W ActivityManager: Slow operation: 204ms so far, now at startProcess: stepping in to startProcess
11-20 22:10:05.018  1776  6803 I ActivityManager: com.google.android.packageinstaller is exempt from freezer
11-20 22:10:05.023  1776  6803 D CompatibilityChangeReporter: Compat change id reported: 135634846; UID 10045; state: DISABLED
11-20 22:10:05.024  1776  6803 D CompatibilityChangeReporter: Compat change id reported: 177438394; UID 10045; state: DISABLED
11-20 22:10:05.024  1776  6803 D CompatibilityChangeReporter: Compat change id reported: 135772972; UID 10045; state: DISABLED
11-20 22:10:05.024  1776  6803 D CompatibilityChangeReporter: Compat change id reported: 135754954; UID 10045; state: ENABLED
11-20 22:10:05.024  1776  6803 W ActivityManager: Slow operation: 211ms so far, now at startProcess: done starting proc!
11-20 22:10:05.025  1776  2239 D CompatibilityChangeReporter: Compat change id reported: 143937733; UID 10045; state: ENABLED
11-20 22:10:05.035  1776  6803 I ActivityManager: Killing 22359:com.google.android.apps.photos/u0a329 (adj 975): empty #33
11-20 22:10:05.036  1776  2239 I ActivityManager: Start proc 25914:com.google.android.packageinstaller/u0a45 for broadcast {com.google.android.packageinstaller/com.android.packageinstaller.PackageInstalledReceiver}
11-20 22:10:05.037  1776  2033 W ActivityManager: Foreground service started from background can not have location/camera/microphone access: service rikka.appops/.monitor.MonitorService
11-20 22:10:05.037  1776  1776 W Looper  : Slow dispatch took 159ms main h=com.android.server.notification.NotificationManagerService$WorkerHandler c=com.android.server.notification.NotificationManagerService$$ExternalSyntheticLambda7@58efeb3 m=0
11-20 22:10:05.038  1776  1776 D NotificationService: 0|rikka.appops|3|null|10235: updating permissions
11-20 22:10:05.038  1776  1776 D NotificationService: 0|rikka.appops|3|null|10235: updating permissions
11-20 22:10:05.038  1776  1776 D NotificationService: 0|rikka.appops|3|null|10235: updating permissions
11-20 22:10:05.038  1776  1776 D NotificationService: 0|rikka.appops|3|null|10235: updating permissions
11-20 22:10:05.038  1776  1776 D NotificationService: 0|rikka.appops|3|null|10235: updating permissions
11-20 22:10:05.038  1776  1776 D NotificationService: 0|rikka.appops|3|null|10235: updating permissions
11-20 22:10:05.038  1776  1776 D NotificationService: 0|rikka.appops|3|null|10235: updating permissions
11-20 22:10:05.038  1776  1776 D NotificationService: 0|rikka.appops|3|null|10235: updating permissions
11-20 22:10:05.038  1776  2238 E NotificationService: Suppressing notification from package rikka.appops by user request.
11-20 22:10:05.052  1776  6803 W AppOps  : setUidMode() called with a mode inconsistent with runtime permission state, this is discouraged and you should revoke the runtime permission instead: uid=10367, switchCode=51, mode=1, permission=android.permission.READ_PHONE_STATE
11-20 22:10:05.052  1776  7569 W AppOps  : setUidMode() called with a mode inconsistent with runtime permission state, this is discouraged and you should revoke the runtime permission instead: uid=10225, switchCode=51, mode=1, permission=android.permission.READ_PHONE_STATE
11-20 22:10:05.060  1776  6908 W AppOps  : setUidMode() called with a mode inconsistent with runtime permission state, this is discouraged and you should revoke the runtime permission instead: uid=10152, switchCode=51, mode=1, permission=android.permission.READ_PHONE_STATE
11-20 22:10:05.074  1776  6803 W AppOps  : setUidMode() called with a mode inconsistent with runtime permission state, this is discouraged and you should revoke the runtime permission instead: uid=10229, switchCode=51, mode=1, permission=android.permission.READ_PHONE_STATE
11-20 22:10:05.080  1776 18737 W AppOps  : setUidMode() called with a mode inconsistent with runtime permission state, this is discouraged and you should revoke the runtime permission instead: uid=10157, switchCode=51, mode=1, permission=android.permission.READ_PHONE_STATE
11-20 22:10:05.092  1776  3491 W AppOps  : setUidMode() called with a mode inconsistent with runtime permission state, this is discouraged and you should revoke the runtime permission instead: uid=10259, switchCode=51, mode=1, permission=android.permission.READ_PHONE_STATE
11-20 22:10:05.093  1776 18737 W AppOps  : setUidMode() called with a mode inconsistent with runtime permission state, this is discouraged and you should revoke the runtime permission instead: uid=10135, switchCode=51, mode=1, permission=android.permission.READ_PHONE_STATE
11-20 22:10:05.094  1776  3731 W ActivityManager: Foreground service started from background can not have location/camera/microphone access: service rikka.appops/.monitor.MonitorService
11-20 22:10:05.097  1776  6803 W AppOps  : setUidMode() called with a mode inconsistent with runtime permission state, this is discouraged and you should revoke the runtime permission instead: uid=10210, switchCode=51, mode=1, permission=android.permission.READ_PHONE_STATE
11-20 22:10:05.097  1776  2033 W AppOps  : setUidMode() called with a mode inconsistent with runtime permission state, this is discouraged and you should revoke the runtime permission instead: uid=10132, switchCode=51, mode=1, permission=android.permission.READ_PHONE_STATE
11-20 22:10:05.103  1776  6803 W AppOps  : setUidMode() called with a mode inconsistent with runtime permission state, this is discouraged and you should revoke the runtime permission instead: uid=10203, switchCode=51, mode=1, permission=android.permission.READ_PHONE_STATE
11-20 22:10:05.103  1776  7185 W AppOps  : setUidMode() called with a mode inconsistent with runtime permission state, this is discouraged and you should revoke the runtime permission instead: uid=10299, switchCode=65, mode=1, permission=android.permission.READ_PHONE_NUMBERS
11-20 22:10:05.103  1776  7436 W AppOps  : setUidMode() called with a mode inconsistent with runtime permission state, this is discouraged and you should revoke the runtime permission instead: uid=10200, switchCode=51, mode=1, permission=android.permission.READ_PHONE_STATE
11-20 22:10:05.103  1776 18737 W AppOps  : setUidMode() called with a mode inconsistent with runtime permission state, this is discouraged and you should revoke the runtime permission instead: uid=10134, switchCode=51, mode=1, permission=android.permission.READ_PHONE_STATE
11-20 22:10:05.104  1776  7185 W AppOps  : setUidMode() called with a mode inconsistent with runtime permission state, this is discouraged and you should revoke the runtime permission instead: uid=10143, switchCode=51, mode=1, permission=android.permission.READ_PHONE_STATE
11-20 22:10:05.117  1776  7604 W AppOps  : setUidMode() called with a mode inconsistent with runtime permission state, this is discouraged and you should revoke the runtime permission instead: uid=10185, switchCode=51, mode=1, permission=android.permission.READ_PHONE_STATE
11-20 22:10:05.120  1776  7604 W AppOps  : setUidMode() called with a mode inconsistent with runtime permission state, this is discouraged and you should revoke the runtime permission instead: uid=10138, switchCode=51, mode=1, permission=android.permission.READ_PHONE_STATE
11-20 22:10:05.122  1776  7552 W AppOps  : setUidMode() called with a mode inconsistent with runtime permission state, this is discouraged and you should revoke the runtime permission instead: uid=10133, switchCode=51, mode=1, permission=android.permission.READ_PHONE_STATE
11-20 22:10:05.123  1776  5541 W AppOps  : setUidMode() called with a mode inconsistent with runtime permission state, this is discouraged and you should revoke the runtime permission instead: uid=10183, switchCode=51, mode=1, permission=android.permission.READ_PHONE_STATE
11-20 22:10:05.124  1776  3731 W AppOps  : setUidMode() called with a mode inconsistent with runtime permission state, this is discouraged and you should revoke the runtime permission instead: uid=10218, switchCode=51, mode=1, permission=android.permission.READ_PHONE_STATE
11-20 22:10:05.124  1776  7568 W AppOps  : setUidMode() called with a mode inconsistent with runtime permission state, this is discouraged and you should revoke the runtime permission instead: uid=10301, switchCode=51, mode=1, permission=android.permission.READ_PHONE_STATE
11-20 22:10:05.128  1776  7595 W AppOps  : setUidMode() called with a mode inconsistent with runtime permission state, this is discouraged and you should revoke the runtime permission instead: uid=10168, switchCode=51, mode=1, permission=android.permission.READ_PHONE_STATE
11-20 22:10:05.134  1776  3491 W AppOps  : setUidMode() called with a mode inconsistent with runtime permission state, this is discouraged and you should revoke the runtime permission instead: uid=10369, switchCode=51, mode=1, permission=android.permission.READ_PHONE_STATE
11-20 22:10:05.136  1776  5500 W AppOps  : setUidMode() called with a mode inconsistent with runtime permission state, this is discouraged and you should revoke the runtime permission instead: uid=10178, switchCode=51, mode=1, permission=android.permission.READ_PHONE_STATE
11-20 22:10:05.137  1776  7552 W AppOps  : setUidMode() called with a mode inconsistent with runtime permission state, this is discouraged and you should revoke the runtime permission instead: uid=10221, switchCode=51, mode=1, permission=android.permission.READ_PHONE_STATE
11-20 22:10:05.140  1776  3739 W AppOps  : setUidMode() called with a mode inconsistent with runtime permission state, this is discouraged and you should revoke the runtime permission instead: uid=10296, switchCode=51, mode=1, permission=android.permission.READ_PHONE_STATE
11-20 22:10:05.141  1776  6803 W AppOps  : setUidMode() called with a mode inconsistent with runtime permission state, this is discouraged and you should revoke the runtime permission instead: uid=10170, switchCode=51, mode=1, permission=android.permission.READ_PHONE_STATE
11-20 22:10:05.143  1776  3739 W AppOps  : setUidMode() called with a mode inconsistent with runtime permission state, this is discouraged and you should revoke the runtime permission instead: uid=10181, switchCode=51, mode=1, permission=android.permission.READ_PHONE_STATE
11-20 22:10:05.143  1776  5647 W AppOps  : setUidMode() called with a mode inconsistent with runtime permission state, this is discouraged and you should revoke the runtime permission instead: uid=10176, switchCode=51, mode=1, permission=android.permission.READ_PHONE_STATE
11-20 22:10:05.145  1776  7595 W AppOps  : setUidMode() called with a mode inconsistent with runtime permission state, this is discouraged and you should revoke the runtime permission instead: uid=10297, switchCode=51, mode=1, permission=android.permission.READ_PHONE_STATE
11-20 22:10:05.154  1776  2238 E NotificationService: Suppressing notification from package rikka.appops by user request.
11-20 22:10:05.155  1776 18737 W AppOps  : setUidMode() called with a mode inconsistent with runtime permission state, this is discouraged and you should revoke the runtime permission instead: uid=10145, switchCode=51, mode=1, permission=android.permission.READ_PHONE_STATE
11-20 22:10:05.163  1776  5500 W AppOps  : setUidMode() called with a mode inconsistent with runtime permission state, this is discouraged and you should revoke the runtime permission instead: uid=10146, switchCode=51, mode=1, permission=android.permission.READ_PHONE_STATE
11-20 22:10:05.181  1776  7609 W AppOps  : setUidMode() called with a mode inconsistent with runtime permission state, this is discouraged and you should revoke the runtime permission instead: uid=10154, switchCode=51, mode=1, permission=android.permission.READ_PHONE_STATE
11-20 22:10:05.182  1776  3739 D NotificationService: Marking notification as seen 0|rikka.appops|378491831|null|10235
11-20 22:10:05.201  1776  7185 W AppOps  : setUidMode() called with a mode inconsistent with runtime permission state, this is discouraged and you should revoke the runtime permission instead: uid=10171, switchCode=51, mode=1, permission=android.permission.READ_PHONE_STATE
11-20 22:10:05.203  1776  1776 D NotificationService: 0|rikka.appops|3|null|10235: updating permissions
11-20 22:10:05.204  1776  7604 W AppOps  : setUidMode() called with a mode inconsistent with runtime permission state, this is discouraged and you should revoke the runtime permission instead: uid=10175, switchCode=65, mode=1, permission=android.permission.READ_PHONE_NUMBERS
11-20 22:10:05.219  1776  7609 W AppOps  : setUidMode() called with a mode inconsistent with runtime permission state, this is discouraged and you should revoke the runtime permission instead: uid=10313, switchCode=51, mode=1, permission=android.permission.READ_PHONE_STATE
11-20 22:10:05.226  1776  6908 W AppOps  : setUidMode() called with a mode inconsistent with runtime permission state, this is discouraged and you should revoke the runtime permission instead: uid=10147, switchCode=51, mode=1, permission=android.permission.READ_PHONE_STATE
11-20 22:10:05.241  1776  5541 W AppOps  : setUidMode() called with a mode inconsistent with runtime permission state, this is discouraged and you should revoke the runtime permission instead: uid=10193, switchCode=51, mode=1, permission=android.permission.READ_PHONE_STATE
11-20 22:10:05.261  1776 18737 W AppOps  : setUidMode() called with a mode inconsistent with runtime permission state, this is discouraged and you should revoke the runtime permission instead: uid=10192, switchCode=51, mode=1, permission=android.permission.READ_PHONE_STATE
11-20 22:10:05.261  1776 18255 W AppOps  : setUidMode() called with a mode inconsistent with runtime permission state, this is discouraged and you should revoke the runtime permission instead: uid=10173, switchCode=51, mode=1, permission=android.permission.READ_PHONE_STATE
11-20 22:10:05.283  1776  7604 W AppOps  : setUidMode() called with a mode inconsistent with runtime permission state, this is discouraged and you should revoke the runtime permission instead: uid=10275, switchCode=65, mode=1, permission=android.permission.READ_PHONE_NUMBERS
11-20 22:10:05.285  1776 18255 W AppOps  : setUidMode() called with a mode inconsistent with runtime permission state, this is discouraged and you should revoke the runtime permission instead: uid=10169, switchCode=51, mode=1, permission=android.permission.READ_PHONE_STATE
11-20 22:10:05.286  1776  7604 W AppOps  : setUidMode() called with a mode inconsistent with runtime permission state, this is discouraged and you should revoke the runtime permission instead: uid=10294, switchCode=51, mode=1, permission=android.permission.READ_PHONE_STATE
11-20 22:10:05.287  1776  5647 W AppOps  : setUidMode() called with a mode inconsistent with runtime permission state, this is discouraged and you should revoke the runtime permission instead: uid=10227, switchCode=51, mode=1, permission=android.permission.READ_PHONE_STATE
11-20 22:10:05.293  1776  7569 I ActivityManager: Background started FGS: Allowed [callingPackage: rikka.appops; callingUid: 10235; uidState: FGS ; intent: Intent { cmp=rikka.appops/.monitor.RecoveryService }; code:PROC_STATE_FGS; tempAllowListReason:<null>; targetSdkVersion:30; callerTargetSdkVersion:30; startForegroundCount:0; bindFromPackage:null]
11-20 22:10:05.296  1776 16950 W AppOps  : setUidMode() called with a mode inconsistent with runtime permission state, this is discouraged and you should revoke the runtime permission instead: uid=10198, switchCode=51, mode=1, permission=android.permission.READ_PHONE_STATE
11-20 22:10:05.298  1776  5647 W AppOps  : setUidMode() called with a mode inconsistent with runtime permission state, this is discouraged and you should revoke the runtime permission instead: uid=10275, switchCode=51, mode=1, permission=android.permission.READ_PHONE_STATE
11-20 22:10:05.305  1776  5751 W AppOps  : setUidMode() called with a mode inconsistent with runtime permission state, this is discouraged and you should revoke the runtime permission instead: uid=10202, switchCode=51, mode=1, permission=android.permission.READ_PHONE_STATE
11-20 22:10:05.330  1776  7552 W AppOps  : setUidMode() called with a mode inconsistent with runtime permission state, this is discouraged and you should revoke the runtime permission instead: uid=10165, switchCode=51, mode=1, permission=android.permission.READ_PHONE_STATE
11-20 22:10:05.351  1776  7679 W AppOps  : setUidMode() called with a mode inconsistent with runtime permission state, this is discouraged and you should revoke the runtime permission instead: uid=10172, switchCode=51, mode=1, permission=android.permission.READ_PHONE_STATE
11-20 22:10:05.351  1776  3220 W AppOps  : setUidMode() called with a mode inconsistent with runtime permission state, this is discouraged and you should revoke the runtime permission instead: uid=10215, switchCode=51, mode=1, permission=android.permission.READ_PHONE_STATE
11-20 22:10:05.359  1776  7571 W ActivityManager: Foreground service started from background can not have location/camera/microphone access: service rikka.appops/.monitor.RecoveryService
11-20 22:10:05.365  1776  7609 W AppOps  : setUidMode() called with a mode inconsistent with runtime permission state, this is discouraged and you should revoke the runtime permission instead: uid=10206, switchCode=51, mode=1, permission=android.permission.READ_PHONE_STATE
11-20 22:10:05.375  1776  5736 W ActivityManager: Foreground service started from background can not have location/camera/microphone access: service com.github.kr328.clash/.service.TunService
11-20 22:10:05.382  1776  5541 W AppOps  : setUidMode() called with a mode inconsistent with runtime permission state, this is discouraged and you should revoke the runtime permission instead: uid=10284, switchCode=51, mode=1, permission=android.permission.READ_PHONE_STATE
11-20 22:10:05.393  1776  2033 W AppOps  : setUidMode() called with a mode inconsistent with runtime permission state, this is discouraged and you should revoke the runtime permission instead: uid=10242, switchCode=51, mode=1, permission=android.permission.READ_PHONE_STATE
11-20 22:10:05.397  1776  6908 W AppOps  : setUidMode() called with a mode inconsistent with runtime permission state, this is discouraged and you should revoke the runtime permission instead: uid=10208, switchCode=51, mode=1, permission=android.permission.READ_PHONE_STATE
