11-20 22:10:07.670  1776  7552 W AppOps  : setUidMode() called with a mode inconsistent with runtime permission state, this is discouraged and you should revoke the runtime permission instead: uid=10171, switchCode=51, mode=1, permission=android.permission.READ_PHONE_STATE
11-20 22:10:07.670  1776  3491 W AppOps  : setUidMode() called with a mode inconsistent with runtime permission state, this is discouraged and you should revoke the runtime permission instead: uid=10200, switchCode=51, mode=1, permission=android.permission.READ_PHONE_STATE
11-20 22:10:07.672  1776  7436 W AppOps  : setUidMode() called with a mode inconsistent with runtime permission state, this is discouraged and you should revoke the runtime permission instead: uid=10134, switchCode=51, mode=1, permission=android.permission.READ_PHONE_STATE
11-20 22:10:07.673  1776  7185 W AppOps  : setUidMode() called with a mode inconsistent with runtime permission state, this is discouraged and you should revoke the runtime permission instead: uid=10178, switchCode=51, mode=1, permission=android.permission.READ_PHONE_STATE
11-20 22:10:07.674  1776 14452 W AppOps  : setUidMode() called with a mode inconsistent with runtime permission state, this is discouraged and you should revoke the runtime permission instead: uid=10251, switchCode=51, mode=1, permission=android.permission.READ_PHONE_STATE
11-20 22:10:07.675  1776  7561 W AppOps  : setUidMode() called with a mode inconsistent with runtime permission state, this is discouraged and you should revoke the runtime permission instead: uid=10143, switchCode=51, mode=1, permission=android.permission.READ_PHONE_STATE
11-20 22:10:07.678  1776  5736 W AppOps  : setUidMode() called with a mode inconsistent with runtime permission state, this is discouraged and you should revoke the runtime permission instead: uid=10301, switchCode=51, mode=1, permission=android.permission.READ_PHONE_STATE
11-20 22:10:07.678  1776 14452 W AppOps  : setUidMode() called with a mode inconsistent with runtime permission state, this is discouraged and you should revoke the runtime permission instead: uid=10176, switchCode=51, mode=1, permission=android.permission.READ_PHONE_STATE
11-20 22:10:07.691  1776 16950 W AppOps  : setUidMode() called with a mode inconsistent with runtime permission state, this is discouraged and you should revoke the runtime permission instead: uid=10229, switchCode=51, mode=1, permission=android.permission.READ_PHONE_STATE
11-20 22:10:07.691  1776  2032 W AppOps  : setUidMode() called with a mode inconsistent with runtime permission state, this is discouraged and you should revoke the runtime permission instead: uid=10152, switchCode=51, mode=1, permission=android.permission.READ_PHONE_STATE
11-20 22:10:07.695  1776  5736 W AppOps  : setUidMode() called with a mode inconsistent with runtime permission state, this is discouraged and you should revoke the runtime permission instead: uid=10369, switchCode=51, mode=1, permission=android.permission.READ_PHONE_STATE
11-20 22:10:07.697  1776  3731 W AppOps  : setUidMode() called with a mode inconsistent with runtime permission state, this is discouraged and you should revoke the runtime permission instead: uid=10185, switchCode=51, mode=1, permission=android.permission.READ_PHONE_STATE
11-20 22:10:07.701  1776  6908 W AppOps  : setUidMode() called with a mode inconsistent with runtime permission state, this is discouraged and you should revoke the runtime permission instead: uid=10181, switchCode=51, mode=1, permission=android.permission.READ_PHONE_STATE
11-20 22:10:07.702  1776  6803 W AppOps  : setUidMode() called with a mode inconsistent with runtime permission state, this is discouraged and you should revoke the runtime permission instead: uid=10218, switchCode=51, mode=1, permission=android.permission.READ_PHONE_STATE
11-20 22:10:07.704  1776  7604 W AppOps  : setUidMode() called with a mode inconsistent with runtime permission state, this is discouraged and you should revoke the runtime permission instead: uid=10154, switchCode=51, mode=1, permission=android.permission.READ_PHONE_STATE
11-20 22:10:07.705  1776  5751 W AppOps  : setUidMode() called with a mode inconsistent with runtime permission state, this is discouraged and you should revoke the runtime permission instead: uid=10138, switchCode=51, mode=1, permission=android.permission.READ_PHONE_STATE
11-20 22:10:07.709  1776  2033 W AppOps  : setUidMode() called with a mode inconsistent with runtime permission state, this is discouraged and you should revoke the runtime permission instead: uid=10207, switchCode=51, mode=1, permission=android.permission.READ_PHONE_STATE
11-20 22:10:07.711  1776  6941 W AppOps  : setUidMode() called with a mode inconsistent with runtime permission state, this is discouraged and you should revoke the runtime permission instead: uid=10168, switchCode=51, mode=1, permission=android.permission.READ_PHONE_STATE
11-20 22:10:07.714  1776  2033 W AppOps  : setUidMode() called with a mode inconsistent with runtime permission state, this is discouraged and you should revoke the runtime permission instead: uid=10170, switchCode=51, mode=1, permission=android.permission.READ_PHONE_STATE
11-20 22:10:07.718  1776  7609 W AppOps  : setUidMode() called with a mode inconsistent with runtime permission state, this is discouraged and you should revoke the runtime permission instead: uid=10175, switchCode=65, mode=1, permission=android.permission.READ_PHONE_NUMBERS
11-20 22:10:07.719  1776  3731 W AppOps  : setUidMode() called with a mode inconsistent with runtime permission state, this is discouraged and you should revoke the runtime permission instead: uid=10275, switchCode=65, mode=1, permission=android.permission.READ_PHONE_NUMBERS
11-20 22:10:07.720  1776 14452 W AppOps  : setUidMode() called with a mode inconsistent with runtime permission state, this is discouraged and you should revoke the runtime permission instead: uid=10145, switchCode=51, mode=1, permission=android.permission.READ_PHONE_STATE
11-20 22:10:07.721  1776  7604 W AppOps  : setUidMode() called with a mode inconsistent with runtime permission state, this is discouraged and you should revoke the runtime permission instead: uid=10147, switchCode=51, mode=1, permission=android.permission.READ_PHONE_STATE
11-20 22:10:07.728  1776  7552 W AppOps  : setUidMode() called with a mode inconsistent with runtime permission state, this is discouraged and you should revoke the runtime permission instead: uid=10297, switchCode=51, mode=1, permission=android.permission.READ_PHONE_STATE
11-20 22:10:07.730  1776  7604 W AppOps  : setUidMode() called with a mode inconsistent with runtime permission state, this is discouraged and you should revoke the runtime permission instead: uid=10296, switchCode=51, mode=1, permission=android.permission.READ_PHONE_STATE
11-20 22:10:07.735  1776  7552 W AppOps  : setUidMode() called with a mode inconsistent with runtime permission state, this is discouraged and you should revoke the runtime permission instead: uid=10275, switchCode=51, mode=1, permission=android.permission.READ_PHONE_STATE
11-20 22:10:07.742  1776  3489 W AppOps  : setUidMode() called with a mode inconsistent with runtime permission state, this is discouraged and you should revoke the runtime permission instead: uid=10183, switchCode=51, mode=1, permission=android.permission.READ_PHONE_STATE
11-20 22:10:07.746  1776  3489 W AppOps  : setUidMode() called with a mode inconsistent with runtime permission state, this is discouraged and you should revoke the runtime permission instead: uid=10193, switchCode=51, mode=1, permission=android.permission.READ_PHONE_STATE
11-20 22:10:07.759  1776  2033 W AppOps  : setUidMode() called with a mode inconsistent with runtime permission state, this is discouraged and you should revoke the runtime permission instead: uid=10227, switchCode=51, mode=1, permission=android.permission.READ_PHONE_STATE
11-20 22:10:07.760  1776  5647 W AppOps  : setUidMode() called with a mode inconsistent with runtime permission state, this is discouraged and you should revoke the runtime permission instead: uid=10294, switchCode=51, mode=1, permission=android.permission.READ_PHONE_STATE
11-20 22:10:07.762  1776 14452 W AppOps  : setUidMode() called with a mode inconsistent with runtime permission state, this is discouraged and you should revoke the runtime permission instead: uid=10173, switchCode=51, mode=1, permission=android.permission.READ_PHONE_STATE
11-20 22:10:07.776  1776  5647 W AppOps  : setUidMode() called with a mode inconsistent with runtime permission state, this is discouraged and you should revoke the runtime permission instead: uid=10198, switchCode=51, mode=1, permission=android.permission.READ_PHONE_STATE
11-20 22:10:07.778  1776  7604 W AppOps  : setUidMode() called with a mode inconsistent with runtime permission state, this is discouraged and you should revoke the runtime permission instead: uid=10202, switchCode=51, mode=1, permission=android.permission.READ_PHONE_STATE
11-20 22:10:07.792  1776  7609 W AppOps  : setUidMode() called with a mode inconsistent with runtime permission state, this is discouraged and you should revoke the runtime permission instead: uid=10313, switchCode=51, mode=1, permission=android.permission.READ_PHONE_STATE
11-20 22:10:07.804  1776  5751 W AppOps  : setUidMode() called with a mode inconsistent with runtime permission state, this is discouraged and you should revoke the runtime permission instead: uid=10221, switchCode=51, mode=1, permission=android.permission.READ_PHONE_STATE
11-20 22:10:07.805  1776  3731 W AppOps  : setUidMode() called with a mode inconsistent with runtime permission state, this is discouraged and you should revoke the runtime permission instead: uid=10215, switchCode=51, mode=1, permission=android.permission.READ_PHONE_STATE
11-20 22:10:07.812  1776  7679 W AppOps  : setUidMode() called with a mode inconsistent with runtime permission state, this is discouraged and you should revoke the runtime permission instead: uid=10165, switchCode=51, mode=1, permission=android.permission.READ_PHONE_STATE
11-20 22:10:07.822  1776  3491 W AppOps  : setUidMode() called with a mode inconsistent with runtime permission state, this is discouraged and you should revoke the runtime permission instead: uid=10284, switchCode=51, mode=1, permission=android.permission.READ_PHONE_STATE
11-20 22:10:07.844  1776  2032 I ActivityManager: Killing 22475:com.google.android.apps.translate/u0a158 (adj 925): empty #33
11-20 22:10:07.873  1776  7604 W AppOps  : setUidMode() called with a mode inconsistent with runtime permission state, this is discouraged and you should revoke the runtime permission instead: uid=10206, switchCode=51, mode=1, permission=android.permission.READ_PHONE_STATE
11-20 22:10:07.883  1776  7604 W AppOps  : setUidMode() called with a mode inconsistent with runtime permission state, this is discouraged and you should revoke the runtime permission instead: uid=10208, switchCode=51, mode=1, permission=android.permission.READ_PHONE_STATE
11-20 22:10:07.891  1776  5647 W AppOps  : setUidMode() called with a mode inconsistent with runtime permission state, this is discouraged and you should revoke the runtime permission instead: uid=10211, switchCode=51, mode=1, permission=android.permission.READ_PHONE_STATE
11-20 22:10:07.895  1776  6908 W AppOps  : setUidMode() called with a mode inconsistent with runtime permission state, this is discouraged and you should revoke the runtime permission instead: uid=10359, switchCode=65, mode=1, permission=android.permission.READ_PHONE_NUMBERS
11-20 22:10:07.896  1776  5500 W AppOps  : setUidMode() called with a mode inconsistent with runtime permission state, this is discouraged and you should revoke the runtime permission instead: uid=10242, switchCode=51, mode=1, permission=android.permission.READ_PHONE_STATE
11-20 22:10:07.909  1776  5500 W AppOps  : setUidMode() called with a mode inconsistent with runtime permission state, this is discouraged and you should revoke the runtime permission instead: uid=10359, switchCode=51, mode=1, permission=android.permission.READ_PHONE_STATE
11-20 22:10:07.912  1776 16950 W AppOps  : setUidMode() called with a mode inconsistent with runtime permission state, this is discouraged and you should revoke the runtime permission instead: uid=10139, switchCode=51, mode=1, permission=android.permission.READ_PHONE_STATE
11-20 22:10:07.916  1776 16950 W AppOps  : setUidMode() called with a mode inconsistent with runtime permission state, this is discouraged and you should revoke the runtime permission instead: uid=10188, switchCode=51, mode=1, permission=android.permission.READ_PHONE_STATE
11-20 22:10:07.924  1776  7569 W AppOps  : setUidMode() called with a mode inconsistent with runtime permission state, this is discouraged and you should revoke the runtime permission instead: uid=10245, switchCode=51, mode=1, permission=android.permission.READ_PHONE_STATE
11-20 22:10:07.924  1776  7604 W AppOps  : setUidMode() called with a mode inconsistent with runtime permission state, this is discouraged and you should revoke the runtime permission instead: uid=10216, switchCode=51, mode=1, permission=android.permission.READ_PHONE_STATE
11-20 22:10:07.930  1776  7561 W AppOps  : setUidMode() called with a mode inconsistent with runtime permission state, this is discouraged and you should revoke the runtime permission instead: uid=10190, switchCode=51, mode=1, permission=android.permission.READ_PHONE_STATE
11-20 22:10:07.939  1776  3489 W AppOps  : setUidMode() called with a mode inconsistent with runtime permission state, this is discouraged and you should revoke the runtime permission instead: uid=10169, switchCode=51, mode=1, permission=android.permission.READ_PHONE_STATE
11-20 22:10:07.942  1776  7607 W AppOps  : setUidMode() called with a mode inconsistent with runtime permission state, this is discouraged and you should revoke the runtime permission instead: uid=10205, switchCode=51, mode=1, permission=android.permission.READ_PHONE_STATE
11-20 22:10:07.945  1776  7569 W AppOps  : setUidMode() called with a mode inconsistent with runtime permission state, this is discouraged and you should revoke the runtime permission instead: uid=10141, switchCode=51, mode=1, permission=android.permission.READ_PHONE_STATE
11-20 22:10:07.949  1776 16950 W AppOps  : setUidMode() called with a mode inconsistent with runtime permission state, this is discouraged and you should revoke the runtime permission instead: uid=10302, switchCode=51, mode=1, permission=android.permission.READ_PHONE_STATE
11-20 22:10:07.952  1776  7604 W AppOps  : setUidMode() called with a mode inconsistent with runtime permission state, this is discouraged and you should revoke the runtime permission instead: uid=10373, switchCode=51, mode=1, permission=android.permission.READ_PHONE_STATE
11-20 22:10:07.972  1776  5751 W AppOps  : setUidMode() called with a mode inconsistent with runtime permission state, this is discouraged and you should revoke the runtime permission instead: uid=10261, switchCode=51, mode=1, permission=android.permission.READ_PHONE_STATE
11-20 22:10:07.977  1776  5751 W AppOps  : setUidMode() called with a mode inconsistent with runtime permission state, this is discouraged and you should revoke the runtime permission instead: uid=10255, switchCode=51, mode=1, permission=android.permission.READ_PHONE_STATE
11-20 22:10:07.980  1776 14452 W AppOps  : setUidMode() called with a mode inconsistent with runtime permission state, this is discouraged and you should revoke the runtime permission instead: uid=10153, switchCode=51, mode=1, permission=android.permission.READ_PHONE_STATE
11-20 22:10:07.989  1776  5642 W AppOps  : setUidMode() called with a mode inconsistent with runtime permission state, this is discouraged and you should revoke the runtime permission instead: uid=10363, switchCode=51, mode=1, permission=android.permission.READ_PHONE_STATE
11-20 22:10:07.997  1776  6803 W AppOps  : setUidMode() called with a mode inconsistent with runtime permission state, this is discouraged and you should revoke the runtime permission instead: uid=10136, switchCode=0, mode=1, permission=android.permission.ACCESS_COARSE_LOCATION
11-20 22:10:08.001  1776  3489 W AppOps  : setUidMode() called with a mode inconsistent with runtime permission state, this is discouraged and you should revoke the runtime permission instead: uid=10228, switchCode=51, mode=1, permission=android.permission.READ_PHONE_STATE
11-20 22:10:08.006  1776  3489 W AppOps  : setUidMode() called with a mode inconsistent with runtime permission state, this is discouraged and you should revoke the runtime permission instead: uid=10136, switchCode=51, mode=1, permission=android.permission.READ_PHONE_STATE
11-20 22:10:08.058  1776  7436 W AppOps  : setUidMode() called with a mode inconsistent with runtime permission state, this is discouraged and you should revoke the runtime permission instead: uid=10180, switchCode=51, mode=1, permission=android.permission.READ_PHONE_STATE
11-20 22:10:08.138  1776  3491 D CompatibilityChangeReporter: Compat change id reported: 157233955; UID 10369; state: DISABLED
11-20 22:10:08.295  1776 18255 W ActivityManager: Foreground service started from background can not have location/camera/microphone access: service com.github.kr328.clash/.service.TunService
11-20 22:10:08.311  1776  1776 D NotificationService: EnqueueNotificationRunnable.run for: 0|com.github.kr328.clash|2131296553|null|10130
11-20 22:10:08.384  1776  1776 D NotificationService: EnqueueNotificationRunnable.run for: 0|com.omarea.scene|256|null|10289
11-20 22:10:08.412  1776  7609 D CompatibilityChangeReporter: Compat change id reported: 168419799; UID 10287; state: DISABLED
11-20 22:10:08.431  1776  7571 D CompatibilityChangeReporter: Compat change id reported: 168419799; UID 10369; state: DISABLED
11-20 22:10:08.512  1776  1776 D NotificationService: 0|com.github.kr328.clash|2131296553|null|10130: updating permissions
11-20 22:10:08.513  1776  1776 D NotificationService: 0|com.github.kr328.clash|2131296553|null|10130: updating permissions
11-20 22:10:08.513  1776  1776 D NotificationService: 0|com.github.kr328.clash|2131296553|null|10130: updating permissions
11-20 22:10:08.513  1776  1776 D NotificationService: 0|com.github.kr328.clash|2131296553|null|10130: updating permissions
11-20 22:10:08.513  1776  1776 D NotificationService: 0|com.github.kr328.clash|2131296553|null|10130: updating permissions
11-20 22:10:08.513  1776  1776 D NotificationService: 0|com.github.kr328.clash|2131296553|null|10130: updating permissions
11-20 22:10:08.513  1776  1776 D NotificationService: 0|com.github.kr328.clash|2131296553|null|10130: updating permissions
11-20 22:10:08.513  1776  1776 D NotificationService: 0|com.github.kr328.clash|2131296553|null|10130: updating permissions
11-20 22:10:08.586  1776  1776 D NotificationService: 0|com.omarea.scene|256|null|10289: updating permissions
11-20 22:10:08.586  1776  1776 D NotificationService: 0|com.omarea.scene|256|null|10289: updating permissions
11-20 22:10:08.586  1776  1776 D NotificationService: 0|com.omarea.scene|256|null|10289: updating permissions
11-20 22:10:08.586  1776  1776 D NotificationService: 0|com.omarea.scene|256|null|10289: updating permissions
11-20 22:10:08.586  1776  1776 D NotificationService: 0|com.omarea.scene|256|null|10289: updating permissions
11-20 22:10:08.586  1776  1776 D NotificationService: 0|com.omarea.scene|256|null|10289: updating permissions
11-20 22:10:08.586  1776  1776 D NotificationService: 0|com.omarea.scene|256|null|10289: updating permissions
11-20 22:10:08.586  1776  1776 D NotificationService: 0|com.omarea.scene|256|null|10289: updating permissions
11-20 22:10:08.759  1776  1776 W ActivityManager: Receiver with filter android.content.IntentFilter@3119ddf already registered for pid 1776, callerPackage is android
11-20 22:10:09.283  1776  1776 D NotificationService: EnqueueNotificationRunnable.run for: 0|com.github.kr328.clash|2131296553|null|10130
11-20 22:10:09.422  1776  1776 W ActivityManager: Receiver with filter android.content.IntentFilter@ea111b9 already registered for pid 1776, callerPackage is android
11-20 22:10:09.446  1776  7609 W ContentProviderHelper: Permission Denial: opening provider com.android.providers.contacts.ContactsProvider2 from ProcessRecord{7cdd4c 25321:com.tencent.mobileqq/u0a369} (pid=25321, uid=10369) requires android.permission.READ_CONTACTS or android.permission.WRITE_CONTACTS
11-20 22:10:09.485  1776  1776 D NotificationService: 0|com.github.kr328.clash|2131296553|null|10130: updating permissions
11-20 22:10:09.485  1776  1776 D NotificationService: 0|com.github.kr328.clash|2131296553|null|10130: updating permissions
11-20 22:10:09.485  1776  1776 D NotificationService: 0|com.github.kr328.clash|2131296553|null|10130: updating permissions
11-20 22:10:09.485  1776  1776 D NotificationService: 0|com.github.kr328.clash|2131296553|null|10130: updating permissions
11-20 22:10:09.485  1776  1776 D NotificationService: 0|com.github.kr328.clash|2131296553|null|10130: updating permissions
11-20 22:10:09.485  1776  1776 D NotificationService: 0|com.github.kr328.clash|2131296553|null|10130: updating permissions
11-20 22:10:09.485  1776  1776 D NotificationService: 0|com.github.kr328.clash|2131296553|null|10130: updating permissions
11-20 22:10:09.486  1776  1776 D NotificationService: 0|com.github.kr328.clash|2131296553|null|10130: updating permissions
11-20 22:10:10.283  1776  1776 D NotificationService: EnqueueNotificationRunnable.run for: 0|com.github.kr328.clash|2131296553|null|10130
11-20 22:10:10.465  1776  3220 E PackageDexUsage: Unsupported context?
11-20 22:10:10.484  1776  1776 D NotificationService: 0|com.github.kr328.clash|2131296553|null|10130: updating permissions
11-20 22:10:10.484  1776  1776 D NotificationService: 0|com.github.kr328.clash|2131296553|null|10130: updating permissions
11-20 22:10:10.484  1776  1776 D NotificationService: 0|com.github.kr328.clash|2131296553|null|10130: updating permissions
11-20 22:10:10.484  1776  1776 D NotificationService: 0|com.github.kr328.clash|2131296553|null|10130: updating permissions
11-20 22:10:10.484  1776  1776 D NotificationService: 0|com.github.kr328.clash|2131296553|null|10130: updating permissions
11-20 22:10:10.484  1776  1776 D NotificationService: 0|com.github.kr328.clash|2131296553|null|10130: updating permissions
11-20 22:10:10.484  1776  1776 D NotificationService: 0|com.github.kr328.clash|2131296553|null|10130: updating permissions
11-20 22:10:10.484  1776  1776 D NotificationService: 0|com.github.kr328.clash|2131296553|null|10130: updating permissions
11-20 22:10:10.735  1776  7568 E PackageDexUsage: Unsupported context?
11-20 22:10:10.769  1776  7568 E PackageDexUsage: Unsupported context?
11-20 22:10:11.310  1776  1776 D NotificationService: EnqueueNotificationRunnable.run for: 0|com.github.kr328.clash|2131296553|null|10130
11-20 22:10:11.447 25321 26373 W FileUtils: Failed to chmod(/data/user/0/com.tencent.mm/app_tbs): android.system.ErrnoException: chmod failed: EACCES (Permission denied)
11-20 22:10:11.448 25321 26373 W FileUtils: Failed to chmod(/data/user/0/com.tencent.mm/app_tbs_common_share): android.system.ErrnoException: chmod failed: EACCES (Permission denied)
11-20 22:10:11.512  1776  1776 D NotificationService: 0|com.github.kr328.clash|2131296553|null|10130: updating permissions
11-20 22:10:11.512  1776  1776 D NotificationService: 0|com.github.kr328.clash|2131296553|null|10130: updating permissions
11-20 22:10:11.512  1776  1776 D NotificationService: 0|com.github.kr328.clash|2131296553|null|10130: updating permissions
11-20 22:10:11.512  1776  1776 D NotificationService: 0|com.github.kr328.clash|2131296553|null|10130: updating permissions
11-20 22:10:11.512  1776  1776 D NotificationService: 0|com.github.kr328.clash|2131296553|null|10130: updating permissions
11-20 22:10:11.512  1776  1776 D NotificationService: 0|com.github.kr328.clash|2131296553|null|10130: updating permissions
11-20 22:10:11.512  1776  1776 D NotificationService: 0|com.github.kr328.clash|2131296553|null|10130: updating permissions
11-20 22:10:11.512  1776  1776 D NotificationService: 0|com.github.kr328.clash|2131296553|null|10130: updating permissions
11-20 22:10:11.572  1776  1776 D NotificationService: EnqueueNotificationRunnable.run for: 0|me.piebridge.brevent|-957621942|com.pluscubed.matlog|10327
11-20 22:10:11.575  1776 18737 I ActivityManager: Killing 24196:com.maxmpz.audioplayer/u0a281 (adj 995): empty #33
11-20 22:10:11.776  1776  1776 D NotificationService: 0|me.piebridge.brevent|-957621942|com.pluscubed.matlog|10327: updating permissions
11-20 22:10:11.776  1776  1776 D NotificationService: 0|me.piebridge.brevent|-957621942|com.pluscubed.matlog|10327: creating owner
11-20 22:10:11.776  1776  1776 D NotificationService: 0|me.piebridge.brevent|-957621942|com.pluscubed.matlog|10327: granting content://settings/system/notification_sound
11-20 22:10:11.776  1776  1776 D NotificationService: 0|me.piebridge.brevent|-957621942|com.pluscubed.matlog|10327: updating permissions
11-20 22:10:11.776  1776  1776 D NotificationService: 0|me.piebridge.brevent|-957621942|com.pluscubed.matlog|10327: granting content://settings/system/notification_sound
11-20 22:10:11.776  1776  1776 D NotificationService: 0|me.piebridge.brevent|-957621942|com.pluscubed.matlog|10327: updating permissions
11-20 22:10:11.776  1776  1776 D NotificationService: 0|me.piebridge.brevent|-957621942|com.pluscubed.matlog|10327: granting content://settings/system/notification_sound
11-20 22:10:11.776  1776  1776 D NotificationService: 0|me.piebridge.brevent|-957621942|com.pluscubed.matlog|10327: updating permissions
11-20 22:10:11.776  1776  1776 D NotificationService: 0|me.piebridge.brevent|-957621942|com.pluscubed.matlog|10327: granting content://settings/system/notification_sound
11-20 22:10:11.777  1776  1776 D NotificationService: 0|me.piebridge.brevent|-957621942|com.pluscubed.matlog|10327: updating permissions
11-20 22:10:11.777  1776  1776 D NotificationService: 0|me.piebridge.brevent|-957621942|com.pluscubed.matlog|10327: granting content://settings/system/notification_sound
11-20 22:10:11.777  1776  1776 D NotificationService: 0|me.piebridge.brevent|-957621942|com.pluscubed.matlog|10327: updating permissions
11-20 22:10:11.777  1776  1776 D NotificationService: 0|me.piebridge.brevent|-957621942|com.pluscubed.matlog|10327: granting content://settings/system/notification_sound
11-20 22:10:11.777  1776  1776 D NotificationService: 0|me.piebridge.brevent|-957621942|com.pluscubed.matlog|10327: updating permissions
11-20 22:10:11.777  1776  1776 D NotificationService: 0|me.piebridge.brevent|-957621942|com.pluscubed.matlog|10327: granting content://settings/system/notification_sound
11-20 22:10:11.777  1776  1776 D NotificationService: 0|me.piebridge.brevent|-957621942|com.pluscubed.matlog|10327: updating permissions
11-20 22:10:11.777  1776  1776 D NotificationService: 0|me.piebridge.brevent|-957621942|com.pluscubed.matlog|10327: granting content://settings/system/notification_sound
11-20 22:10:11.778  1776  1776 I NotificationHistory: History disabled for user 0
11-20 22:10:11.778  1776  1776 W NotificationHistory: Attempted to add notif for locked/gone/disabled user 0
11-20 22:10:11.838  1776 18737 D NotificationService: Marking notification as seen 0|me.piebridge.brevent|-957621942|com.pluscubed.matlog|10327
11-20 22:10:12.418  1776  3220 D NotificationAssistants: notifyAssistantVisibilityChangedLocked: 0|me.piebridge.brevent|-957621942|com.pluscubed.matlog|10327
11-20 22:10:12.418  1776  1776 D NotificationService: EnqueueNotificationRunnable.run for: 0|com.github.kr328.clash|2131296553|null|10130
11-20 22:10:12.622  1776  1776 D NotificationService: 0|com.github.kr328.clash|2131296553|null|10130: updating permissions
11-20 22:10:12.622  1776  1776 D NotificationService: 0|com.github.kr328.clash|2131296553|null|10130: updating permissions
11-20 22:10:12.622  1776  1776 D NotificationService: 0|com.github.kr328.clash|2131296553|null|10130: updating permissions
11-20 22:10:12.622  1776  1776 D NotificationService: 0|com.github.kr328.clash|2131296553|null|10130: updating permissions
11-20 22:10:12.622  1776  1776 D NotificationService: 0|com.github.kr328.clash|2131296553|null|10130: updating permissions
11-20 22:10:12.622  1776  1776 D NotificationService: 0|com.github.kr328.clash|2131296553|null|10130: updating permissions
11-20 22:10:12.622  1776  1776 D NotificationService: 0|com.github.kr328.clash|2131296553|null|10130: updating permissions
11-20 22:10:12.622  1776  1776 D NotificationService: 0|com.github.kr328.clash|2131296553|null|10130: updating permissions
11-20 22:10:12.647  1776  1776 W ActivityManager: Receiver with filter android.content.IntentFilter@8af7ade already registered for pid 1776, callerPackage is android
11-20 22:10:13.289  1776  1776 D NotificationService: EnqueueNotificationRunnable.run for: 0|com.github.kr328.clash|2131296553|null|10130
11-20 22:10:13.317  1776  1776 W ActivityManager: Receiver with filter android.content.IntentFilter@79929fd already registered for pid 1776, callerPackage is android
11-20 22:10:13.490  1776  1776 D NotificationService: 0|com.github.kr328.clash|2131296553|null|10130: updating permissions
11-20 22:10:13.491  1776  1776 D NotificationService: 0|com.github.kr328.clash|2131296553|null|10130: updating permissions
11-20 22:10:13.491  1776  1776 D NotificationService: 0|com.github.kr328.clash|2131296553|null|10130: updating permissions
11-20 22:10:13.491  1776  1776 D NotificationService: 0|com.github.kr328.clash|2131296553|null|10130: updating permissions
11-20 22:10:13.491  1776  1776 D NotificationService: 0|com.github.kr328.clash|2131296553|null|10130: updating permissions
11-20 22:10:13.491  1776  1776 D NotificationService: 0|com.github.kr328.clash|2131296553|null|10130: updating permissions
11-20 22:10:13.491  1776  1776 D NotificationService: 0|com.github.kr328.clash|2131296553|null|10130: updating permissions
11-20 22:10:13.491  1776  1776 D NotificationService: 0|com.github.kr328.clash|2131296553|null|10130: updating permissions
11-20 22:10:13.693  1776  3291 I ActivityManager: Killing 22690:com.microsoft.skydrive/u0a277 (adj 985): empty #33
11-20 22:10:14.006  1776  7607 I NotificationService: enqueueToast pkg=me.piebridge.brevent token=android.os.BinderProxy@5e6949 duration=1 displayId=0
11-20 22:10:14.010  1776  1776 D NotificationService: 0|me.piebridge.brevent|-957621942|com.pluscubed.matlog|10327: updating permissions
11-20 22:10:14.010  1776  1776 D NotificationService: 0|me.piebridge.brevent|-957621942|com.pluscubed.matlog|10327: destroying owner
11-20 22:10:14.020  1776  7607 D NotificationService: Show pkg=me.piebridge.brevent text=MatLog
11-20 22:10:14.292  1776  1776 D NotificationService: EnqueueNotificationRunnable.run for: 0|com.github.kr328.clash|2131296553|null|10130
11-20 22:10:14.309  1776  1776 D NotificationService: EnqueueNotificationRunnable.run for: 0|com.omarea.scene|256|null|10289
11-20 22:10:14.494  1776  1776 D NotificationService: 0|com.github.kr328.clash|2131296553|null|10130: updating permissions
11-20 22:10:14.495  1776  1776 D NotificationService: 0|com.github.kr328.clash|2131296553|null|10130: updating permissions
11-20 22:10:14.495  1776  1776 D NotificationService: 0|com.github.kr328.clash|2131296553|null|10130: updating permissions
11-20 22:10:14.495  1776  1776 D NotificationService: 0|com.github.kr328.clash|2131296553|null|10130: updating permissions
11-20 22:10:14.495  1776  1776 D NotificationService: 0|com.github.kr328.clash|2131296553|null|10130: updating permissions
11-20 22:10:14.495  1776  1776 D NotificationService: 0|com.github.kr328.clash|2131296553|null|10130: updating permissions
11-20 22:10:14.495  1776  1776 D NotificationService: 0|com.github.kr328.clash|2131296553|null|10130: updating permissions
11-20 22:10:14.495  1776  1776 D NotificationService: 0|com.github.kr328.clash|2131296553|null|10130: updating permissions
11-20 22:10:14.511  1776  1776 D NotificationService: 0|com.omarea.scene|256|null|10289: updating permissions
11-20 22:10:14.511  1776  1776 D NotificationService: 0|com.omarea.scene|256|null|10289: updating permissions
11-20 22:10:14.511  1776  1776 D NotificationService: 0|com.omarea.scene|256|null|10289: updating permissions
11-20 22:10:14.512  1776  1776 D NotificationService: 0|com.omarea.scene|256|null|10289: updating permissions
11-20 22:10:14.512  1776  1776 D NotificationService: 0|com.omarea.scene|256|null|10289: updating permissions
11-20 22:10:14.512  1776  1776 D NotificationService: 0|com.omarea.scene|256|null|10289: updating permissions
11-20 22:10:14.512  1776  1776 D NotificationService: 0|com.omarea.scene|256|null|10289: updating permissions
11-20 22:10:14.512  1776  1776 D NotificationService: 0|com.omarea.scene|256|null|10289: updating permissions
11-20 22:10:14.858  1776  5736 D NotificationService: clearEffects
11-20 22:10:15.289  1776  1776 D NotificationService: EnqueueNotificationRunnable.run for: 0|com.github.kr328.clash|2131296553|null|10130
11-20 22:10:15.377  1776  7569 D NotificationService: Marking notification as visible 0|com.omarea.scene|256|null|10289
11-20 22:10:15.380  1776  7569 D NotificationAssistants: notifyAssistantVisibilityChangedLocked: 0|com.omarea.scene|256|null|10289
11-20 22:10:15.380  1776  7569 D NotificationService: Marking notification as visible 0|com.tencent.mobileqq|1668976521|null|10369
11-20 22:10:15.381  1776  7569 D NotificationAssistants: notifyAssistantVisibilityChangedLocked: 0|com.tencent.mobileqq|1668976521|null|10369
11-20 22:10:15.382  1776  7569 D NotificationAssistants: notifyAssistantVisibilityChangedLocked: 0|moe.shizuku.redirectstorage|378491831|package_added|10150
11-20 22:10:15.383  1776  7569 D NotificationService: Marking notification as visible 0|com.github.kr328.clash|335544322|null|10130
11-20 22:10:15.384  1776  7569 D NotificationAssistants: notifyAssistantVisibilityChangedLocked: 0|com.github.kr328.clash|335544322|null|10130
11-20 22:10:15.386  1776  7569 D NotificationAssistants: notifyAssistantVisibilityChangedLocked: 0|rikka.appops|378491831|null|10235
11-20 22:10:15.388  1776  7569 D NotificationAssistants: notifyAssistantVisibilityChangedLocked: 0|com.google.android.apps.messaging|0|com.google.android.apps.messaging:sms:14|10081
11-20 22:10:15.492  1776  1776 D NotificationService: 0|com.github.kr328.clash|2131296553|null|10130: updating permissions
11-20 22:10:15.492  1776  1776 D NotificationService: 0|com.github.kr328.clash|2131296553|null|10130: updating permissions
11-20 22:10:15.492  1776  1776 D NotificationService: 0|com.github.kr328.clash|2131296553|null|10130: updating permissions
11-20 22:10:15.492  1776  1776 D NotificationService: 0|com.github.kr328.clash|2131296553|null|10130: updating permissions
11-20 22:10:15.492  1776  1776 D NotificationService: 0|com.github.kr328.clash|2131296553|null|10130: updating permissions
11-20 22:10:15.492  1776  1776 D NotificationService: 0|com.github.kr328.clash|2131296553|null|10130: updating permissions
11-20 22:10:15.492  1776  1776 D NotificationService: 0|com.github.kr328.clash|2131296553|null|10130: updating permissions
11-20 22:10:15.492  1776  1776 D NotificationService: 0|com.github.kr328.clash|2131296553|null|10130: updating permissions
11-20 22:10:15.880  1776  7569 D NotificationService: Marking notification as visible 0|com.wb.clipboard.pro|1234|null|10365
11-20 22:10:15.883  1776  7569 D NotificationAssistants: notifyAssistantVisibilityChangedLocked: 0|com.wb.clipboard.pro|1234|null|10365
11-20 22:10:15.884  1776  7569 D NotificationAssistants: notifyAssistantVisibilityChangedLocked: 0|com.eg.android.AlipayGphone|47|null|10363
11-20 22:10:15.884  1776  7569 D NotificationService: Marking notification as visible 0|com.github.kr328.clash|2131296553|null|10130
11-20 22:10:15.886  1776  7569 D NotificationAssistants: notifyAssistantVisibilityChangedLocked: 0|com.github.kr328.clash|2131296553|null|10130
11-20 22:10:15.887  1776  7569 D NotificationAssistants: notifyAssistantVisibilityChangedLocked: 0|me.piebridge.brevent|59526|null|10327
11-20 22:10:15.887  1776  7569 D NotificationService: Marking notification as visible 0|wangdaye.com.geometricweather|1|null|10166
11-20 22:10:15.890  1776  7569 D NotificationAssistants: notifyAssistantVisibilityChangedLocked: 0|wangdaye.com.geometricweather|1|null|10166
11-20 22:10:15.890  1776  7569 D NotificationService: Marking notification as visible 0|com.xiaomi.wearable|1001|null|10202
11-20 22:10:15.891  1776  7569 D NotificationAssistants: notifyAssistantVisibilityChangedLocked: 0|com.xiaomi.wearable|1001|null|10202
11-20 22:10:15.892  1776  7569 D NotificationAssistants: notifyAssistantVisibilityChangedLocked: 0|com.tencent.mobileqq|1668976521|null|10369
11-20 22:10:15.893  1776  7569 D NotificationAssistants: notifyAssistantVisibilityChangedLocked: 0|com.google.android.apps.messaging|0|com.google.android.apps.messaging:sms:14|10081
11-20 22:10:16.290  1776  1776 D NotificationService: EnqueueNotificationRunnable.run for: 0|com.github.kr328.clash|2131296553|null|10130
11-20 22:10:16.491  1776  1776 D NotificationService: 0|com.github.kr328.clash|2131296553|null|10130: updating permissions
11-20 22:10:16.491  1776  1776 D NotificationService: 0|com.github.kr328.clash|2131296553|null|10130: updating permissions
11-20 22:10:16.491  1776  1776 D NotificationService: 0|com.github.kr328.clash|2131296553|null|10130: updating permissions
11-20 22:10:16.491  1776  1776 D NotificationService: 0|com.github.kr328.clash|2131296553|null|10130: updating permissions
11-20 22:10:16.491  1776  1776 D NotificationService: 0|com.github.kr328.clash|2131296553|null|10130: updating permissions
11-20 22:10:16.492  1776  1776 D NotificationService: 0|com.github.kr328.clash|2131296553|null|10130: updating permissions
11-20 22:10:16.492  1776  1776 D NotificationService: 0|com.github.kr328.clash|2131296553|null|10130: updating permissions
11-20 22:10:16.492  1776  1776 D NotificationService: 0|com.github.kr328.clash|2131296553|null|10130: updating permissions
11-20 22:10:16.499  1776  1776 W ActivityManager: Receiver with filter android.content.IntentFilter@eab56ef already registered for pid 1776, callerPackage is android
11-20 22:10:16.710  1776  6908 D NotificationAssistants: notifyAssistantVisibilityChangedLocked: 0|com.omarea.scene|256|null|10289
11-20 22:10:16.712  1776  6908 D NotificationAssistants: notifyAssistantVisibilityChangedLocked: 0|moe.shizuku.redirectstorage|378491831|package_added|10150
11-20 22:10:16.713  1776  6908 D NotificationAssistants: notifyAssistantVisibilityChangedLocked: 0|com.wb.clipboard.pro|1234|null|10365
11-20 22:10:16.714  1776  6908 D NotificationAssistants: notifyAssistantVisibilityChangedLocked: 0|com.github.kr328.clash|335544322|null|10130
11-20 22:10:16.715  1776  6908 D NotificationAssistants: notifyAssistantVisibilityChangedLocked: 0|rikka.appops|378491831|null|10235
11-20 22:10:16.720  1776  6908 D NotificationAssistants: notifyAssistantVisibilityChangedLocked: 0|com.eg.android.AlipayGphone|47|null|10363
11-20 22:10:16.722  1776  6908 D NotificationAssistants: notifyAssistantVisibilityChangedLocked: 0|com.github.kr328.clash|2131296553|null|10130
11-20 22:10:16.723  1776  6908 D NotificationAssistants: notifyAssistantVisibilityChangedLocked: 0|me.piebridge.brevent|59526|null|10327
11-20 22:10:16.724  1776  6908 D NotificationAssistants: notifyAssistantVisibilityChangedLocked: 0|wangdaye.com.geometricweather|1|null|10166
11-20 22:10:16.725  1776  6908 D NotificationAssistants: notifyAssistantVisibilityChangedLocked: 0|com.xiaomi.wearable|1001|null|10202
11-20 22:10:16.854  1776  1776 D NotificationService: EnqueueNotificationRunnable.run for: 0|com.tencent.mobileqq|513|null|10369
11-20 22:10:17.058  1776  1776 D NotificationService: 0|com.tencent.mobileqq|513|null|10369: updating permissions
11-20 22:10:17.058  1776  1776 D NotificationService: 0|com.tencent.mobileqq|513|null|10369: updating permissions
11-20 22:10:17.058  1776  1776 D NotificationService: 0|com.tencent.mobileqq|513|null|10369: updating permissions
11-20 22:10:17.058  1776  1776 D NotificationService: 0|com.tencent.mobileqq|513|null|10369: updating permissions
11-20 22:10:17.058  1776  1776 D NotificationService: 0|com.tencent.mobileqq|513|null|10369: updating permissions
11-20 22:10:17.058  1776  1776 D NotificationService: 0|com.tencent.mobileqq|513|null|10369: updating permissions
11-20 22:10:17.058  1776  1776 D NotificationService: 0|com.tencent.mobileqq|513|null|10369: updating permissions
11-20 22:10:17.058  1776  1776 D NotificationService: 0|com.tencent.mobileqq|513|null|10369: updating permissions
11-20 22:10:17.059  1776  1776 I NotificationHistory: History disabled for user 0
11-20 22:10:17.059  1776  1776 W NotificationHistory: Attempted to add notif for locked/gone/disabled user 0
11-20 22:10:17.129  1776  1776 D NotificationService: EnqueueNotificationRunnable.run for: 0|com.tencent.mobileqq|514|null|10369
11-20 22:10:17.290  1776  1776 D NotificationService: EnqueueNotificationRunnable.run for: 0|com.github.kr328.clash|2131296553|null|10130
11-20 22:10:17.331  1776  1776 D NotificationService: 0|com.tencent.mobileqq|514|null|10369: updating permissions
11-20 22:10:17.331  1776  1776 D NotificationService: 0|com.tencent.mobileqq|514|null|10369: updating permissions
11-20 22:10:17.331  1776  1776 D NotificationService: 0|com.tencent.mobileqq|514|null|10369: updating permissions
11-20 22:10:17.331  1776  1776 D NotificationService: 0|com.tencent.mobileqq|514|null|10369: updating permissions
11-20 22:10:17.331  1776  1776 D NotificationService: 0|com.tencent.mobileqq|514|null|10369: updating permissions
11-20 22:10:17.331  1776  1776 D NotificationService: 0|com.tencent.mobileqq|514|null|10369: updating permissions
11-20 22:10:17.333  1776  1776 D NotificationService: 0|com.tencent.mobileqq|514|null|10369: updating permissions
11-20 22:10:17.333  1776  1776 D NotificationService: 0|com.tencent.mobileqq|514|null|10369: updating permissions
11-20 22:10:17.333  1776  1776 I NotificationHistory: History disabled for user 0
11-20 22:10:17.333  1776  1776 W NotificationHistory: Attempted to add notif for locked/gone/disabled user 0
11-20 22:10:17.356  1776  7569 D CompatibilityChangeReporter: Compat change id reported: 174042980; UID 10112; state: DISABLED
11-20 22:10:17.357  1776  7569 D CompatibilityChangeReporter: Compat change id reported: 181136395; UID 10112; state: DISABLED
11-20 22:10:17.357  1776  7569 D CompatibilityChangeReporter: Compat change id reported: 174042936; UID 10112; state: DISABLED
11-20 22:10:17.368  1776  1776 D NotificationService: EnqueueNotificationRunnable.run for: 0|com.omarea.scene|256|null|10289
11-20 22:10:17.493  1776  1776 D NotificationService: 0|com.github.kr328.clash|2131296553|null|10130: updating permissions
11-20 22:10:17.493  1776  1776 D NotificationService: 0|com.github.kr328.clash|2131296553|null|10130: updating permissions
11-20 22:10:17.493  1776  1776 D NotificationService: 0|com.github.kr328.clash|2131296553|null|10130: updating permissions
11-20 22:10:17.493  1776  1776 D NotificationService: 0|com.github.kr328.clash|2131296553|null|10130: updating permissions
11-20 22:10:17.493  1776  1776 D NotificationService: 0|com.github.kr328.clash|2131296553|null|10130: updating permissions
11-20 22:10:17.493  1776  1776 D NotificationService: 0|com.github.kr328.clash|2131296553|null|10130: updating permissions
11-20 22:10:17.493  1776  1776 D NotificationService: 0|com.github.kr328.clash|2131296553|null|10130: updating permissions
11-20 22:10:17.493  1776  1776 D NotificationService: 0|com.github.kr328.clash|2131296553|null|10130: updating permissions
11-20 22:10:17.569  1776  1776 D NotificationService: 0|com.omarea.scene|256|null|10289: updating permissions
11-20 22:10:17.570  1776  1776 D NotificationService: 0|com.omarea.scene|256|null|10289: updating permissions
11-20 22:10:17.570  1776  1776 D NotificationService: 0|com.omarea.scene|256|null|10289: updating permissions
11-20 22:10:17.570  1776  1776 D NotificationService: 0|com.omarea.scene|256|null|10289: updating permissions
11-20 22:10:17.570  1776  1776 D NotificationService: 0|com.omarea.scene|256|null|10289: updating permissions
11-20 22:10:17.570  1776  1776 D NotificationService: 0|com.omarea.scene|256|null|10289: updating permissions
11-20 22:10:17.570  1776  1776 D NotificationService: 0|com.omarea.scene|256|null|10289: updating permissions
11-20 22:10:17.570  1776  1776 D NotificationService: 0|com.omarea.scene|256|null|10289: updating permissions
11-20 22:10:17.621  1776  2238 W ProcessStats: Tracking association SourceState{74e8597 system/1000 BTopFgs #7584} whose proc state 2 is better than process ProcessState{2ed1384 com.xiaomi.wearable/10202 pkg=com.xiaomi.wearable} proc state 3 (237 skipped)
11-20 22:10:17.629  1776 14452 D CompatibilityChangeReporter: Compat change id reported: 157233955; UID 2000; state: ENABLED
11-20 22:10:17.660  1776  5647 I ActivityManager: Force stopping com.sdu.didi.psnger appid=10152 user=0: from pid 9010
11-20 22:10:17.670  1776  1776 I NotificationService: action=android.intent.action.PACKAGE_RESTARTED removing=false
11-20 22:10:17.671  1776  5647 I ActivityManager: Force stopping com.apple.android.music appid=10236 user=0: from pid 9010
11-20 22:10:17.674  1776  1776 I NotificationService: action=android.intent.action.PACKAGE_RESTARTED removing=false
11-20 22:10:17.853  1776  1776 D NotificationService: Timeout pkg=me.piebridge.brevent token=android.os.BinderProxy@5e6949
11-20 22:10:18.175  1776  5541 W NotificationService: Toast already killed. pkg=me.piebridge.brevent token=android.os.BinderProxy@5e6949
11-20 22:10:18.291  1776  1776 D NotificationService: EnqueueNotificationRunnable.run for: 0|com.github.kr328.clash|2131296553|null|10130
11-20 22:10:18.497  1776  1776 D NotificationService: 0|com.github.kr328.clash|2131296553|null|10130: updating permissions
11-20 22:10:18.497  1776  1776 D NotificationService: 0|com.github.kr328.clash|2131296553|null|10130: updating permissions
11-20 22:10:18.497  1776  1776 D NotificationService: 0|com.github.kr328.clash|2131296553|null|10130: updating permissions
11-20 22:10:18.498  1776  1776 D NotificationService: 0|com.github.kr328.clash|2131296553|null|10130: updating permissions
11-20 22:10:18.498  1776  1776 D NotificationService: 0|com.github.kr328.clash|2131296553|null|10130: updating permissions
11-20 22:10:18.498  1776  1776 D NotificationService: 0|com.github.kr328.clash|2131296553|null|10130: updating permissions
11-20 22:10:18.498  1776  1776 D NotificationService: 0|com.github.kr328.clash|2131296553|null|10130: updating permissions
11-20 22:10:18.498  1776  1776 D NotificationService: 0|com.github.kr328.clash|2131296553|null|10130: updating permissions
11-20 22:10:19.291  1776  1776 D NotificationService: EnqueueNotificationRunnable.run for: 0|com.github.kr328.clash|2131296553|null|10130
11-20 22:10:19.493  1776  1776 D NotificationService: 0|com.github.kr328.clash|2131296553|null|10130: updating permissions
11-20 22:10:19.493  1776  1776 D NotificationService: 0|com.github.kr328.clash|2131296553|null|10130: updating permissions
11-20 22:10:19.493  1776  1776 D NotificationService: 0|com.github.kr328.clash|2131296553|null|10130: updating permissions
11-20 22:10:19.493  1776  1776 D NotificationService: 0|com.github.kr328.clash|2131296553|null|10130: updating permissions
11-20 22:10:19.493  1776  1776 D NotificationService: 0|com.github.kr328.clash|2131296553|null|10130: updating permissions
11-20 22:10:19.493  1776  1776 D NotificationService: 0|com.github.kr328.clash|2131296553|null|10130: updating permissions
11-20 22:10:19.493  1776  1776 D NotificationService: 0|com.github.kr328.clash|2131296553|null|10130: updating permissions
11-20 22:10:19.493  1776  1776 D NotificationService: 0|com.github.kr328.clash|2131296553|null|10130: updating permissions
11-20 22:10:20.294  1776  1776 D NotificationService: EnqueueNotificationRunnable.run for: 0|com.github.kr328.clash|2131296553|null|10130
11-20 22:10:20.301  1776  1776 D NotificationService: EnqueueNotificationRunnable.run for: 0|com.omarea.scene|256|null|10289
11-20 22:10:20.351  1776  1776 W ActivityManager: Receiver with filter android.content.IntentFilter@f39d12a already registered for pid 1776, callerPackage is android
11-20 22:10:20.551  1776  1776 D NotificationService: 0|com.github.kr328.clash|2131296553|null|10130: updating permissions
11-20 22:10:20.551  1776  1776 D NotificationService: 0|com.github.kr328.clash|2131296553|null|10130: updating permissions
11-20 22:10:20.552  1776  1776 D NotificationService: 0|com.github.kr328.clash|2131296553|null|10130: updating permissions
11-20 22:10:20.552  1776  1776 D NotificationService: 0|com.github.kr328.clash|2131296553|null|10130: updating permissions
11-20 22:10:20.552  1776  1776 D NotificationService: 0|com.github.kr328.clash|2131296553|null|10130: updating permissions
11-20 22:10:20.552  1776  1776 D NotificationService: 0|com.github.kr328.clash|2131296553|null|10130: updating permissions
11-20 22:10:20.552  1776  1776 D NotificationService: 0|com.github.kr328.clash|2131296553|null|10130: updating permissions
11-20 22:10:20.552  1776  1776 D NotificationService: 0|com.github.kr328.clash|2131296553|null|10130: updating permissions
11-20 22:10:20.553  1776  1776 D NotificationService: 0|com.omarea.scene|256|null|10289: updating permissions
11-20 22:10:20.553  1776  1776 D NotificationService: 0|com.omarea.scene|256|null|10289: updating permissions
11-20 22:10:20.553  1776  1776 D NotificationService: 0|com.omarea.scene|256|null|10289: updating permissions
