11-20 22:09:35.478  1776  1776 D NotificationService: 0|com.github.kr328.clash|2131296553|null|10130: updating permissions
11-20 22:09:35.478  1776  1776 D NotificationService: 0|com.github.kr328.clash|2131296553|null|10130: updating permissions
11-20 22:09:35.478  1776  1776 D NotificationService: 0|com.github.kr328.clash|2131296553|null|10130: updating permissions
11-20 22:09:35.817  1776  3731 W ActivityManager: Background start not allowed: service Intent { cmp=com.maxmpz.audioplayer/.player.HeadsetMicroService } to com.maxmpz.audioplayer/.player.HeadsetMicroService from pid=24196 uid=10281 pkg=com.maxmpz.audioplayer startFg?=false
11-20 22:09:35.888  1776  3291 I ActivityManager: Killing 21209:com.azure.authenticator/u0a238 (adj 985): empty #33
11-20 22:09:35.890  1776  3291 I ActivityManager: Killing 21630:com.example.administrator.searchpicturetool/u0a187 (adj 985): empty #34
11-20 22:09:35.911  1776  3220 D CompatibilityChangeReporter: Compat change id reported: 168419799; UID 10277; state: DISABLED
11-20 22:09:35.913  1776  6803 W ActivityManager: Background start not allowed: service Intent { act=com.maxmpz.audioplayer.ACTION_SCAN_DIRS cmp=com.maxmpz.audioplayer/.scanner.ScanDispatcherService (has extras) } to com.maxmpz.audioplayer/.scanner.ScanDispatcherService from pid=24196 uid=10281 pkg=com.maxmpz.audioplayer startFg?=false
11-20 22:09:35.914  1776  3731 W ActivityManager: Unable to start service Intent { cmp=com.microsoft.skydrive/.upload.FileUploadService } U=0: not found
11-20 22:09:35.917  1776  3731 D CompatibilityChangeReporter: Compat change id reported: 135634846; UID 10300; state: DISABLED
11-20 22:09:35.918  1776  3731 D CompatibilityChangeReporter: Compat change id reported: 177438394; UID 10300; state: DISABLED
11-20 22:09:35.918  1776  3731 D CompatibilityChangeReporter: Compat change id reported: 135772972; UID 10300; state: DISABLED
11-20 22:09:35.918  1776  3731 D CompatibilityChangeReporter: Compat change id reported: 135754954; UID 10300; state: DISABLED
11-20 22:09:35.919  1776  2239 D CompatibilityChangeReporter: Compat change id reported: 143937733; UID 10300; state: DISABLED
11-20 22:09:35.924  1776  3731 I ActivityManager: Killing 20037:com.google.android.contacts/u0a92 (adj 985): empty #33
11-20 22:09:35.932  1776  2239 I ActivityManager: Start proc 24223:com.taptap/u0a300 for broadcast {com.taptap/com.play.taptap.receivers.TapBootCompletedReceiver}
11-20 22:09:36.016  1776  2032 I ActivityManager: Killing 22299:com.google.android.webview:sandboxed_process0:org.chromium.content.app.SandboxedProcessService0:0/u0a187i1 (adj 0): isolated not needed
11-20 22:09:36.151  1776  2213 D CompatibilityChangeReporter: Compat change id reported: 158002302; UID 10082; state: ENABLED
11-20 22:09:36.177  1776 14452 D CompatibilityChangeReporter: Compat change id reported: 168419799; UID 10300; state: DISABLED
11-20 22:09:36.212  1776  1776 W ActivityManager: Receiver with filter android.content.IntentFilter@ecb168e already registered for pid 1776, callerPackage is android
11-20 22:09:36.272  1776  5642 W ActivityManager: Foreground service started from background can not have location/camera/microphone access: service com.github.kr328.clash/.service.TunService
11-20 22:09:36.273  1776  1776 D NotificationService: EnqueueNotificationRunnable.run for: 0|com.github.kr328.clash|2131296553|null|10130
11-20 22:09:36.422  1776  5647 W ActivityManager: Foreground service started from background can not have location/camera/microphone access: service com.xiaomi.wearable/.wear.keepalive.KeepAliveService
11-20 22:09:36.424  1776  5647 I ActivityManager: Background started FGS: Allowed [callingPackage: com.xiaomi.wearable; callingUid: 10202; uidState: BFGS; intent: Intent { cmp=com.xiaomi.wearable/.wear.keepalive.KeepAliveService (has extras) }; code:PROC_STATE_BFGS; tempAllowListReason:<,reasonCode:SYSTEM_ALLOW_LISTED,duration:9223372036854775807,callingUid:-1>; targetSdkVersion:30; callerTargetSdkVersion:30; startForegroundCount:0; bindFromPackage:null]
11-20 22:09:36.431  1776  2238 I ActivityManager: Deferring FGS notification in legacy app com.xiaomi.wearable/u0a202 : Notification(channel=com.xiaomi.wearable-keepaliveservice shortcut=null contentView=null vibrate=null sound=null tick defaults=0x0 flags=0x42 color=0x00000000 vis=PRIVATE)
11-20 22:09:36.474  1776  1776 D NotificationService: 0|com.github.kr328.clash|2131296553|null|10130: updating permissions
11-20 22:09:36.474  1776  1776 D NotificationService: 0|com.github.kr328.clash|2131296553|null|10130: updating permissions
11-20 22:09:36.474  1776  1776 D NotificationService: 0|com.github.kr328.clash|2131296553|null|10130: updating permissions
11-20 22:09:36.474  1776  1776 D NotificationService: 0|com.github.kr328.clash|2131296553|null|10130: updating permissions
11-20 22:09:36.474  1776  1776 D NotificationService: 0|com.github.kr328.clash|2131296553|null|10130: updating permissions
11-20 22:09:36.474  1776  1776 D NotificationService: 0|com.github.kr328.clash|2131296553|null|10130: updating permissions
11-20 22:09:36.474  1776  1776 D NotificationService: 0|com.github.kr328.clash|2131296553|null|10130: updating permissions
11-20 22:09:36.474  1776  1776 D NotificationService: 0|com.github.kr328.clash|2131296553|null|10130: updating permissions
11-20 22:09:36.514  1776  1776 D NotificationService: EnqueueNotificationRunnable.run for: 0|com.android.vending|-56862258|null|10082
11-20 22:09:36.716  1776  1776 D NotificationService: 0|com.android.vending|-56862258|null|10082: updating permissions
11-20 22:09:36.716  1776  1776 D NotificationService: 0|com.android.vending|-56862258|null|10082: updating permissions
11-20 22:09:36.716  1776  1776 D NotificationService: 0|com.android.vending|-56862258|null|10082: updating permissions
11-20 22:09:36.716  1776  1776 D NotificationService: 0|com.android.vending|-56862258|null|10082: updating permissions
11-20 22:09:36.716  1776  1776 D NotificationService: 0|com.android.vending|-56862258|null|10082: updating permissions
11-20 22:09:36.716  1776  1776 D NotificationService: 0|com.android.vending|-56862258|null|10082: updating permissions
11-20 22:09:36.716  1776  1776 D NotificationService: 0|com.android.vending|-56862258|null|10082: updating permissions
11-20 22:09:36.716  1776  1776 D NotificationService: 0|com.android.vending|-56862258|null|10082: updating permissions
11-20 22:09:36.741  1776  2211 D NotificationService: handleSavePolicyFile
11-20 22:09:36.860  1776  7604 D CompatibilityChangeReporter: Compat change id reported: 171306433; UID 10300; state: DISABLED
11-20 22:09:36.885  1776  7604 W ProcessStats: Tracking association SourceState{74e8597 system/1000 BTopFgs #6042} whose proc state 2 is better than process ProcessState{2ed1384 com.xiaomi.wearable/10202 pkg=com.xiaomi.wearable} proc state 3 (196 skipped)
11-20 22:09:36.920  1776  5642 W ActivityManager: Background start not allowed: service Intent { cmp=com.taptap/com.mob.MobACService } to com.taptap/com.mob.MobACService from pid=24223 uid=10300 pkg=com.taptap startFg?=false
11-20 22:09:36.947  1776  3731 W ActivityManager: Background start not allowed: service Intent { cmp=com.taptap/com.mob.MobACService } to com.taptap/com.mob.MobACService from pid=24223 uid=10300 pkg=com.taptap startFg?=false
11-20 22:09:37.028  1776  3731 D CompatibilityChangeReporter: Compat change id reported: 135634846; UID 10300; state: DISABLED
11-20 22:09:37.028  1776  3731 D CompatibilityChangeReporter: Compat change id reported: 177438394; UID 10300; state: DISABLED
11-20 22:09:37.029  1776  3731 D CompatibilityChangeReporter: Compat change id reported: 135772972; UID 10300; state: DISABLED
11-20 22:09:37.029  1776  3731 D CompatibilityChangeReporter: Compat change id reported: 135754954; UID 10300; state: DISABLED
11-20 22:09:37.029  1776  2239 D CompatibilityChangeReporter: Compat change id reported: 143937733; UID 10300; state: DISABLED
11-20 22:09:37.042  1776  2239 I ActivityManager: Start proc 24306:com.taptap:va_core/u0a300 for content provider {com.taptap/com.lody.virtual.server.BinderProvider}
11-20 22:09:37.234  1776  7604 D IntervalStats: Unable to parse usage stats packages: [144, 145, 146, 148, 150, 160, 167, 171, 178, 181, 183, 191, 202, 203, 226, 259, 265, 267, 269, 271, 273, 274]
11-20 22:09:37.271  1776  7679 W ActivityManager: Foreground service started from background can not have location/camera/microphone access: service com.github.kr328.clash/.service.TunService
11-20 22:09:37.272  1776  1776 D NotificationService: EnqueueNotificationRunnable.run for: 0|com.github.kr328.clash|2131296553|null|10130
11-20 22:09:37.295  1776  7604 D IntervalStats: Unable to parse usage stats packages: [144, 160, 167, 178, 203, 265, 269, 273, 278, 307]
11-20 22:09:37.345  1776  7604 D IntervalStats: Unable to parse usage stats packages: [144, 160, 178, 203, 265, 269, 271, 307, 323, 328, 330]
11-20 22:09:37.385  1776  7604 D IntervalStats: Unable to parse usage stats packages: [144, 178, 203, 271, 307]
11-20 22:09:37.415  1776  2238 E NotificationVibratorHelper: Error creating vibration waveform with pattern: [0]
11-20 22:09:37.416  1776  1776 D NotificationService: EnqueueNotificationRunnable.run for: 0|com.wb.clipboard.pro|1234|null|10365
11-20 22:09:37.420  1776  7604 D IntervalStats: Unable to parse usage stats packages: [178, 203, 340]
11-20 22:09:37.473  1776  1776 D NotificationService: 0|com.github.kr328.clash|2131296553|null|10130: updating permissions
11-20 22:09:37.473  1776  1776 D NotificationService: 0|com.github.kr328.clash|2131296553|null|10130: updating permissions
11-20 22:09:37.474  1776  1776 D NotificationService: 0|com.github.kr328.clash|2131296553|null|10130: updating permissions
11-20 22:09:37.474  1776  1776 D NotificationService: 0|com.github.kr328.clash|2131296553|null|10130: updating permissions
11-20 22:09:37.474  1776  1776 D NotificationService: 0|com.github.kr328.clash|2131296553|null|10130: updating permissions
11-20 22:09:37.474  1776  1776 D NotificationService: 0|com.github.kr328.clash|2131296553|null|10130: updating permissions
11-20 22:09:37.474  1776  1776 D NotificationService: 0|com.github.kr328.clash|2131296553|null|10130: updating permissions
11-20 22:09:37.474  1776  1776 D NotificationService: 0|com.github.kr328.clash|2131296553|null|10130: updating permissions
11-20 22:09:37.621  1776  1776 D NotificationService: 0|com.wb.clipboard.pro|1234|null|10365: updating permissions
11-20 22:09:37.621  1776  1776 D NotificationService: 0|com.wb.clipboard.pro|1234|null|10365: creating owner
11-20 22:09:37.621  1776  1776 D NotificationService: 0|com.wb.clipboard.pro|1234|null|10365: granting content://settings/system/notification_sound
11-20 22:09:37.622  1776  1776 D NotificationService: 0|com.wb.clipboard.pro|1234|null|10365: updating permissions
11-20 22:09:37.622  1776  1776 D NotificationService: 0|com.wb.clipboard.pro|1234|null|10365: granting content://settings/system/notification_sound
11-20 22:09:37.622  1776  1776 D NotificationService: 0|com.wb.clipboard.pro|1234|null|10365: updating permissions
11-20 22:09:37.622  1776  1776 D NotificationService: 0|com.wb.clipboard.pro|1234|null|10365: granting content://settings/system/notification_sound
11-20 22:09:37.622  1776  1776 D NotificationService: 0|com.wb.clipboard.pro|1234|null|10365: updating permissions
11-20 22:09:37.622  1776  1776 D NotificationService: 0|com.wb.clipboard.pro|1234|null|10365: granting content://settings/system/notification_sound
11-20 22:09:37.622  1776  1776 D NotificationService: 0|com.wb.clipboard.pro|1234|null|10365: updating permissions
11-20 22:09:37.622  1776  1776 D NotificationService: 0|com.wb.clipboard.pro|1234|null|10365: granting content://settings/system/notification_sound
11-20 22:09:37.622  1776  1776 D NotificationService: 0|com.wb.clipboard.pro|1234|null|10365: updating permissions
11-20 22:09:37.622  1776  1776 D NotificationService: 0|com.wb.clipboard.pro|1234|null|10365: granting content://settings/system/notification_sound
11-20 22:09:37.622  1776  1776 D NotificationService: 0|com.wb.clipboard.pro|1234|null|10365: updating permissions
11-20 22:09:37.622  1776  1776 D NotificationService: 0|com.wb.clipboard.pro|1234|null|10365: granting content://settings/system/notification_sound
11-20 22:09:37.622  1776  1776 D NotificationService: 0|com.wb.clipboard.pro|1234|null|10365: updating permissions
11-20 22:09:37.622  1776  1776 D NotificationService: 0|com.wb.clipboard.pro|1234|null|10365: granting content://settings/system/notification_sound
11-20 22:09:37.626  1776  1776 I NotificationHistory: History disabled for user 0
11-20 22:09:37.626  1776  1776 W NotificationHistory: Attempted to add notif for locked/gone/disabled user 0
11-20 22:09:37.848  1776  1776 W ActivityManager: Receiver with filter android.content.IntentFilter@195fd32 already registered for pid 1776, callerPackage is android
11-20 22:09:38.058  1776  7569 W ActivityManager: Background start not allowed: service Intent { cmp=com.taptap/com.lody.virtual.client.stub.KeepAliveService } to com.taptap/com.lody.virtual.client.stub.KeepAliveService from pid=24306 uid=10300 pkg=com.taptap startFg?=false
11-20 22:09:38.272  1776 18737 W ActivityManager: Foreground service started from background can not have location/camera/microphone access: service com.github.kr328.clash/.service.TunService
11-20 22:09:38.273  1776  1776 D NotificationService: EnqueueNotificationRunnable.run for: 0|com.github.kr328.clash|2131296553|null|10130
11-20 22:09:38.306  1776  1776 D NotificationService: EnqueueNotificationRunnable.run for: 0|com.omarea.scene|256|null|10289
11-20 22:09:38.339 24306 24306 W PackageParser: Ignoring duplicate uses-permissions/uses-permissions-sdk-m: android.permission.REAL_GET_TASKS in package: com.huawei.hwid at: Binary XML file line #187
11-20 22:09:38.473  1776  1776 D NotificationService: 0|com.github.kr328.clash|2131296553|null|10130: updating permissions
11-20 22:09:38.474  1776  1776 D NotificationService: 0|com.github.kr328.clash|2131296553|null|10130: updating permissions
11-20 22:09:38.474  1776  1776 D NotificationService: 0|com.github.kr328.clash|2131296553|null|10130: updating permissions
11-20 22:09:38.474  1776  1776 D NotificationService: 0|com.github.kr328.clash|2131296553|null|10130: updating permissions
11-20 22:09:38.474  1776  1776 D NotificationService: 0|com.github.kr328.clash|2131296553|null|10130: updating permissions
11-20 22:09:38.474  1776  1776 D NotificationService: 0|com.github.kr328.clash|2131296553|null|10130: updating permissions
11-20 22:09:38.474  1776  1776 D NotificationService: 0|com.github.kr328.clash|2131296553|null|10130: updating permissions
11-20 22:09:38.474  1776  1776 D NotificationService: 0|com.github.kr328.clash|2131296553|null|10130: updating permissions
11-20 22:09:38.507  1776  1776 D NotificationService: 0|com.omarea.scene|256|null|10289: updating permissions
11-20 22:09:38.507  1776  1776 D NotificationService: 0|com.omarea.scene|256|null|10289: updating permissions
11-20 22:09:38.507  1776  1776 D NotificationService: 0|com.omarea.scene|256|null|10289: updating permissions
11-20 22:09:38.507  1776  1776 D NotificationService: 0|com.omarea.scene|256|null|10289: updating permissions
11-20 22:09:38.507  1776  1776 D NotificationService: 0|com.omarea.scene|256|null|10289: updating permissions
11-20 22:09:38.508  1776  1776 D NotificationService: 0|com.omarea.scene|256|null|10289: updating permissions
11-20 22:09:38.508  1776  1776 D NotificationService: 0|com.omarea.scene|256|null|10289: updating permissions
11-20 22:09:38.508  1776  1776 D NotificationService: 0|com.omarea.scene|256|null|10289: updating permissions
11-20 22:09:38.529  1776  1776 D NotificationService: 0|com.android.vending|-56862258|null|10082: updating permissions
11-20 22:09:38.529  1776  1776 D NotificationService: 0|com.android.vending|-56862258|null|10082: destroying owner
11-20 22:09:38.901  1776  2238 W BroadcastQueue: Permission Denial: broadcasting Intent { act=android.net.conn.CONNECTIVITY_CHANGE flg=0x4200010 (has extras) } from null (pid=-1, uid=-1) requires com.tencent.bugly.BuglyBroadcastReceiver.permission due to registered receiver BroadcastFilter{523368a 10300/u0 ReceiverList{c26d8f5 24306 com.taptap:va_core/10300/u0 remote:1262c}}
11-20 22:09:39.103  1776  2238 W BroadcastQueue: Permission Denial: broadcasting Intent { act=android.net.conn.CONNECTIVITY_CHANGE flg=0x4200010 (has extras) } from null (pid=-1, uid=-1) requires com.tencent.bugly.BuglyBroadcastReceiver.permission due to registered receiver BroadcastFilter{6da0a8d 10300/u0 ReceiverList{e123f24 24223 com.taptap/10300/u0 remote:2a49bb7}}
11-20 22:09:39.273  1776  2032 W ActivityManager: Foreground service started from background can not have location/camera/microphone access: service com.github.kr328.clash/.service.TunService
11-20 22:09:39.279  1776  1776 D NotificationService: EnqueueNotificationRunnable.run for: 0|com.github.kr328.clash|2131296553|null|10130
11-20 22:09:39.481  1776  1776 D NotificationService: 0|com.github.kr328.clash|2131296553|null|10130: updating permissions
11-20 22:09:39.481  1776  1776 D NotificationService: 0|com.github.kr328.clash|2131296553|null|10130: updating permissions
11-20 22:09:39.481  1776  1776 D NotificationService: 0|com.github.kr328.clash|2131296553|null|10130: updating permissions
11-20 22:09:39.481  1776  1776 D NotificationService: 0|com.github.kr328.clash|2131296553|null|10130: updating permissions
11-20 22:09:39.481  1776  1776 D NotificationService: 0|com.github.kr328.clash|2131296553|null|10130: updating permissions
11-20 22:09:39.482  1776  1776 D NotificationService: 0|com.github.kr328.clash|2131296553|null|10130: updating permissions
11-20 22:09:39.482  1776  1776 D NotificationService: 0|com.github.kr328.clash|2131296553|null|10130: updating permissions
11-20 22:09:39.482  1776  1776 D NotificationService: 0|com.github.kr328.clash|2131296553|null|10130: updating permissions
11-20 22:09:39.602  1776  5642 D CompatibilityChangeReporter: Compat change id reported: 135634846; UID 10088; state: DISABLED
11-20 22:09:39.603  1776  5642 D CompatibilityChangeReporter: Compat change id reported: 177438394; UID 10088; state: DISABLED
11-20 22:09:39.603  1776  5642 D CompatibilityChangeReporter: Compat change id reported: 135772972; UID 10088; state: DISABLED
11-20 22:09:39.603  1776  5642 D CompatibilityChangeReporter: Compat change id reported: 135754954; UID 10088; state: ENABLED
11-20 22:09:39.603  1776  2239 D CompatibilityChangeReporter: Compat change id reported: 143937733; UID 10088; state: ENABLED
11-20 22:09:39.623  1776  2239 I ActivityManager: Start proc 24419:com.google.android.webview:webview_service/u0a88 for service {com.google.android.webview/org.chromium.android_webview.services.VariationsSeedServer}
11-20 22:09:39.898  1776  7569 D CompatibilityChangeReporter: Compat change id reported: 168419799; UID 10088; state: DISABLED
11-20 22:09:40.164  1776  3731 W ActivityManager: Unable to start service Intent { act=com.bun.msa.action.start.service cmp=com.mdid.msa/.service.MsaKlService (has extras) } U=0: not found
11-20 22:09:40.175  1776  7569 W ActivityManager: Unable to start service Intent { act=com.bun.msa.action.bindto.service cmp=com.mdid.msa/.service.MsaIdService (has extras) } U=0: not found
11-20 22:09:40.180  1776  7604 W ActivityManager: Background start not allowed: service Intent { act=com.taobao.accs.intent.action.RECEIVE pkg=com.taptap cmp=com.taptap/com.taobao.accs.data.MsgDistributeService (has extras) } to com.taptap/com.taobao.accs.data.MsgDistributeService from pid=24223 uid=10300 pkg=com.taptap startFg?=false
11-20 22:09:40.246  1776 14452 W ActivityManager: Background start not allowed: service Intent { act=com.alibaba.sdk.android.push.CHECK_SERVICE cmp=com.taptap/com.alibaba.sdk.android.push.channel.CheckService } to com.taptap/com.alibaba.sdk.android.push.channel.CheckService from pid=24223 uid=10300 pkg=com.taptap startFg?=false
11-20 22:09:40.268  1776 14452 W ActivityManager: Background start not allowed: service Intent { cmp=com.taptap/com.mob.MobACService } to com.taptap/com.mob.MobACService from pid=24223 uid=10300 pkg=com.taptap startFg?=false
11-20 22:09:40.273  1776 14452 W ActivityManager: Foreground service started from background can not have location/camera/microphone access: service com.github.kr328.clash/.service.TunService
11-20 22:09:40.274  1776  1776 D NotificationService: EnqueueNotificationRunnable.run for: 0|com.github.kr328.clash|2131296553|null|10130
11-20 22:09:40.509  1776  1776 D NotificationService: 0|com.github.kr328.clash|2131296553|null|10130: updating permissions
11-20 22:09:40.509  1776  1776 D NotificationService: 0|com.github.kr328.clash|2131296553|null|10130: updating permissions
11-20 22:09:40.509  1776  1776 D NotificationService: 0|com.github.kr328.clash|2131296553|null|10130: updating permissions
11-20 22:09:40.509  1776  1776 D NotificationService: 0|com.github.kr328.clash|2131296553|null|10130: updating permissions
11-20 22:09:40.509  1776  1776 D NotificationService: 0|com.github.kr328.clash|2131296553|null|10130: updating permissions
11-20 22:09:40.509  1776  1776 D NotificationService: 0|com.github.kr328.clash|2131296553|null|10130: updating permissions
11-20 22:09:40.509  1776  1776 D NotificationService: 0|com.github.kr328.clash|2131296553|null|10130: updating permissions
11-20 22:09:40.509  1776  1776 D NotificationService: 0|com.github.kr328.clash|2131296553|null|10130: updating permissions
11-20 22:09:40.511  1776  6908 I ActivityManager: Killing 22113:com.google.android.apps.googlevoice/u0a313 (adj 985): empty #33
11-20 22:09:40.684  1776  5647 W ActivityManager: Background start not allowed: service Intent { act=com.alibaba.sdk.android.push.RECEIVE pkg=com.taptap cmp=com.taptap/.push.TapAliyunMessageIntentService (has extras) } to com.taptap/.push.TapAliyunMessageIntentService from pid=24223 uid=10300 pkg=com.taptap startFg?=false
11-20 22:09:40.942  1776  7568 I ActivityManager: Killing 22216:com.google.android.apps.nbu.files/u0a197 (adj 995): empty #33
11-20 22:09:41.000  1776 18737 D CompatibilityChangeReporter: Compat change id reported: 168419799; UID 10281; state: DISABLED
11-20 22:09:41.011  1776  7679 W ActivityManager: Background start not allowed: service Intent { act=com.maxmpz.audioplayer.ACTION_SCAN_DIRS cmp=com.maxmpz.audioplayer/.scanner.ScanDispatcherService (has extras) } to com.maxmpz.audioplayer/.scanner.ScanDispatcherService from pid=24196 uid=10281 pkg=com.maxmpz.audioplayer startFg?=false
11-20 22:09:41.020  1776  7679 W ActivityManager: Unable to start service Intent { cmp=com.microsoft.skydrive/.upload.FileUploadService } U=0: not found
11-20 22:09:41.262  1776  7571 W BroadcastQueue: Permission Denial: receiving Intent { act=android.intent.action.SERVICE_STATE flg=0x1000010 (has extras) } to com.android.cellbroadcastreceiver.module/com.android.cellbroadcastreceiver.CellBroadcastReceiver requires android.permission.READ_PHONE_STATE due to sender android (uid 1001)
11-20 22:09:41.268  1776  2238 W BroadcastQueue: Permission Denial: receiving Intent { act=android.intent.action.SERVICE_STATE flg=0x1000010 (has extras) } to com.android.cellbroadcastreceiver.module/com.android.cellbroadcastreceiver.CellBroadcastReceiver requires android.permission.READ_PHONE_STATE due to sender android (uid 1001)
11-20 22:09:41.268  1776  2238 W BroadcastQueue: Permission Denial: receiving Intent { act=android.intent.action.SERVICE_STATE flg=0x1000010 (has extras) } to com.android.cellbroadcastreceiver.module/com.android.cellbroadcastreceiver.CellBroadcastReceiver requires android.permission.READ_PHONE_STATE due to sender android (uid 1001)
11-20 22:09:41.271  1776  2238 D CompatibilityChangeReporter: Compat change id reported: 168419799; UID 10066; state: DISABLED
11-20 22:09:41.276  1776  2209 D CompatibilityChangeReporter: Compat change id reported: 171306433; UID 10066; state: ENABLED
11-20 22:09:41.277  1776  2032 W ActivityManager: Foreground service started from background can not have location/camera/microphone access: service com.github.kr328.clash/.service.TunService
11-20 22:09:41.277  1776  1776 D NotificationService: EnqueueNotificationRunnable.run for: 0|com.github.kr328.clash|2131296553|null|10130
11-20 22:09:41.478  1776  1776 D NotificationService: 0|com.github.kr328.clash|2131296553|null|10130: updating permissions
11-20 22:09:41.478  1776  1776 D NotificationService: 0|com.github.kr328.clash|2131296553|null|10130: updating permissions
11-20 22:09:41.479  1776  1776 D NotificationService: 0|com.github.kr328.clash|2131296553|null|10130: updating permissions
11-20 22:09:41.479  1776  1776 D NotificationService: 0|com.github.kr328.clash|2131296553|null|10130: updating permissions
11-20 22:09:41.479  1776  1776 D NotificationService: 0|com.github.kr328.clash|2131296553|null|10130: updating permissions
11-20 22:09:41.479  1776  1776 D NotificationService: 0|com.github.kr328.clash|2131296553|null|10130: updating permissions
11-20 22:09:41.479  1776  1776 D NotificationService: 0|com.github.kr328.clash|2131296553|null|10130: updating permissions
11-20 22:09:41.479  1776  1776 D NotificationService: 0|com.github.kr328.clash|2131296553|null|10130: updating permissions
11-20 22:09:41.650  1776  5647 D CompatibilityChangeReporter: Compat change id reported: 135634846; UID 10066; state: DISABLED
11-20 22:09:41.650  1776  5647 D CompatibilityChangeReporter: Compat change id reported: 177438394; UID 10066; state: DISABLED
11-20 22:09:41.650  1776  5647 D CompatibilityChangeReporter: Compat change id reported: 135772972; UID 10066; state: DISABLED
11-20 22:09:41.650  1776  5647 D CompatibilityChangeReporter: Compat change id reported: 135754954; UID 10066; state: ENABLED
11-20 22:09:41.651  1776  2239 D CompatibilityChangeReporter: Compat change id reported: 143937733; UID 10066; state: ENABLED
11-20 22:09:41.669  1776  2239 I ActivityManager: Start proc 24544:com.google.android.projection.gearhead:car/u0a66 for broadcast {com.google.android.projection.gearhead/com.google.android.apps.auto.carservice.gmscorecompat.CarBluetoothReceiver}
11-20 22:09:41.698  1776  1776 W ActivityManager: Receiver with filter android.content.IntentFilter@ad37420 already registered for pid 1776, callerPackage is android
11-20 22:09:41.717  1776  5751 D CompatibilityChangeReporter: Compat change id reported: 157233955; UID 10066; state: ENABLED
11-20 22:09:42.273  1776  7436 W ActivityManager: Foreground service started from background can not have location/camera/microphone access: service com.github.kr328.clash/.service.TunService
11-20 22:09:42.274  1776  1776 D NotificationService: EnqueueNotificationRunnable.run for: 0|com.github.kr328.clash|2131296553|null|10130
11-20 22:09:42.315  1776  7595 D CompatibilityChangeReporter: Compat change id reported: 168419799; UID 10166; state: DISABLED
11-20 22:09:42.323  1776  7595 D CompatibilityChangeReporter: Compat change id reported: 168419799; UID 10302; state: DISABLED
11-20 22:09:42.346  1776  7568 W BroadcastQueue: Permission Denial: receiving Intent { act=android.intent.action.SERVICE_STATE flg=0x1000010 (has extras) } to com.android.cellbroadcastreceiver.module/com.android.cellbroadcastreceiver.CellBroadcastReceiver requires android.permission.READ_PHONE_STATE due to sender android (uid 1001)
11-20 22:09:42.348  1776  2238 W BroadcastQueue: Background execution not allowed: receiving Intent { act=android.bluetooth.adapter.action.CONNECTION_STATE_CHANGED flg=0x4000010 (has extras) } to com.google.android.gms/.chimera.GmsIntentOperationService$PersistentTrustedReceiver
11-20 22:09:42.348  1776  2238 W BroadcastQueue: Permission Denial: receiving Intent { act=android.intent.action.SERVICE_STATE flg=0x1000010 (has extras) } to com.android.cellbroadcastreceiver.module/com.android.cellbroadcastreceiver.CellBroadcastReceiver requires android.permission.READ_PHONE_STATE due to sender android (uid 1001)
11-20 22:09:42.444  1776  5751 D CompatibilityChangeReporter: Compat change id reported: 135634846; UID 10036; state: DISABLED
11-20 22:09:42.444  1776  5751 D CompatibilityChangeReporter: Compat change id reported: 177438394; UID 10036; state: DISABLED
11-20 22:09:42.445  1776  5751 D CompatibilityChangeReporter: Compat change id reported: 135772972; UID 10036; state: DISABLED
11-20 22:09:42.445  1776  5751 D CompatibilityChangeReporter: Compat change id reported: 135754954; UID 10036; state: ENABLED
11-20 22:09:42.445  1776  2239 D CompatibilityChangeReporter: Compat change id reported: 143937733; UID 10036; state: ENABLED
11-20 22:09:42.459  1776  2239 I ActivityManager: Start proc 24583:com.android.musicfx/u0a36 for broadcast {com.android.musicfx/com.android.musicfx.ControlPanelReceiver}
11-20 22:09:42.476  1776  1776 D NotificationService: 0|com.github.kr328.clash|2131296553|null|10130: updating permissions
11-20 22:09:42.476  1776  1776 D NotificationService: 0|com.github.kr328.clash|2131296553|null|10130: updating permissions
11-20 22:09:42.476  1776  1776 D NotificationService: 0|com.github.kr328.clash|2131296553|null|10130: updating permissions
11-20 22:09:42.476  1776  1776 D NotificationService: 0|com.github.kr328.clash|2131296553|null|10130: updating permissions
11-20 22:09:42.476  1776  1776 D NotificationService: 0|com.github.kr328.clash|2131296553|null|10130: updating permissions
11-20 22:09:42.477  1776  1776 D NotificationService: 0|com.github.kr328.clash|2131296553|null|10130: updating permissions
11-20 22:09:42.477  1776  1776 D NotificationService: 0|com.github.kr328.clash|2131296553|null|10130: updating permissions
11-20 22:09:42.477  1776  1776 D NotificationService: 0|com.github.kr328.clash|2131296553|null|10130: updating permissions
11-20 22:09:42.502  1776  5736 I ActivityManager: Killing 22654:com.microsoft.office.officehubrow/u0a276 (adj 975): empty #33
11-20 22:09:42.654  1776  5751 D CompatibilityChangeReporter: Compat change id reported: 168419799; UID 10036; state: DISABLED
11-20 22:09:42.710  1776  7568 I ActivityManager: Killing 22941:com.mixplorer/u0a268 (adj 975): empty #33
11-20 22:09:42.728  1776  7607 D CompatibilityChangeReporter: Compat change id reported: 168419799; UID 10082; state: DISABLED
11-20 22:09:42.779  1776  7436 D CompatibilityChangeReporter: Compat change id reported: 168419799; UID 10288; state: DISABLED
11-20 22:09:42.826  1776  7568 D CompatibilityChangeReporter: Compat change id reported: 135634846; UID 10316; state: DISABLED
11-20 22:09:42.826  1776  7568 D CompatibilityChangeReporter: Compat change id reported: 177438394; UID 10316; state: DISABLED
11-20 22:09:42.826  1776  7568 D CompatibilityChangeReporter: Compat change id reported: 135772972; UID 10316; state: DISABLED
11-20 22:09:42.827  1776  7568 D CompatibilityChangeReporter: Compat change id reported: 135754954; UID 10316; state: ENABLED
11-20 22:09:42.827  1776  2239 D CompatibilityChangeReporter: Compat change id reported: 143937733; UID 10316; state: ENABLED
11-20 22:09:42.840  1776  2239 I ActivityManager: Start proc 24605:com.suda.yzune.wakeupschedule/u0a316 for broadcast {com.suda.yzune.wakeupschedule/com.suda.yzune.wakeupschedule.today_appwidget.TodayCourseAppWidget}
11-20 22:09:43.274  1776  5647 W ActivityManager: Foreground service started from background can not have location/camera/microphone access: service com.github.kr328.clash/.service.TunService
11-20 22:09:43.276  1776  1776 D NotificationService: EnqueueNotificationRunnable.run for: 0|com.github.kr328.clash|2131296553|null|10130
11-20 22:09:43.432  1776 14452 I ActivityManager: Killing 22997:com.readdle.spark/u0a243 (adj 975): empty #33
11-20 22:09:43.441  1776  5500 W ActivityManager: Unable to start service Intent { act=com.huawei.android.hms.CHANNEL_SERVICE pkg=com.huawei.hwid } U=0: not found
11-20 22:09:43.477  1776  1776 D NotificationService: 0|com.github.kr328.clash|2131296553|null|10130: updating permissions
11-20 22:09:43.477  1776  1776 D NotificationService: 0|com.github.kr328.clash|2131296553|null|10130: updating permissions
11-20 22:09:43.478  1776  1776 D NotificationService: 0|com.github.kr328.clash|2131296553|null|10130: updating permissions
11-20 22:09:43.478  1776  1776 D NotificationService: 0|com.github.kr328.clash|2131296553|null|10130: updating permissions
11-20 22:09:43.478  1776  1776 D NotificationService: 0|com.github.kr328.clash|2131296553|null|10130: updating permissions
11-20 22:09:43.478  1776  1776 D NotificationService: 0|com.github.kr328.clash|2131296553|null|10130: updating permissions
11-20 22:09:43.478  1776  1776 D NotificationService: 0|com.github.kr328.clash|2131296553|null|10130: updating permissions
11-20 22:09:43.478  1776  1776 D NotificationService: 0|com.github.kr328.clash|2131296553|null|10130: updating permissions
11-20 22:09:43.547  1776  5500 I ActivityManager: Killing 5051:com.android.permissioncontroller/u0a125 (adj 975): empty #33
11-20 22:09:43.554  1776  2033 W BroadcastQueue: Background execution not allowed: receiving Intent { act=com.google.android.location.internal.server.ACTION_RESTARTED flg=0x10 (has extras) } to com.google.android.gms/.chimera.GmsIntentOperationService$PersistentInternalReceiver
11-20 22:09:43.591  1776  3596 D CompatibilityChangeReporter: Compat change id reported: 135634846; UID 10071; state: DISABLED
11-20 22:09:43.591  1776  3596 D CompatibilityChangeReporter: Compat change id reported: 177438394; UID 10071; state: DISABLED
11-20 22:09:43.591  1776  3596 D CompatibilityChangeReporter: Compat change id reported: 135772972; UID 10071; state: DISABLED
11-20 22:09:43.591  1776  3596 D CompatibilityChangeReporter: Compat change id reported: 135754954; UID 10071; state: DISABLED
11-20 22:09:43.591  1776  2239 D CompatibilityChangeReporter: Compat change id reported: 143937733; UID 10071; state: DISABLED
11-20 22:09:43.605  1776  2239 I ActivityManager: Start proc 24664:com.android.hotwordenrollment.okgoogle/u0a71 for broadcast {com.android.hotwordenrollment.okgoogle/com.android.hotwordenrollment.okgoogle.EnrollmentDelegateReceiver}
11-20 22:09:43.781  1776 18255 D CompatibilityChangeReporter: Compat change id reported: 168419799; UID 10071; state: DISABLED
11-20 22:09:43.861  1776 18737 W VoiceInteractionManager: stopRecognition() called with a different callback thanstartRecognition()
11-20 22:09:43.862  1776 18737 W SoundTriggerHelper: No model exists for given keyphrase Id 100
11-20 22:09:43.862  6817  6817 W AlwaysOnHotwordDetector: stopRecognition() failed with error code -2147483648
11-20 22:09:43.863  1776  7568 W BroadcastQueue: Permission Denial: receiving Intent { act=android.intent.action.SERVICE_STATE flg=0x1000010 (has extras) } to com.android.cellbroadcastreceiver.module/com.android.cellbroadcastreceiver.CellBroadcastReceiver requires android.permission.READ_PHONE_STATE due to sender android (uid 1001)
11-20 22:09:43.864  1776  7568 I ActivityManager: Killing 20929:com.google.android.gms.ui/u0a84 (adj 975): empty #33
11-20 22:09:43.988  1776 18737 D CompatibilityChangeReporter: Compat change id reported: 157233955; UID 1000; state: ENABLED
11-20 22:09:44.105  1776 16950 W BroadcastQueue: Permission Denial: receiving Intent { act=android.intent.action.SERVICE_STATE flg=0x1000010 (has extras) } to com.android.cellbroadcastreceiver.module/com.android.cellbroadcastreceiver.CellBroadcastReceiver requires android.permission.READ_PHONE_STATE due to sender android (uid 1001)
11-20 22:09:44.119  1776  7679 W BroadcastQueue: Permission Denial: receiving Intent { act=android.intent.action.SERVICE_STATE flg=0x1000010 (has extras) } to com.android.cellbroadcastreceiver.module/com.android.cellbroadcastreceiver.CellBroadcastReceiver requires android.permission.READ_PHONE_STATE due to sender android (uid 1001)
11-20 22:09:44.189  1776 18255 D CompatibilityChangeReporter: Compat change id reported: 135634846; UID 10268; state: DISABLED
11-20 22:09:44.189  1776 18255 D CompatibilityChangeReporter: Compat change id reported: 177438394; UID 10268; state: DISABLED
11-20 22:09:44.189  1776 18255 D CompatibilityChangeReporter: Compat change id reported: 135772972; UID 10268; state: DISABLED
11-20 22:09:44.189  1776 18255 D CompatibilityChangeReporter: Compat change id reported: 135754954; UID 10268; state: DISABLED
11-20 22:09:44.190  1776  2239 D CompatibilityChangeReporter: Compat change id reported: 143937733; UID 10268; state: DISABLED
11-20 22:09:44.203  1776  2239 I ActivityManager: Start proc 24691:com.mixplorer/u0a268 for broadcast {com.mixplorer/com.mixplorer.BroadcastReceiver}
11-20 22:09:44.274  1776  7679 W ActivityManager: Foreground service started from background can not have location/camera/microphone access: service com.github.kr328.clash/.service.TunService
11-20 22:09:44.325  1776 18737 I SoundTriggerHelper: startRecognition successful.
11-20 22:09:44.331  1776  1776 W Looper  : Slow dispatch took 318ms main h=android.hardware.soundtrigger.SoundTriggerModule$EventHandlerDelegate$1 c=null m=3
11-20 22:09:44.331  1776  1776 W Looper  : Slow delivery took 252ms main h=com.android.server.job.controllers.ConnectivityController$CcHandler c=null m=0
11-20 22:09:44.335  1776  1776 D NotificationService: EnqueueNotificationRunnable.run for: 0|com.github.kr328.clash|2131296553|null|10130
11-20 22:09:44.336  1776  1776 D NotificationService: EnqueueNotificationRunnable.run for: 0|com.omarea.scene|256|null|10289
11-20 22:09:44.337  1776  1776 W Looper  : Drained
11-20 22:09:44.337  1776  1776 W ActivityManager: Receiver with filter android.content.IntentFilter@fbc1772 already registered for pid 1776, callerPackage is android
11-20 22:09:44.388  1776  3739 D CompatibilityChangeReporter: Compat change id reported: 168419799; UID 10268; state: DISABLED
11-20 22:09:44.537  1776  1776 D NotificationService: 0|com.github.kr328.clash|2131296553|null|10130: updating permissions
11-20 22:09:44.538  1776  1776 D NotificationService: 0|com.github.kr328.clash|2131296553|null|10130: updating permissions
11-20 22:09:44.538  1776  1776 D NotificationService: 0|com.github.kr328.clash|2131296553|null|10130: updating permissions
11-20 22:09:44.538  1776  1776 D NotificationService: 0|com.github.kr328.clash|2131296553|null|10130: updating permissions
11-20 22:09:44.538  1776  1776 D NotificationService: 0|com.github.kr328.clash|2131296553|null|10130: updating permissions
11-20 22:09:44.539  1776  1776 D NotificationService: 0|com.github.kr328.clash|2131296553|null|10130: updating permissions
11-20 22:09:44.539  1776  1776 D NotificationService: 0|com.github.kr328.clash|2131296553|null|10130: updating permissions
11-20 22:09:44.539  1776  1776 D NotificationService: 0|com.github.kr328.clash|2131296553|null|10130: updating permissions
11-20 22:09:44.539  1776  1776 D NotificationService: 0|com.omarea.scene|256|null|10289: updating permissions
11-20 22:09:44.539  1776  1776 D NotificationService: 0|com.omarea.scene|256|null|10289: updating permissions
11-20 22:09:44.539  1776  1776 D NotificationService: 0|com.omarea.scene|256|null|10289: updating permissions
11-20 22:09:44.539  1776  1776 D NotificationService: 0|com.omarea.scene|256|null|10289: updating permissions
11-20 22:09:44.539  1776  1776 D NotificationService: 0|com.omarea.scene|256|null|10289: updating permissions
11-20 22:09:44.540  1776  1776 D NotificationService: 0|com.omarea.scene|256|null|10289: updating permissions
11-20 22:09:44.540  1776  1776 D NotificationService: 0|com.omarea.scene|256|null|10289: updating permissions
11-20 22:09:44.540  1776  1776 D NotificationService: 0|com.omarea.scene|256|null|10289: updating permissions
11-20 22:09:44.841  1776 16950 I ActivityManager: Killing 23341:com.yxer.packageinstalles/u0a287 (adj 975): empty #33
11-20 22:09:44.841  1776 16950 I ActivityManager: Killing 23057:com.twitter.android/u0a304 (adj 915): empty #34
11-20 22:09:45.008  1776  5541 D CompatibilityChangeReporter: Compat change id reported: 135634846; UID 10287; state: DISABLED
11-20 22:09:45.008  1776  5541 D CompatibilityChangeReporter: Compat change id reported: 177438394; UID 10287; state: DISABLED
11-20 22:09:45.008  1776  5541 D CompatibilityChangeReporter: Compat change id reported: 135772972; UID 10287; state: DISABLED
11-20 22:09:45.010  1776  5541 D CompatibilityChangeReporter: Compat change id reported: 135754954; UID 10287; state: ENABLED
11-20 22:09:45.010  1776  2239 D CompatibilityChangeReporter: Compat change id reported: 143937733; UID 10287; state: ENABLED
11-20 22:09:45.023  1776  2239 I ActivityManager: Start proc 24726:com.yxer.packageinstalles/u0a287 for broadcast {com.yxer.packageinstalles/com.yxer.packageinstalles.Install.SessionApks.PackageManagerReceiver}
11-20 22:09:45.232  1776  7185 D CompatibilityChangeReporter: Compat change id reported: 168419799; UID 10287; state: DISABLED
11-20 22:09:45.275  1776  5541 W ActivityManager: Foreground service started from background can not have location/camera/microphone access: service com.github.kr328.clash/.service.TunService
11-20 22:09:45.276  1776  1776 D NotificationService: EnqueueNotificationRunnable.run for: 0|com.github.kr328.clash|2131296553|null|10130
11-20 22:09:45.355  1776 16950 I ActivityManager: Killing 23411:flar2.devcheck:Monitors/u0a245 (adj 975): empty #33
11-20 22:09:45.478  1776  1776 D NotificationService: 0|com.github.kr328.clash|2131296553|null|10130: updating permissions
11-20 22:09:45.478  1776  1776 D NotificationService: 0|com.github.kr328.clash|2131296553|null|10130: updating permissions
11-20 22:09:45.478  1776  1776 D NotificationService: 0|com.github.kr328.clash|2131296553|null|10130: updating permissions
11-20 22:09:45.478  1776  1776 D NotificationService: 0|com.github.kr328.clash|2131296553|null|10130: updating permissions
11-20 22:09:45.478  1776  1776 D NotificationService: 0|com.github.kr328.clash|2131296553|null|10130: updating permissions
11-20 22:09:45.478  1776  1776 D NotificationService: 0|com.github.kr328.clash|2131296553|null|10130: updating permissions
11-20 22:09:45.478  1776  1776 D NotificationService: 0|com.github.kr328.clash|2131296553|null|10130: updating permissions
11-20 22:09:45.478  1776  1776 D NotificationService: 0|com.github.kr328.clash|2131296553|null|10130: updating permissions
11-20 22:09:45.499  1776  6908 D CompatibilityChangeReporter: Compat change id reported: 168419799; UID 10327; state: DISABLED
11-20 22:09:45.520  1776  5541 W BroadcastQueue: Permission Denial: receiving Intent { act=android.intent.action.SERVICE_STATE flg=0x1000010 (has extras) } to com.android.cellbroadcastreceiver.module/com.android.cellbroadcastreceiver.CellBroadcastReceiver requires android.permission.READ_PHONE_STATE due to sender android (uid 1001)
11-20 22:09:45.568  1776  3731 I ActivityManager: Background started FGS: Allowed [callingPackage: com.google.android.apps.messaging; callingUid: 10081; uidState: BFGS; intent: Intent { cmp=com.google.android.apps.messaging/com.google.apps.tiktok.concurrent.InternalForegroundService (has extras) }; code:PROC_STATE_BFGS; tempAllowListReason:<null>; targetSdkVersion:31; callerTargetSdkVersion:31; startForegroundCount:0; bindFromPackage:null]
11-20 22:09:45.586  1776  3220 D CompatibilityChangeReporter: Compat change id reported: 135634846; UID 10096; state: DISABLED
11-20 22:09:45.586  1776  3220 D CompatibilityChangeReporter: Compat change id reported: 177438394; UID 10096; state: DISABLED
11-20 22:09:45.586  1776  3220 D CompatibilityChangeReporter: Compat change id reported: 135772972; UID 10096; state: DISABLED
11-20 22:09:45.587  1776  3220 D CompatibilityChangeReporter: Compat change id reported: 135754954; UID 10096; state: ENABLED
11-20 22:09:45.589  1776  3731 W ActivityManager: Foreground service started from background can not have location/camera/microphone access: service com.google.android.apps.messaging/com.google.apps.tiktok.concurrent.InternalForegroundService
11-20 22:09:45.593  1776  1776 D NotificationService: EnqueueNotificationRunnable.run for: 0|com.google.android.apps.messaging|174344743|null|10081
11-20 22:09:45.598  1776  2239 D CompatibilityChangeReporter: Compat change id reported: 143937733; UID 10096; state: ENABLED
11-20 22:09:45.611  1776  2239 I ActivityManager: Start proc 24749:com.android.chrome/u0a96 for broadcast {com.android.chrome/com.google.android.libraries.notifications.entrypoints.gcm.GcmBroadcastReceiver}
11-20 22:09:45.796  1776  1776 I NotificationService: Cannot find enqueued record for key: 0|com.google.android.apps.messaging|174344743|null|10081
11-20 22:09:46.223  1776  5642 W BroadcastQueue: Permission Denial: receiving Intent { act=android.intent.action.SERVICE_STATE flg=0x1000010 (has extras) } to com.android.cellbroadcastreceiver.module/com.android.cellbroadcastreceiver.CellBroadcastReceiver requires android.permission.READ_PHONE_STATE due to sender android (uid 1001)
11-20 22:09:46.226  1776  2238 W BroadcastQueue: Permission Denial: receiving Intent { act=android.intent.action.SERVICE_STATE flg=0x1000010 (has extras) } to com.android.cellbroadcastreceiver.module/com.android.cellbroadcastreceiver.CellBroadcastReceiver requires android.permission.READ_PHONE_STATE due to sender android (uid 1001)
11-20 22:09:46.227  1776  2238 W BroadcastQueue: Permission Denial: receiving Intent { act=android.intent.action.SERVICE_STATE flg=0x1000010 (has extras) } to com.android.cellbroadcastreceiver.module/com.android.cellbroadcastreceiver.CellBroadcastReceiver requires android.permission.READ_PHONE_STATE due to sender android (uid 1001)
11-20 22:09:46.236  1776  1776 D NotificationService: 0|com.github.kr328.clash|2131296555|null|10130: updating permissions
11-20 22:09:46.236  1776  1776 D NotificationService: 0|com.github.kr328.clash|2131296555|null|10130: destroying owner
11-20 22:09:46.249  1776  5541 W BroadcastQueue: Background execution not allowed: receiving Intent { act=android.intent.action.DROPBOX_ENTRY_ADDED flg=0x10 (has extras) } to com.google.android.gms/.stats.service.DropBoxEntryAddedReceiver
11-20 22:09:46.250  1776  2238 W BroadcastQueue: Background execution not allowed: receiving Intent { act=android.intent.action.DROPBOX_ENTRY_ADDED flg=0x10 (has extras) } to com.google.android.gms/.chimera.GmsIntentOperationService$PersistentTrustedReceiver
11-20 22:09:46.251  1776  3489 W BroadcastQueue: Permission Denial: receiving Intent { act=android.intent.action.SERVICE_STATE flg=0x1000010 (has extras) } to com.android.cellbroadcastreceiver.module/com.android.cellbroadcastreceiver.CellBroadcastReceiver requires android.permission.READ_PHONE_STATE due to sender android (uid 1001)
11-20 22:09:46.263  1776  7595 W BroadcastQueue: Background execution not allowed: receiving Intent { act=android.intent.action.DROPBOX_ENTRY_ADDED flg=0x10 (has extras) } to com.google.android.gms/.stats.service.DropBoxEntryAddedReceiver
11-20 22:09:46.266  1776  2238 W BroadcastQueue: Background execution not allowed: receiving Intent { act=android.intent.action.DROPBOX_ENTRY_ADDED flg=0x10 (has extras) } to com.google.android.gms/.chimera.GmsIntentOperationService$PersistentTrustedReceiver
11-20 22:09:46.266  1776  2238 W BroadcastQueue: Background execution not allowed: receiving Intent { act=android.intent.action.DROPBOX_ENTRY_ADDED flg=0x10 (has extras) } to com.google.android.gms/.stats.service.DropBoxEntryAddedReceiver
11-20 22:09:46.266  1776  2238 W BroadcastQueue: Background execution not allowed: receiving Intent { act=android.intent.action.DROPBOX_ENTRY_ADDED flg=0x10 (has extras) } to com.google.android.gms/.chimera.GmsIntentOperationService$PersistentTrustedReceiver
11-20 22:09:46.266  1776  2238 W BroadcastQueue: Background execution not allowed: receiving Intent { act=android.intent.action.DROPBOX_ENTRY_ADDED flg=0x10 (has extras) } to com.google.android.gms/.stats.service.DropBoxEntryAddedReceiver
11-20 22:09:46.266  1776  2238 W BroadcastQueue: Background execution not allowed: receiving Intent { act=android.intent.action.DROPBOX_ENTRY_ADDED flg=0x10 (has extras) } to com.google.android.gms/.chimera.GmsIntentOperationService$PersistentTrustedReceiver
11-20 22:09:46.270  1776  5642 W BroadcastQueue: Permission Denial: receiving Intent { act=android.intent.action.SERVICE_STATE flg=0x1000010 (has extras) } to com.android.cellbroadcastreceiver.module/com.android.cellbroadcastreceiver.CellBroadcastReceiver requires android.permission.READ_PHONE_STATE due to sender android (uid 1001)
11-20 22:09:46.275  1776  3489 W ActivityManager: Foreground service started from background can not have location/camera/microphone access: service com.github.kr328.clash/.service.TunService
11-20 22:09:46.278  1776  5541 D CompatibilityChangeReporter: Compat change id reported: 135634846; UID 10077; state: DISABLED
11-20 22:09:46.278  1776  5541 D CompatibilityChangeReporter: Compat change id reported: 177438394; UID 10077; state: DISABLED
11-20 22:09:46.278  1776  5541 D CompatibilityChangeReporter: Compat change id reported: 135772972; UID 10077; state: DISABLED
11-20 22:09:46.279  1776  5541 D CompatibilityChangeReporter: Compat change id reported: 135754954; UID 10077; state: ENABLED
11-20 22:09:46.293  1776  2239 D CompatibilityChangeReporter: Compat change id reported: 143937733; UID 10077; state: ENABLED
11-20 22:09:46.306  1776  2239 I ActivityManager: Start proc 24782:com.google.android.apps.wellbeing/u0a77 for broadcast {com.google.android.apps.wellbeing/com.google.android.apps.wellbeing.fences.screen.ScreenOnOffReceiver_Receiver}
11-20 22:09:46.307  1776  1776 D NotificationService: EnqueueNotificationRunnable.run for: 0|com.github.kr328.clash|2131296553|null|10130
11-20 22:09:46.440  1776  1776 D NotificationService: EnqueueNotificationRunnable.run for: 0|com.xiaomi.wearable|1001|null|10202
11-20 22:09:46.508  1776  1776 D NotificationService: 0|com.github.kr328.clash|2131296553|null|10130: updating permissions
